Archive member included to satisfy reference by file (symbol)

d:/gnu arm embedded toolchain10/10 2021.07/bin/../lib/gcc/arm-none-eabi/10.3.1/../../../../arm-none-eabi/lib/thumb/v7-m/nofp\libc.a(lib_a-exit.o)
                              d:/gnu arm embedded toolchain10/10 2021.07/bin/../lib/gcc/arm-none-eabi/10.3.1/../../../../arm-none-eabi/lib/thumb/v7-m/nofp/crt0.o (exit)
d:/gnu arm embedded toolchain10/10 2021.07/bin/../lib/gcc/arm-none-eabi/10.3.1/../../../../arm-none-eabi/lib/thumb/v7-m/nofp\libc.a(lib_a-impure.o)
                              d:/gnu arm embedded toolchain10/10 2021.07/bin/../lib/gcc/arm-none-eabi/10.3.1/../../../../arm-none-eabi/lib/thumb/v7-m/nofp\libc.a(lib_a-exit.o) (_global_impure_ptr)
d:/gnu arm embedded toolchain10/10 2021.07/bin/../lib/gcc/arm-none-eabi/10.3.1/../../../../arm-none-eabi/lib/thumb/v7-m/nofp\libc.a(lib_a-init.o)
                              d:/gnu arm embedded toolchain10/10 2021.07/bin/../lib/gcc/arm-none-eabi/10.3.1/../../../../arm-none-eabi/lib/thumb/v7-m/nofp/crt0.o (__libc_init_array)
d:/gnu arm embedded toolchain10/10 2021.07/bin/../lib/gcc/arm-none-eabi/10.3.1/../../../../arm-none-eabi/lib/thumb/v7-m/nofp\libc.a(lib_a-memcpy.o)
                              build/zigbee.o (memcpy)
d:/gnu arm embedded toolchain10/10 2021.07/bin/../lib/gcc/arm-none-eabi/10.3.1/../../../../arm-none-eabi/lib/thumb/v7-m/nofp\libc.a(lib_a-memset.o)
                              d:/gnu arm embedded toolchain10/10 2021.07/bin/../lib/gcc/arm-none-eabi/10.3.1/../../../../arm-none-eabi/lib/thumb/v7-m/nofp/crt0.o (memset)
d:/gnu arm embedded toolchain10/10 2021.07/bin/../lib/gcc/arm-none-eabi/10.3.1/../../../../arm-none-eabi/lib/thumb/v7-m/nofp\libc.a(lib_a-strlen-stub.o)
                              build/usart.o (strlen)
d:/gnu arm embedded toolchain10/10 2021.07/bin/../lib/gcc/arm-none-eabi/10.3.1/../../../../arm-none-eabi/lib/thumb/v7-m/nofp\libc.a(lib_a-vsprintf.o)
                              build/usart.o (vsprintf)
d:/gnu arm embedded toolchain10/10 2021.07/bin/../lib/gcc/arm-none-eabi/10.3.1/../../../../arm-none-eabi/lib/thumb/v7-m/nofp\libc.a(lib_a-__call_atexit.o)
                              d:/gnu arm embedded toolchain10/10 2021.07/bin/../lib/gcc/arm-none-eabi/10.3.1/../../../../arm-none-eabi/lib/thumb/v7-m/nofp\libc.a(lib_a-exit.o) (__call_exitprocs)
d:/gnu arm embedded toolchain10/10 2021.07/bin/../lib/gcc/arm-none-eabi/10.3.1/../../../../arm-none-eabi/lib/thumb/v7-m/nofp\libc.a(lib_a-atexit.o)
                              d:/gnu arm embedded toolchain10/10 2021.07/bin/../lib/gcc/arm-none-eabi/10.3.1/../../../../arm-none-eabi/lib/thumb/v7-m/nofp\libc.a(lib_a-__call_atexit.o) (atexit)
d:/gnu arm embedded toolchain10/10 2021.07/bin/../lib/gcc/arm-none-eabi/10.3.1/../../../../arm-none-eabi/lib/thumb/v7-m/nofp\libc.a(lib_a-fini.o)
                              d:/gnu arm embedded toolchain10/10 2021.07/bin/../lib/gcc/arm-none-eabi/10.3.1/../../../../arm-none-eabi/lib/thumb/v7-m/nofp\libc.a(lib_a-__call_atexit.o) (__libc_fini_array)
d:/gnu arm embedded toolchain10/10 2021.07/bin/../lib/gcc/arm-none-eabi/10.3.1/../../../../arm-none-eabi/lib/thumb/v7-m/nofp\libc.a(lib_a-lock.o)
                              d:/gnu arm embedded toolchain10/10 2021.07/bin/../lib/gcc/arm-none-eabi/10.3.1/../../../../arm-none-eabi/lib/thumb/v7-m/nofp\libc.a(lib_a-__call_atexit.o) (__retarget_lock_acquire_recursive)
d:/gnu arm embedded toolchain10/10 2021.07/bin/../lib/gcc/arm-none-eabi/10.3.1/../../../../arm-none-eabi/lib/thumb/v7-m/nofp\libc.a(lib_a-svfprintf.o)
                              d:/gnu arm embedded toolchain10/10 2021.07/bin/../lib/gcc/arm-none-eabi/10.3.1/../../../../arm-none-eabi/lib/thumb/v7-m/nofp\libc.a(lib_a-vsprintf.o) (_svfprintf_r)
d:/gnu arm embedded toolchain10/10 2021.07/bin/../lib/gcc/arm-none-eabi/10.3.1/../../../../arm-none-eabi/lib/thumb/v7-m/nofp\libc.a(lib_a-__atexit.o)
                              d:/gnu arm embedded toolchain10/10 2021.07/bin/../lib/gcc/arm-none-eabi/10.3.1/../../../../arm-none-eabi/lib/thumb/v7-m/nofp\libc.a(lib_a-atexit.o) (__register_exitproc)
d:/gnu arm embedded toolchain10/10 2021.07/bin/../lib/gcc/arm-none-eabi/10.3.1/../../../../arm-none-eabi/lib/thumb/v7-m/nofp\libc.a(lib_a-dtoa.o)
                              d:/gnu arm embedded toolchain10/10 2021.07/bin/../lib/gcc/arm-none-eabi/10.3.1/../../../../arm-none-eabi/lib/thumb/v7-m/nofp\libc.a(lib_a-svfprintf.o) (_dtoa_r)
d:/gnu arm embedded toolchain10/10 2021.07/bin/../lib/gcc/arm-none-eabi/10.3.1/../../../../arm-none-eabi/lib/thumb/v7-m/nofp\libc.a(lib_a-freer.o)
                              d:/gnu arm embedded toolchain10/10 2021.07/bin/../lib/gcc/arm-none-eabi/10.3.1/../../../../arm-none-eabi/lib/thumb/v7-m/nofp\libc.a(lib_a-svfprintf.o) (_free_r)
d:/gnu arm embedded toolchain10/10 2021.07/bin/../lib/gcc/arm-none-eabi/10.3.1/../../../../arm-none-eabi/lib/thumb/v7-m/nofp\libc.a(lib_a-localeconv.o)
[...]
Memory Configuration

Name             Origin             Length             Attributes
RAM              0x20000000         0x0000c000         xrw
FLASH            0x08000000         0x00040000         xr
*default*        0x00000000         0xffffffff

Linker script and memory map

LOAD d:/gnu arm embedded toolchain10/10 2021.07/bin/../lib/gcc/arm-none-eabi/10.3.1/thumb/v7-m/nofp/crti.o
LOAD d:/gnu arm embedded toolchain10/10 2021.07/bin/../lib/gcc/arm-none-eabi/10.3.1/thumb/v7-m/nofp/crtbegin.o
LOAD d:/gnu arm embedded toolchain10/10 2021.07/bin/../lib/gcc/arm-none-eabi/10.3.1/../../../../arm-none-eabi/lib/thumb/v7-m/nofp/crt0.o
LOAD build/main.o
LOAD build/gpio.o
LOAD build/delay.o
LOAD build/stm32f1xx_it.o
LOAD build/stm32f1xx_hal_msp.o
LOAD build/stm32f1xx_hal_gpio_ex.o
LOAD build/stm32f1xx_hal_tim.o
LOAD build/stm32f1xx_hal_tim_ex.o
LOAD build/stm32f1xx_hal.o
LOAD build/stm32f1xx_hal_rcc.o
LOAD build/stm32f1xx_hal_rcc_ex.o
LOAD build/stm32f1xx_hal_gpio.o
LOAD build/stm32f1xx_hal_dma.o
LOAD build/stm32f1xx_hal_cortex.o
LOAD build/stm32f1xx_hal_pwr.o
LOAD build/stm32f1xx_hal_flash.o
LOAD build/stm32f1xx_hal_flash_ex.o
LOAD build/stm32f1xx_hal_exti.o
LOAD build/system_stm32f1xx.o
LOAD build/tim.o
LOAD build/usart.o
LOAD build/stm32f1xx_hal_uart.o
LOAD build/dma.o
LOAD build/jy62.o
LOAD build/zigbee.o
LOAD build/startup_stm32f103xe.o
LOAD d:/gnu arm embedded toolchain10/10 2021.07/bin/../lib/gcc/arm-none-eabi/10.3.1/../../../../arm-none-eabi/lib/thumb/v7-m/nofp\libc.a
LOAD d:/gnu arm embedded toolchain10/10 2021.07/bin/../lib/gcc/arm-none-eabi/10.3.1/../../../../arm-none-eabi/lib/thumb/v7-m/nofp\libm.a
LOAD d:/gnu arm embedded toolchain10/10 2021.07/bin/../lib/gcc/arm-none-eabi/10.3.1/../../../../arm-none-eabi/lib/thumb/v7-m/nofp\libnosys.a
START GROUP
LOAD d:/gnu arm embedded toolchain10/10 2021.07/bin/../lib/gcc/arm-none-eabi/10.3.1/thumb/v7-m/nofp\libgcc.a
LOAD d:/gnu arm embedded toolchain10/10 2021.07/bin/../lib/gcc/arm-none-eabi/10.3.1/../../../../arm-none-eabi/lib/thumb/v7-m/nofp\libc.a
END GROUP
START GROUP
LOAD d:/gnu arm embedded toolchain10/10 2021.07/bin/../lib/gcc/arm-none-eabi/10.3.1/thumb/v7-m/nofp\libgcc.a
LOAD d:/gnu arm embedded toolchain10/10 2021.07/bin/../lib/gcc/arm-none-eabi/10.3.1/../../../../arm-none-eabi/lib/thumb/v7-m/nofp\libc.a
LOAD d:/gnu arm embedded toolchain10/10 2021.07/bin/../lib/gcc/arm-none-eabi/10.3.1/../../../../arm-none-eabi/lib/thumb/v7-m/nofp\libnosys.a
END GROUP
LOAD d:/gnu arm embedded toolchain10/10 2021.07/bin/../lib/gcc/arm-none-eabi/10.3.1/thumb/v7-m/nofp/crtend.o
LOAD d:/gnu arm embedded toolchain10/10 2021.07/bin/../lib/gcc/arm-none-eabi/10.3.1/thumb/v7-m/nofp/crtn.o
                0x2000c000                _estack = 0x2000c000
                0x00000200                _Min_Heap_Size = 0x200
                0x00000400                _Min_Stack_Size = 0x400

.isr_vector     0x08000000      0x1e4
                0x08000000                . = ALIGN (0x4)
 *(.isr_vector)
 .isr_vector    0x08000000      0x1e4 build/startup_stm32f103xe.o
                0x08000000                g_pfnVectors
                0x080001e4                . = ALIGN (0x4)

.text           0x080001e8     0xa900
                0x080001e8                . = ALIGN (0x4)
 *(.text)
 .text          0x080001e8       0x40 d:/gnu arm embedded toolchain10/10 2021.07/bin/../lib/gcc/arm-none-eabi/10.3.1/thumb/v7-m/nofp/crtbegin.o
 .text          0x08000228       0xec d:/gnu arm embedded toolchain10/10 2021.07/bin/../lib/gcc/arm-none-eabi/10.3.1/../../../../arm-none-eabi/lib/thumb/v7-m/nofp\libc.a(lib_a-memcpy.o)
                0x08000228                memcpy
 .text          0x08000314      0x378 d:/gnu arm embedded toolchain10/10 2021.07/bin/../lib/gcc/arm-none-eabi/10.3.1/thumb/v7-m/nofp\libgcc.a(_arm_addsubdf3.o)
                0x08000314                __aeabi_drsub
                0x0800031c                __aeabi_dsub
                0x0800031c                __subdf3
                0x08000320                __aeabi_dadd
                0x08000320                __adddf3
                0x08000598                __floatunsidf
                0x08000598                __aeabi_ui2d
                0x080005b8                __floatsidf
                0x080005b8                __aeabi_i2d
                0x080005dc                __aeabi_f2d
                0x080005dc                __extendsfdf2
                0x08000620                __floatundidf
                0x08000620                __aeabi_ul2d
                0x08000630                __floatdidf
                0x08000630                __aeabi_l2d
 .text          0x0800068c      0x424 d:/gnu arm embedded toolchain10/10 2021.07/bin/../lib/gcc/arm-none-eabi/10.3.1/thumb/v7-m/nofp\libgcc.a(_arm_muldivdf3.o)
                0x0800068c                __aeabi_dmul
                0x0800068c                __muldf3
                0x080008e0                __divdf3
                0x080008e0                __aeabi_ddiv
 .text          0x08000ab0      0x110 d:/gnu arm embedded toolchain10/10 2021.07/bin/../lib/gcc/arm-none-eabi/10.3.1/thumb/v7-m/nofp\libgcc.a(_arm_cmpdf2.o)
                0x08000ab0                __gtdf2
                0x08000ab0                __gedf2
                0x08000ab8                __ltdf2
                0x08000ab8                __ledf2
                0x08000ac0                __nedf2
                0x08000ac0                __eqdf2
                0x08000ac0                __cmpdf2
                0x08000b3c                __aeabi_cdrcmple
                0x08000b4c                __aeabi_cdcmpeq
                0x08000b4c                __aeabi_cdcmple
                0x08000b5c                __aeabi_dcmpeq
                0x08000b70                __aeabi_dcmplt
                0x08000b84                __aeabi_dcmple
                0x08000b98                __aeabi_dcmpge
                0x08000bac                __aeabi_dcmpgt
 .text          0x08000bc0       0x2c d:/gnu arm embedded toolchain10/10 2021.07/bin/../lib/gcc/arm-none-eabi/10.3.1/thumb/v7-m/nofp\libgcc.a(_arm_unorddf2.o)
                0x08000bc0                __unorddf2
                0x08000bc0                __aeabi_dcmpun
 .text          0x08000bec       0x50 d:/gnu arm embedded toolchain10/10 2021.07/bin/../lib/gcc/arm-none-eabi/10.3.1/thumb/v7-m/nofp\libgcc.a(_arm_fixdfsi.o)
                0x08000bec                __aeabi_d2iz
                0x08000bec                __fixdfsi
 .text          0x08000c3c       0xa0 d:/gnu arm embedded toolchain10/10 2021.07/bin/../lib/gcc/arm-none-eabi/10.3.1/thumb/v7-m/nofp\libgcc.a(_arm_truncdfsf2.o)
                0x08000c3c                __truncdfsf2
                0x08000c3c                __aeabi_d2f
 .text          0x08000cdc      0x21c d:/gnu arm embedded toolchain10/10 2021.07/bin/../lib/gcc/arm-none-eabi/10.3.1/thumb/v7-m/nofp\libgcc.a(_arm_addsubsf3.o)
                0x08000cdc                __aeabi_frsub
                0x08000ce4                __subsf3
                0x08000ce4                __aeabi_fsub
                0x08000ce8                __aeabi_fadd
                0x08000ce8                __addsf3
                0x08000e48                __aeabi_ui2f
                0x08000e48                __floatunsisf
                0x08000e50                __aeabi_i2f
                0x08000e50                __floatsisf
                0x08000e6c                __aeabi_ul2f
                0x08000e6c                __floatundisf
                0x08000e7c                __aeabi_l2f
                0x08000e7c                __floatdisf
 .text          0x08000ef8      0x2a0 d:/gnu arm embedded toolchain10/10 2021.07/bin/../lib/gcc/arm-none-eabi/10.3.1/thumb/v7-m/nofp\libgcc.a(_arm_muldivsf3.o)
                0x08000ef8                __mulsf3
                0x08000ef8                __aeabi_fmul
                0x08001060                __aeabi_fdiv
                0x08001060                __divsf3
 .text          0x08001198       0xec d:/gnu arm embedded toolchain10/10 2021.07/bin/../lib/gcc/arm-none-eabi/10.3.1/thumb/v7-m/nofp\libgcc.a(_arm_cmpsf2.o)
                0x08001198                __gesf2
                0x08001198                __gtsf2
                0x080011a0                __lesf2
                0x080011a0                __ltsf2
                0x080011a8                __nesf2
                0x080011a8                __eqsf2
                0x080011a8                __cmpsf2
                0x08001208                __aeabi_cfrcmple
                0x08001210                __aeabi_cfcmpeq
                0x08001210                __aeabi_cfcmple
                0x08001220                __aeabi_fcmpeq
                0x08001234                __aeabi_fcmplt
                0x08001248                __aeabi_fcmple
                0x0800125c                __aeabi_fcmpge
                0x08001270                __aeabi_fcmpgt
 .text          0x08001284       0x4c d:/gnu arm embedded toolchain10/10 2021.07/bin/../lib/gcc/arm-none-eabi/10.3.1/thumb/v7-m/nofp\libgcc.a(_arm_fixsfsi.o)
                0x08001284                __aeabi_f2iz
                0x08001284                __fixsfsi
 .text          0x080012d0       0x30 d:/gnu arm embedded toolchain10/10 2021.07/bin/../lib/gcc/arm-none-eabi/10.3.1/thumb/v7-m/nofp\libgcc.a(_aeabi_uldivmod.o)
                0x080012d0                __aeabi_uldivmod
 .text          0x08001300      0x2d4 d:/gnu arm embedded toolchain10/10 2021.07/bin/../lib/gcc/arm-none-eabi/10.3.1/thumb/v7-m/nofp\libgcc.a(_udivmoddi4.o)
                0x08001300                __udivmoddi4
 .text          0x080015d4        0x4 d:/gnu arm embedded toolchain10/10 2021.07/bin/../lib/gcc/arm-none-eabi/10.3.1/thumb/v7-m/nofp\libgcc.a(_dvmd_tls.o)
                0x080015d4                __aeabi_idiv0
                0x080015d4                __aeabi_ldiv0
 *(.text*)
 .text.PID      0x080015d8       0xd0 build/main.o
                0x080015d8                PID
 .text.Calibrate_Angle
                0x080016a8       0xe0 build/main.o
                0x080016a8                Calibrate_Angle
 .text.HAL_TIM_PeriodElapsedCallback
                0x08001788      0x188 build/main.o
                0x08001788                HAL_TIM_PeriodElapsedCallback
 .text.Error_Handler
                0x08001910        0x4 build/main.o
                0x08001910                Error_Handler
 .text.SystemClock_Config
                0x08001914       0x64 build/main.o
                0x08001914                SystemClock_Config
 .text.main     0x08001978       0xfc build/main.o
                0x08001978                main
 .text.MX_GPIO_Init
                0x08001a74      0x104 build/gpio.o
                0x08001a74                MX_GPIO_Init
 .text.HAL_Delay
                0x08001b78       0x16 build/delay.o
                0x08001b78                HAL_Delay
 .text.NMI_Handler
                0x08001b8e        0x2 build/stm32f1xx_it.o
                0x08001b8e                NMI_Handler
 .text.HardFault_Handler
                0x08001b90        0x2 build/stm32f1xx_it.o
                0x08001b90                HardFault_Handler
 .text.MemManage_Handler
                0x08001b92        0x2 build/stm32f1xx_it.o
                0x08001b92                MemManage_Handler
 .text.BusFault_Handler
                0x08001b94        0x2 build/stm32f1xx_it.o
                0x08001b94                BusFault_Handler
 .text.UsageFault_Handler
                0x08001b96        0x2 build/stm32f1xx_it.o
                0x08001b96                UsageFault_Handler
 .text.SVC_Handler
                0x08001b98        0x2 build/stm32f1xx_it.o
                0x08001b98                SVC_Handler
 .text.DebugMon_Handler
                0x08001b9a        0x2 build/stm32f1xx_it.o
                0x08001b9a                DebugMon_Handler
 .text.PendSV_Handler
                0x08001b9c        0x2 build/stm32f1xx_it.o
                0x08001b9c                PendSV_Handler
 .text.SysTick_Handler
                0x08001b9e        0x8 build/stm32f1xx_it.o
                0x08001b9e                SysTick_Handler
 *fill*         0x08001ba6        0x2 
 .text.DMA1_Channel3_IRQHandler
                0x08001ba8       0x10 build/stm32f1xx_it.o
                0x08001ba8                DMA1_Channel3_IRQHandler
 .text.DMA1_Channel6_IRQHandler
                0x08001bb8       0x10 build/stm32f1xx_it.o
                0x08001bb8                DMA1_Channel6_IRQHandler
 .text.TIM2_IRQHandler
                0x08001bc8       0x10 build/stm32f1xx_it.o
                0x08001bc8                TIM2_IRQHandler
 .text.USART2_IRQHandler
                0x08001bd8       0x10 build/stm32f1xx_it.o
                0x08001bd8                USART2_IRQHandler
 .text.USART3_IRQHandler
                0x08001be8       0x18 build/stm32f1xx_it.o
                0x08001be8                USART3_IRQHandler
 .text.HAL_MspInit
                0x08001c00       0x44 build/stm32f1xx_hal_msp.o
                0x08001c00                HAL_MspInit
 .text.TIM_OC1_SetConfig
                0x08001c44       0x68 build/stm32f1xx_hal_tim.o
 .text.TIM_OC3_SetConfig
                0x08001cac       0x70 build/stm32f1xx_hal_tim.o
 .text.TIM_OC4_SetConfig
                0x08001d1c       0x50 build/stm32f1xx_hal_tim.o
 .text.TIM_TI1_ConfigInputStage
                0x08001d6c       0x24 build/stm32f1xx_hal_tim.o
 .text.TIM_TI2_ConfigInputStage
                0x08001d90       0x26 build/stm32f1xx_hal_tim.o
 .text.TIM_ITRx_SetConfig
                0x08001db6       0x10 build/stm32f1xx_hal_tim.o
 *fill*         0x08001dc6        0x2 
 .text.HAL_TIM_Base_Start_IT
                0x08001dc8       0x78 build/stm32f1xx_hal_tim.o
                0x08001dc8                HAL_TIM_Base_Start_IT
 .text.HAL_TIM_PWM_MspInit
                0x08001e40        0x2 build/stm32f1xx_hal_tim.o
                0x08001e40                HAL_TIM_PWM_MspInit
 .text.HAL_TIM_OC_DelayElapsedCallback
                0x08001e42        0x2 build/stm32f1xx_hal_tim.o
                0x08001e42                HAL_TIM_OC_DelayElapsedCallback
 .text.HAL_TIM_IC_CaptureCallback
                0x08001e44        0x2 build/stm32f1xx_hal_tim.o
                0x08001e44                HAL_TIM_IC_CaptureCallback
 .text.HAL_TIM_PWM_PulseFinishedCallback
                0x08001e46        0x2 build/stm32f1xx_hal_tim.o
                0x08001e46                HAL_TIM_PWM_PulseFinishedCallback
 .text.HAL_TIM_TriggerCallback
                0x08001e48        0x2 build/stm32f1xx_hal_tim.o
                0x08001e48                HAL_TIM_TriggerCallback
 .text.HAL_TIM_IRQHandler
                0x08001e4a      0x17a build/stm32f1xx_hal_tim.o
                0x08001e4a                HAL_TIM_IRQHandler
 .text.TIM_Base_SetConfig
                0x08001fc4       0x98 build/stm32f1xx_hal_tim.o
                0x08001fc4                TIM_Base_SetConfig
 .text.HAL_TIM_Base_Init
                0x0800205c       0x58 build/stm32f1xx_hal_tim.o
                0x0800205c                HAL_TIM_Base_Init
 .text.HAL_TIM_PWM_Init
                0x080020b4       0x58 build/stm32f1xx_hal_tim.o
                0x080020b4                HAL_TIM_PWM_Init
 .text.HAL_TIM_Encoder_Init
                0x0800210c       0xb8 build/stm32f1xx_hal_tim.o
                0x0800210c                HAL_TIM_Encoder_Init
 .text.TIM_OC2_SetConfig
                0x080021c4       0x70 build/stm32f1xx_hal_tim.o
                0x080021c4                TIM_OC2_SetConfig
 .text.HAL_TIM_PWM_ConfigChannel
                0x08002234       0xd0 build/stm32f1xx_hal_tim.o
                0x08002234                HAL_TIM_PWM_ConfigChannel
 .text.TIM_ETR_SetConfig
                0x08002304       0x18 build/stm32f1xx_hal_tim.o
                0x08002304                TIM_ETR_SetConfig
 .text.HAL_TIM_ConfigClockSource
                0x0800231c       0xda build/stm32f1xx_hal_tim.o
                0x0800231c                HAL_TIM_ConfigClockSource
 .text.TIM_CCxChannelCmd
                0x080023f6       0x1e build/stm32f1xx_hal_tim.o
                0x080023f6                TIM_CCxChannelCmd
 .text.HAL_TIM_PWM_Start
                0x08002414       0xf4 build/stm32f1xx_hal_tim.o
                0x08002414                HAL_TIM_PWM_Start
 .text.HAL_TIM_Encoder_Start
                0x08002508       0xcc build/stm32f1xx_hal_tim.o
                0x08002508                HAL_TIM_Encoder_Start
 .text.HAL_TIMEx_MasterConfigSynchronization
                0x080025d4       0x7c build/stm32f1xx_hal_tim_ex.o
                0x080025d4                HAL_TIMEx_MasterConfigSynchronization
 .text.HAL_TIMEx_ConfigBreakDeadTime
                0x08002650       0x52 build/stm32f1xx_hal_tim_ex.o
                0x08002650                HAL_TIMEx_ConfigBreakDeadTime
 .text.HAL_TIMEx_CommutCallback
                0x080026a2        0x2 build/stm32f1xx_hal_tim_ex.o
                0x080026a2                HAL_TIMEx_CommutCallback
 .text.HAL_TIMEx_BreakCallback
                0x080026a4        0x2 build/stm32f1xx_hal_tim_ex.o
                0x080026a4                HAL_TIMEx_BreakCallback
 *fill*         0x080026a6        0x2 
 .text.HAL_InitTick
                0x080026a8       0x4c build/stm32f1xx_hal.o
                0x080026a8                HAL_InitTick
 .text.HAL_Init
                0x080026f4       0x24 build/stm32f1xx_hal.o
                0x080026f4                HAL_Init
 .text.HAL_IncTick
                0x08002718       0x18 build/stm32f1xx_hal.o
                0x08002718                HAL_IncTick
 .text.HAL_GetTick
                0x08002730        0xc build/stm32f1xx_hal.o
                0x08002730                HAL_GetTick
 .text.RCC_Delay
                0x0800273c       0x2c build/stm32f1xx_hal_rcc.o
 .text.HAL_RCC_OscConfig
                0x08002768      0x410 build/stm32f1xx_hal_rcc.o
                0x08002768                HAL_RCC_OscConfig
 .text.HAL_RCC_GetSysClockFreq
                0x08002b78       0x70 build/stm32f1xx_hal_rcc.o
                0x08002b78                HAL_RCC_GetSysClockFreq
 .text.HAL_RCC_ClockConfig
                0x08002be8      0x16c build/stm32f1xx_hal_rcc.o
                0x08002be8                HAL_RCC_ClockConfig
 .text.HAL_RCC_GetHCLKFreq
                0x08002d54        0xc build/stm32f1xx_hal_rcc.o
                0x08002d54                HAL_RCC_GetHCLKFreq
 .text.HAL_RCC_GetPCLK1Freq
                0x08002d60       0x20 build/stm32f1xx_hal_rcc.o
                0x08002d60                HAL_RCC_GetPCLK1Freq
 .text.HAL_RCC_GetPCLK2Freq
                0x08002d80       0x20 build/stm32f1xx_hal_rcc.o
                0x08002d80                HAL_RCC_GetPCLK2Freq
 .text.HAL_GPIO_Init
                0x08002da0      0x240 build/stm32f1xx_hal_gpio.o
                0x08002da0                HAL_GPIO_Init
 .text.HAL_GPIO_WritePin
                0x08002fe0        0xc build/stm32f1xx_hal_gpio.o
                0x08002fe0                HAL_GPIO_WritePin
 .text.DMA_SetConfig
                0x08002fec       0x2c build/stm32f1xx_hal_dma.o
 .text.HAL_DMA_Init
                0x08003018       0x98 build/stm32f1xx_hal_dma.o
                0x08003018                HAL_DMA_Init
 .text.HAL_DMA_Start_IT
                0x080030b0       0x74 build/stm32f1xx_hal_dma.o
                0x080030b0                HAL_DMA_Start_IT
 .text.HAL_DMA_Abort
                0x08003124       0x44 build/stm32f1xx_hal_dma.o
                0x08003124                HAL_DMA_Abort
 .text.HAL_DMA_Abort_IT
                0x08003168      0x168 build/stm32f1xx_hal_dma.o
                0x08003168                HAL_DMA_Abort_IT
 .text.HAL_DMA_IRQHandler
                0x080032d0      0x2ec build/stm32f1xx_hal_dma.o
                0x080032d0                HAL_DMA_IRQHandler
 .text.HAL_NVIC_SetPriorityGrouping
                0x080035bc       0x24 build/stm32f1xx_hal_cortex.o
                0x080035bc                HAL_NVIC_SetPriorityGrouping
 .text.HAL_NVIC_SetPriority
                0x080035e0       0x70 build/stm32f1xx_hal_cortex.o
                0x080035e0                HAL_NVIC_SetPriority
 .text.HAL_NVIC_EnableIRQ
                0x08003650       0x1c build/stm32f1xx_hal_cortex.o
                0x08003650                HAL_NVIC_EnableIRQ
 .text.HAL_SYSTICK_Config
                0x0800366c       0x28 build/stm32f1xx_hal_cortex.o
                0x0800366c                HAL_SYSTICK_Config
 .text.SystemInit
                0x08003694        0x2 build/system_stm32f1xx.o
                0x08003694                SystemInit
 *fill*         0x08003696        0x2 
 .text.MX_TIM2_Init
                0x08003698       0x6c build/tim.o
                0x08003698                MX_TIM2_Init
 .text.MX_TIM3_Init
                0x08003704       0x64 build/tim.o
                0x08003704                MX_TIM3_Init
 .text.MX_TIM4_Init
                0x08003768       0x64 build/tim.o
                0x08003768                MX_TIM4_Init
 .text.MX_TIM5_Init
                0x080037cc       0x64 build/tim.o
                0x080037cc                MX_TIM5_Init
 .text.MX_TIM8_Init
                0x08003830       0x64 build/tim.o
                0x08003830                MX_TIM8_Init
 .text.HAL_TIM_Base_MspInit
                0x08003894       0x60 build/tim.o
                0x08003894                HAL_TIM_Base_MspInit
 .text.HAL_TIM_Encoder_MspInit
                0x080038f4      0x120 build/tim.o
                0x080038f4                HAL_TIM_Encoder_MspInit
 .text.HAL_TIM_MspPostInit
                0x08003a14       0x50 build/tim.o
                0x08003a14                HAL_TIM_MspPostInit
 .text.MX_TIM1_Init
                0x08003a64      0x120 build/tim.o
                0x08003a64                MX_TIM1_Init
 .text.MX_USART2_UART_Init
                0x08003b84       0x34 build/usart.o
                0x08003b84                MX_USART2_UART_Init
 .text.MX_USART3_UART_Init
                0x08003bb8       0x34 build/usart.o
                0x08003bb8                MX_USART3_UART_Init
 .text.HAL_UART_MspInit
                0x08003bec      0x160 build/usart.o
                0x08003bec                HAL_UART_MspInit
 .text.u3_printf
                0x08003d4c       0x38 build/usart.o
                0x08003d4c                u3_printf
 .text.HAL_UART_RxCpltCallback
                0x08003d84       0x14 build/usart.o
                0x08003d84                HAL_UART_RxCpltCallback
 .text.USER_UART_IDLECallback
                0x08003d98       0x40 build/usart.o
                0x08003d98                USER_UART_IDLECallback
 .text.UART_EndTxTransfer
                0x08003dd8       0x12 build/stm32f1xx_hal_uart.o
 .text.UART_EndRxTransfer
                0x08003dea       0x32 build/stm32f1xx_hal_uart.o
 .text.UART_Transmit_IT
                0x08003e1c       0x60 build/stm32f1xx_hal_uart.o
 .text.UART_SetConfig
                0x08003e7c       0x94 build/stm32f1xx_hal_uart.o
 .text.UART_WaitOnFlagUntilTimeout
                0x08003f10       0x6c build/stm32f1xx_hal_uart.o
 .text.HAL_UART_Init
                0x08003f7c       0x5e build/stm32f1xx_hal_uart.o
                0x08003f7c                HAL_UART_Init
 .text.HAL_UART_Transmit
                0x08003fda       0xd8 build/stm32f1xx_hal_uart.o
                0x08003fda                HAL_UART_Transmit
 .text.HAL_UART_DMAStop
                0x080040b2       0x64 build/stm32f1xx_hal_uart.o
                0x080040b2                HAL_UART_DMAStop
 .text.HAL_UART_TxCpltCallback
                0x08004116        0x2 build/stm32f1xx_hal_uart.o
                0x08004116                HAL_UART_TxCpltCallback
 .text.UART_EndTransmit_IT
                0x08004118       0x1a build/stm32f1xx_hal_uart.o
 .text.HAL_UART_RxHalfCpltCallback
                0x08004132        0x2 build/stm32f1xx_hal_uart.o
                0x08004132                HAL_UART_RxHalfCpltCallback
 .text.HAL_UART_ErrorCallback
                0x08004134        0x2 build/stm32f1xx_hal_uart.o
                0x08004134                HAL_UART_ErrorCallback
 .text.UART_DMAError
                0x08004136       0x58 build/stm32f1xx_hal_uart.o
 .text.UART_DMAAbortOnError
                0x0800418e       0x10 build/stm32f1xx_hal_uart.o
 .text.HAL_UARTEx_RxEventCallback
                0x0800419e        0x2 build/stm32f1xx_hal_uart.o
                0x0800419e                HAL_UARTEx_RxEventCallback
 .text.UART_Receive_IT
                0x080041a0       0xd4 build/stm32f1xx_hal_uart.o
 .text.HAL_UART_IRQHandler
                0x08004274      0x204 build/stm32f1xx_hal_uart.o
                0x08004274                HAL_UART_IRQHandler
 .text.UART_DMARxHalfCplt
                0x08004478       0x1a build/stm32f1xx_hal_uart.o
 .text.UART_DMAReceiveCplt
                0x08004492       0x5e build/stm32f1xx_hal_uart.o
 .text.UART_Start_Receive_DMA
                0x080044f0       0x78 build/stm32f1xx_hal_uart.o
                0x080044f0                UART_Start_Receive_DMA
 .text.HAL_UART_Receive_DMA
                0x08004568       0x38 build/stm32f1xx_hal_uart.o
                0x08004568                HAL_UART_Receive_DMA
 .text.MX_DMA_Init
                0x080045a0       0x44 build/dma.o
                0x080045a0                MX_DMA_Init
 .text.jy62_Init
                0x080045e4       0x18 build/jy62.o
                0x080045e4                jy62_Init
 .text.GetYaw   0x080045fc        0xc build/jy62.o
                0x080045fc                GetYaw
 .text.DecodeAngle
                0x08004608       0x68 build/jy62.o
                0x08004608                DecodeAngle
 .text.DecodeAccelerate
                0x08004670       0xa8 build/jy62.o
                0x08004670                DecodeAccelerate
 .text.DecodeVelocity
                0x08004718       0x68 build/jy62.o
                0x08004718                DecodeVelocity
 .text.DecodeTemperature
                0x08004780       0x44 build/jy62.o
                0x08004780                DecodeTemperature
 .text.Decode   0x080047c4       0x30 build/jy62.o
                0x080047c4                Decode
 .text.jy62MessageRecord
                0x080047f4       0xf8 build/jy62.o
                0x080047f4                jy62MessageRecord
 .text.zigbee_Init
                0x080048ec       0x24 build/zigbee.o
                0x080048ec                zigbee_Init
 .text.zigbeeMessageRecord
                0x08004910       0xb4 build/zigbee.o
                0x08004910                zigbeeMessageRecord
 .text.getCarPosX
                0x080049c4        0xc build/zigbee.o
                0x080049c4                getCarPosX
 .text.getCarPosY
                0x080049d0        0xc build/zigbee.o
                0x080049d0                getCarPosY
 .text.Reset_Handler
                0x080049dc       0x48 build/startup_stm32f103xe.o
                0x080049dc                Reset_Handler
 .text.Default_Handler
                0x08004a24        0x2 build/startup_stm32f103xe.o
                0x08004a24                RTC_Alarm_IRQHandler
                0x08004a24                EXTI2_IRQHandler
                0x08004a24                TIM8_TRG_COM_IRQHandler
                0x08004a24                TIM8_CC_IRQHandler
                0x08004a24                TIM1_CC_IRQHandler
                0x08004a24                TIM6_IRQHandler
                0x08004a24                PVD_IRQHandler
                0x08004a24                SDIO_IRQHandler
                0x08004a24                EXTI3_IRQHandler
                0x08004a24                EXTI0_IRQHandler
                0x08004a24                I2C2_EV_IRQHandler
                0x08004a24                ADC1_2_IRQHandler
                0x08004a24                SPI1_IRQHandler
                0x08004a24                TAMPER_IRQHandler
                0x08004a24                TIM8_UP_IRQHandler
                0x08004a24                DMA2_Channel2_IRQHandler
                0x08004a24                DMA1_Channel4_IRQHandler
                0x08004a24                RTC_IRQHandler
                0x08004a24                DMA1_Channel7_IRQHandler
                0x08004a24                CAN1_RX1_IRQHandler
                0x08004a24                UART5_IRQHandler
                0x08004a24                ADC3_IRQHandler
                0x08004a24                TIM4_IRQHandler
                0x08004a24                DMA2_Channel1_IRQHandler
                0x08004a24                I2C1_EV_IRQHandler
                0x08004a24                UART4_IRQHandler
                0x08004a24                TIM3_IRQHandler
                0x08004a24                RCC_IRQHandler
                0x08004a24                TIM1_TRG_COM_IRQHandler
                0x08004a24                DMA1_Channel1_IRQHandler
                0x08004a24                Default_Handler
                0x08004a24                EXTI15_10_IRQHandler
                0x08004a24                TIM7_IRQHandler
                0x08004a24                TIM5_IRQHandler
                0x08004a24                EXTI9_5_IRQHandler
                0x08004a24                SPI2_IRQHandler
                0x08004a24                DMA1_Channel5_IRQHandler
                0x08004a24                EXTI4_IRQHandler
                0x08004a24                USB_LP_CAN1_RX0_IRQHandler
                0x08004a24                USB_HP_CAN1_TX_IRQHandler
                0x08004a24                FSMC_IRQHandler
                0x08004a24                TIM1_UP_IRQHandler
                0x08004a24                WWDG_IRQHandler
                0x08004a24                TIM1_BRK_IRQHandler
                0x08004a24                EXTI1_IRQHandler
                0x08004a24                DMA2_Channel4_5_IRQHandler
                0x08004a24                I2C2_ER_IRQHandler
                0x08004a24                DMA1_Channel2_IRQHandler
                0x08004a24                TIM8_BRK_IRQHandler
                0x08004a24                CAN1_SCE_IRQHandler
                0x08004a24                FLASH_IRQHandler
                0x08004a24                USART1_IRQHandler
                0x08004a24                SPI3_IRQHandler
                0x08004a24                I2C1_ER_IRQHandler
                0x08004a24                USBWakeUp_IRQHandler
                0x08004a24                DMA2_Channel3_IRQHandler
 *fill*         0x08004a26        0x2 
 .text.__libc_init_array
                0x08004a28       0x48 d:/gnu arm embedded toolchain10/10 2021.07/bin/../lib/gcc/arm-none-eabi/10.3.1/../../../../arm-none-eabi/lib/thumb/v7-m/nofp\libc.a(lib_a-init.o)
                0x08004a28                __libc_init_array
 .text.memset   0x08004a70       0xa4 d:/gnu arm embedded toolchain10/10 2021.07/bin/../lib/gcc/arm-none-eabi/10.3.1/../../../../arm-none-eabi/lib/thumb/v7-m/nofp\libc.a(lib_a-memset.o)
                0x08004a70                memset
 .text.strlen   0x08004b14       0x5c d:/gnu arm embedded toolchain10/10 2021.07/bin/../lib/gcc/arm-none-eabi/10.3.1/../../../../arm-none-eabi/lib/thumb/v7-m/nofp\libc.a(lib_a-strlen-stub.o)
                0x08004b14                strlen
 .text.vsprintf
                0x08004b70       0x38 d:/gnu arm embedded toolchain10/10 2021.07/bin/../lib/gcc/arm-none-eabi/10.3.1/../../../../arm-none-eabi/lib/thumb/v7-m/nofp\libc.a(lib_a-vsprintf.o)
                0x08004b70                vsprintf
 .text.startup.register_fini
                0x08004ba8       0x14 d:/gnu arm embedded toolchain10/10 2021.07/bin/../lib/gcc/arm-none-eabi/10.3.1/../../../../arm-none-eabi/lib/thumb/v7-m/nofp\libc.a(lib_a-__call_atexit.o)
 .text.atexit   0x08004bbc        0xc d:/gnu arm embedded toolchain10/10 2021.07/bin/../lib/gcc/arm-none-eabi/10.3.1/../../../../arm-none-eabi/lib/thumb/v7-m/nofp\libc.a(lib_a-atexit.o)
                0x08004bbc                atexit
 .text.__libc_fini_array
                0x08004bc8       0x2c d:/gnu arm embedded toolchain10/10 2021.07/bin/../lib/gcc/arm-none-eabi/10.3.1/../../../../arm-none-eabi/lib/thumb/v7-m/nofp\libc.a(lib_a-fini.o)
                0x08004bc8                __libc_fini_array
 .text.__retarget_lock_init_recursive
                0x08004bf4        0x4 d:/gnu arm embedded toolchain10/10 2021.07/bin/../lib/gcc/arm-none-eabi/10.3.1/../../../../arm-none-eabi/lib/thumb/v7-m/nofp\libc.a(lib_a-lock.o)
                0x08004bf4                __retarget_lock_init_recursive
 .text.__retarget_lock_close_recursive
                0x08004bf8        0x4 d:/gnu arm embedded toolchain10/10 2021.07/bin/../lib/gcc/arm-none-eabi/10.3.1/../../../../arm-none-eabi/lib/thumb/v7-m/nofp\libc.a(lib_a-lock.o)
                0x08004bf8                __retarget_lock_close_recursive
 .text.__retarget_lock_acquire_recursive
                0x08004bfc        0x4 d:/gnu arm embedded toolchain10/10 2021.07/bin/../lib/gcc/arm-none-eabi/10.3.1/../../../../arm-none-eabi/lib/thumb/v7-m/nofp\libc.a(lib_a-lock.o)
                0x08004bfc                __retarget_lock_acquire_recursive
 .text.__retarget_lock_release_recursive
                0x08004c00        0x4 d:/gnu arm embedded toolchain10/10 2021.07/bin/../lib/gcc/arm-none-eabi/10.3.1/../../../../arm-none-eabi/lib/thumb/v7-m/nofp\libc.a(lib_a-lock.o)
                0x08004c00                __retarget_lock_release_recursive
 .text._svfprintf_r
                0x08004c04     0x1aa4 d:/gnu arm embedded toolchain10/10 2021.07/bin/../lib/gcc/arm-none-eabi/10.3.1/../../../../arm-none-eabi/lib/thumb/v7-m/nofp\libc.a(lib_a-svfprintf.o)
                0x08004c04                _svfprintf_r
 .text.__register_exitproc
                0x080066a8       0x8c d:/gnu arm embedded toolchain10/10 2021.07/bin/../lib/gcc/arm-none-eabi/10.3.1/../../../../arm-none-eabi/lib/thumb/v7-m/nofp\libc.a(lib_a-__atexit.o)
                0x080066a8                __register_exitproc
 .text.quorem   0x08006734      0x12c d:/gnu arm embedded toolchain10/10 2021.07/bin/../lib/gcc/arm-none-eabi/10.3.1/../../../../arm-none-eabi/lib/thumb/v7-m/nofp\libc.a(lib_a-dtoa.o)
 .text._dtoa_r  0x08006860      0xecc d:/gnu arm embedded toolchain10/10 2021.07/bin/../lib/gcc/arm-none-eabi/10.3.1/../../../../arm-none-eabi/lib/thumb/v7-m/nofp\libc.a(lib_a-dtoa.o)
                0x08006860                _dtoa_r
 .text._malloc_trim_r
                0x0800772c       0xa0 d:/gnu arm embedded toolchain10/10 2021.07/bin/../lib/gcc/arm-none-eabi/10.3.1/../../../../arm-none-eabi/lib/thumb/v7-m/nofp\libc.a(lib_a-freer.o)
                0x0800772c                _malloc_trim_r
 .text._free_r  0x080077cc      0x200 d:/gnu arm embedded toolchain10/10 2021.07/bin/../lib/gcc/arm-none-eabi/10.3.1/../../../../arm-none-eabi/lib/thumb/v7-m/nofp\libc.a(lib_a-freer.o)
                0x080077cc                _free_r
 .text._localeconv_r
                0x080079cc        0x8 d:/gnu arm embedded toolchain10/10 2021.07/bin/../lib/gcc/arm-none-eabi/10.3.1/../../../../arm-none-eabi/lib/thumb/v7-m/nofp\libc.a(lib_a-localeconv.o)
                0x080079cc                _localeconv_r
 .text._malloc_r
                0x080079d4      0x558 d:/gnu arm embedded toolchain10/10 2021.07/bin/../lib/gcc/arm-none-eabi/10.3.1/../../../../arm-none-eabi/lib/thumb/v7-m/nofp\libc.a(lib_a-mallocr.o)
                0x080079d4                _malloc_r
 .text.memchr   0x08007f2c       0x90 d:/gnu arm embedded toolchain10/10 2021.07/bin/../lib/gcc/arm-none-eabi/10.3.1/../../../../arm-none-eabi/lib/thumb/v7-m/nofp\libc.a(lib_a-memchr-stub.o)
                0x08007f2c                memchr
 .text.__malloc_lock
                0x08007fbc        0xc d:/gnu arm embedded toolchain10/10 2021.07/bin/../lib/gcc/arm-none-eabi/10.3.1/../../../../arm-none-eabi/lib/thumb/v7-m/nofp\libc.a(lib_a-mlock.o)
                0x08007fbc                __malloc_lock
 .text.__malloc_unlock
                0x08007fc8        0xc d:/gnu arm embedded toolchain10/10 2021.07/bin/../lib/gcc/arm-none-eabi/10.3.1/../../../../arm-none-eabi/lib/thumb/v7-m/nofp\libc.a(lib_a-mlock.o)
                0x08007fc8                __malloc_unlock
 .text._Balloc  0x08007fd4       0x4c d:/gnu arm embedded toolchain10/10 2021.07/bin/../lib/gcc/arm-none-eabi/10.3.1/../../../../arm-none-eabi/lib/thumb/v7-m/nofp\libc.a(lib_a-mprec.o)
                0x08007fd4                _Balloc
 .text._Bfree   0x08008020       0x14 d:/gnu arm embedded toolchain10/10 2021.07/bin/../lib/gcc/arm-none-eabi/10.3.1/../../../../arm-none-eabi/lib/thumb/v7-m/nofp\libc.a(lib_a-mprec.o)
                0x08008020                _Bfree
 .text.__multadd
                0x08008034       0xa4 d:/gnu arm embedded toolchain10/10 2021.07/bin/../lib/gcc/arm-none-eabi/10.3.1/../../../../arm-none-eabi/lib/thumb/v7-m/nofp\libc.a(lib_a-mprec.o)
                0x08008034                __multadd
 .text.__hi0bits
                0x080080d8       0x40 d:/gnu arm embedded toolchain10/10 2021.07/bin/../lib/gcc/arm-none-eabi/10.3.1/../../../../arm-none-eabi/lib/thumb/v7-m/nofp\libc.a(lib_a-mprec.o)
                0x080080d8                __hi0bits
 .text.__lo0bits
                0x08008118       0x58 d:/gnu arm embedded toolchain10/10 2021.07/bin/../lib/gcc/arm-none-eabi/10.3.1/../../../../arm-none-eabi/lib/thumb/v7-m/nofp\libc.a(lib_a-mprec.o)
                0x08008118                __lo0bits
 .text.__i2b    0x08008170       0x5c d:/gnu arm embedded toolchain10/10 2021.07/bin/../lib/gcc/arm-none-eabi/10.3.1/../../../../arm-none-eabi/lib/thumb/v7-m/nofp\libc.a(lib_a-mprec.o)
                0x08008170                __i2b
 .text.__multiply
                0x080081cc      0x15c d:/gnu arm embedded toolchain10/10 2021.07/bin/../lib/gcc/arm-none-eabi/10.3.1/../../../../arm-none-eabi/lib/thumb/v7-m/nofp\libc.a(lib_a-mprec.o)
                0x080081cc                __multiply
 .text.__pow5mult
                0x08008328       0xb8 d:/gnu arm embedded toolchain10/10 2021.07/bin/../lib/gcc/arm-none-eabi/10.3.1/../../../../arm-none-eabi/lib/thumb/v7-m/nofp\libc.a(lib_a-mprec.o)
                0x08008328                __pow5mult
 .text.__lshift
                0x080083e0       0xec d:/gnu arm embedded toolchain10/10 2021.07/bin/../lib/gcc/arm-none-eabi/10.3.1/../../../../arm-none-eabi/lib/thumb/v7-m/nofp\libc.a(lib_a-mprec.o)
                0x080083e0                __lshift
 .text.__mcmp   0x080084cc       0x40 d:/gnu arm embedded toolchain10/10 2021.07/bin/../lib/gcc/arm-none-eabi/10.3.1/../../../../arm-none-eabi/lib/thumb/v7-m/nofp\libc.a(lib_a-mprec.o)
                0x080084cc                __mcmp
 .text.__mdiff  0x0800850c      0x14c d:/gnu arm embedded toolchain10/10 2021.07/bin/../lib/gcc/arm-none-eabi/10.3.1/../../../../arm-none-eabi/lib/thumb/v7-m/nofp\libc.a(lib_a-mprec.o)
                0x0800850c                __mdiff
 .text.__d2b    0x08008658       0xc4 d:/gnu arm embedded toolchain10/10 2021.07/bin/../lib/gcc/arm-none-eabi/10.3.1/../../../../arm-none-eabi/lib/thumb/v7-m/nofp\libc.a(lib_a-mprec.o)
                0x08008658                __d2b
 .text.frexp    0x0800871c       0x70 d:/gnu arm embedded toolchain10/10 2021.07/bin/../lib/gcc/arm-none-eabi/10.3.1/../../../../arm-none-eabi/lib/thumb/v7-m/nofp\libc.a(lib_a-s_frexp.o)
                0x0800871c                frexp
 .text._sbrk_r  0x0800878c       0x24 d:/gnu arm embedded toolchain10/10 2021.07/bin/../lib/gcc/arm-none-eabi/10.3.1/../../../../arm-none-eabi/lib/thumb/v7-m/nofp\libc.a(lib_a-sbrkr.o)
                0x0800878c                _sbrk_r
 .text.strncpy  0x080087b0       0x68 d:/gnu arm embedded toolchain10/10 2021.07/bin/../lib/gcc/arm-none-eabi/10.3.1/../../../../arm-none-eabi/lib/thumb/v7-m/nofp\libc.a(lib_a-strncpy.o)
                0x080087b0                strncpy
 .text.__ssprint_r
                0x08008818       0xfc d:/gnu arm embedded toolchain10/10 2021.07/bin/../lib/gcc/arm-none-eabi/10.3.1/../../../../arm-none-eabi/lib/thumb/v7-m/nofp\libc.a(lib_a-svfiprintf.o)
                0x08008818                __ssprint_r
 .text.__assert_func
                0x08008914       0x40 d:/gnu arm embedded toolchain10/10 2021.07/bin/../lib/gcc/arm-none-eabi/10.3.1/../../../../arm-none-eabi/lib/thumb/v7-m/nofp\libc.a(lib_a-assert.o)
                0x08008914                __assert_func
 .text._calloc_r
                0x08008954       0x78 d:/gnu arm embedded toolchain10/10 2021.07/bin/../lib/gcc/arm-none-eabi/10.3.1/../../../../arm-none-eabi/lib/thumb/v7-m/nofp\libc.a(lib_a-callocr.o)
                0x08008954                _calloc_r
 .text.__errno  0x080089cc        0xc d:/gnu arm embedded toolchain10/10 2021.07/bin/../lib/gcc/arm-none-eabi/10.3.1/../../../../arm-none-eabi/lib/thumb/v7-m/nofp\libc.a(lib_a-errno.o)
                0x080089cc                __errno
 .text.fiprintf
                0x080089d8       0x28 d:/gnu arm embedded toolchain10/10 2021.07/bin/../lib/gcc/arm-none-eabi/10.3.1/../../../../arm-none-eabi/lib/thumb/v7-m/nofp\libc.a(lib_a-fiprintf.o)
                0x080089d8                fiprintf
 .text.__locale_mb_cur_max
                0x08008a00        0xc d:/gnu arm embedded toolchain10/10 2021.07/bin/../lib/gcc/arm-none-eabi/10.3.1/../../../../arm-none-eabi/lib/thumb/v7-m/nofp\libc.a(lib_a-locale.o)
                0x08008a00                __locale_mb_cur_max
 .text.__ascii_mbtowc
                0x08008a0c       0x2c d:/gnu arm embedded toolchain10/10 2021.07/bin/../lib/gcc/arm-none-eabi/10.3.1/../../../../arm-none-eabi/lib/thumb/v7-m/nofp\libc.a(lib_a-mbtowc_r.o)
                0x08008a0c                __ascii_mbtowc
 .text.memmove  0x08008a38       0xf8 d:/gnu arm embedded toolchain10/10 2021.07/bin/../lib/gcc/arm-none-eabi/10.3.1/../../../../arm-none-eabi/lib/thumb/v7-m/nofp\libc.a(lib_a-memmove.o)
                0x08008a38                memmove
 .text._realloc_r
                0x08008b30      0x3dc d:/gnu arm embedded toolchain10/10 2021.07/bin/../lib/gcc/arm-none-eabi/10.3.1/../../../../arm-none-eabi/lib/thumb/v7-m/nofp\libc.a(lib_a-reallocr.o)
                0x08008b30                _realloc_r
 .text.__sprint_r.part.0
                0x08008f0c       0x78 d:/gnu arm embedded toolchain10/10 2021.07/bin/../lib/gcc/arm-none-eabi/10.3.1/../../../../arm-none-eabi/lib/thumb/v7-m/nofp\libc.a(lib_a-vfiprintf.o)
 .text._vfiprintf_r
                0x08008f84      0xd98 d:/gnu arm embedded toolchain10/10 2021.07/bin/../lib/gcc/arm-none-eabi/10.3.1/../../../../arm-none-eabi/lib/thumb/v7-m/nofp\libc.a(lib_a-vfiprintf.o)
                0x08008f84                _vfiprintf_r
 .text.__sbprintf
                0x08009d1c       0x84 d:/gnu arm embedded toolchain10/10 2021.07/bin/../lib/gcc/arm-none-eabi/10.3.1/../../../../arm-none-eabi/lib/thumb/v7-m/nofp\libc.a(lib_a-vfiprintf.o)
 .text.__ascii_wctomb
                0x08009da0       0x1c d:/gnu arm embedded toolchain10/10 2021.07/bin/../lib/gcc/arm-none-eabi/10.3.1/../../../../arm-none-eabi/lib/thumb/v7-m/nofp\libc.a(lib_a-wctomb_r.o)
                0x08009da0                __ascii_wctomb
 .text.__swsetup_r
                0x08009dbc       0xd4 d:/gnu arm embedded toolchain10/10 2021.07/bin/../lib/gcc/arm-none-eabi/10.3.1/../../../../arm-none-eabi/lib/thumb/v7-m/nofp\libc.a(lib_a-wsetup.o)
                0x08009dbc                __swsetup_r
 .text.abort    0x08009e90       0x10 d:/gnu arm embedded toolchain10/10 2021.07/bin/../lib/gcc/arm-none-eabi/10.3.1/../../../../arm-none-eabi/lib/thumb/v7-m/nofp\libc.a(lib_a-abort.o)
                0x08009e90                abort
 .text.__sflush_r
                0x08009ea0      0x124 d:/gnu arm embedded toolchain10/10 2021.07/bin/../lib/gcc/arm-none-eabi/10.3.1/../../../../arm-none-eabi/lib/thumb/v7-m/nofp\libc.a(lib_a-fflush.o)
                0x08009ea0                __sflush_r
 .text._fflush_r
                0x08009fc4       0x5c d:/gnu arm embedded toolchain10/10 2021.07/bin/../lib/gcc/arm-none-eabi/10.3.1/../../../../arm-none-eabi/lib/thumb/v7-m/nofp\libc.a(lib_a-fflush.o)
                0x08009fc4                _fflush_r
 .text._cleanup_r
                0x0800a020        0xc d:/gnu arm embedded toolchain10/10 2021.07/bin/../lib/gcc/arm-none-eabi/10.3.1/../../../../arm-none-eabi/lib/thumb/v7-m/nofp\libc.a(lib_a-findfp.o)
                0x0800a020                _cleanup_r
 .text.__sinit  0x0800a02c      0x10c d:/gnu arm embedded toolchain10/10 2021.07/bin/../lib/gcc/arm-none-eabi/10.3.1/../../../../arm-none-eabi/lib/thumb/v7-m/nofp\libc.a(lib_a-findfp.o)
                0x0800a02c                __sinit
 .text.__sfp_lock_acquire
                0x0800a138        0xc d:/gnu arm embedded toolchain10/10 2021.07/bin/../lib/gcc/arm-none-eabi/10.3.1/../../../../arm-none-eabi/lib/thumb/v7-m/nofp\libc.a(lib_a-findfp.o)
                0x0800a138                __sfp_lock_acquire
 .text.__sfp_lock_release
                0x0800a144        0xc d:/gnu arm embedded toolchain10/10 2021.07/bin/../lib/gcc/arm-none-eabi/10.3.1/../../../../arm-none-eabi/lib/thumb/v7-m/nofp\libc.a(lib_a-findfp.o)
                0x0800a144                __sfp_lock_release
 .text.__fputwc
                0x0800a150       0xa0 d:/gnu arm embedded toolchain10/10 2021.07/bin/../lib/gcc/arm-none-eabi/10.3.1/../../../../arm-none-eabi/lib/thumb/v7-m/nofp\libc.a(lib_a-fputwc.o)
                0x0800a150                __fputwc
 .text._fputwc_r
                0x0800a1f0       0x68 d:/gnu arm embedded toolchain10/10 2021.07/bin/../lib/gcc/arm-none-eabi/10.3.1/../../../../arm-none-eabi/lib/thumb/v7-m/nofp\libc.a(lib_a-fputwc.o)
                0x0800a1f0                _fputwc_r
 .text.__sfvwrite_r
                0x0800a258      0x2f0 d:/gnu arm embedded toolchain10/10 2021.07/bin/../lib/gcc/arm-none-eabi/10.3.1/../../../../arm-none-eabi/lib/thumb/v7-m/nofp\libc.a(lib_a-fvwrite.o)
                0x0800a258                __sfvwrite_r
 .text._fwalk_reent
                0x0800a548       0x48 d:/gnu arm embedded toolchain10/10 2021.07/bin/../lib/gcc/arm-none-eabi/10.3.1/../../../../arm-none-eabi/lib/thumb/v7-m/nofp\libc.a(lib_a-fwalk.o)
                0x0800a548                _fwalk_reent
 .text.__smakebuf_r
                0x0800a590       0xe0 d:/gnu arm embedded toolchain10/10 2021.07/bin/../lib/gcc/arm-none-eabi/10.3.1/../../../../arm-none-eabi/lib/thumb/v7-m/nofp\libc.a(lib_a-makebuf.o)
                0x0800a590                __smakebuf_r
 .text.raise    0x0800a670       0x5c d:/gnu arm embedded toolchain10/10 2021.07/bin/../lib/gcc/arm-none-eabi/10.3.1/../../../../arm-none-eabi/lib/thumb/v7-m/nofp\libc.a(lib_a-signal.o)
                0x0800a670                raise
 .text._kill_r  0x0800a6cc       0x28 d:/gnu arm embedded toolchain10/10 2021.07/bin/../lib/gcc/arm-none-eabi/10.3.1/../../../../arm-none-eabi/lib/thumb/v7-m/nofp\libc.a(lib_a-signalr.o)
                0x0800a6cc                _kill_r
 .text._getpid_r
                0x0800a6f4        0x4 d:/gnu arm embedded toolchain10/10 2021.07/bin/../lib/gcc/arm-none-eabi/10.3.1/../../../../arm-none-eabi/lib/thumb/v7-m/nofp\libc.a(lib_a-signalr.o)
                0x0800a6f4                _getpid_r
 .text.__sread  0x0800a6f8       0x24 d:/gnu arm embedded toolchain10/10 2021.07/bin/../lib/gcc/arm-none-eabi/10.3.1/../../../../arm-none-eabi/lib/thumb/v7-m/nofp\libc.a(lib_a-stdio.o)
                0x0800a6f8                __sread
 .text.__swrite
                0x0800a71c       0x40 d:/gnu arm embedded toolchain10/10 2021.07/bin/../lib/gcc/arm-none-eabi/10.3.1/../../../../arm-none-eabi/lib/thumb/v7-m/nofp\libc.a(lib_a-stdio.o)
                0x0800a71c                __swrite
 .text.__sseek  0x0800a75c       0x20 d:/gnu arm embedded toolchain10/10 2021.07/bin/../lib/gcc/arm-none-eabi/10.3.1/../../../../arm-none-eabi/lib/thumb/v7-m/nofp\libc.a(lib_a-stdio.o)
                0x0800a75c                __sseek
 .text.__sclose
                0x0800a77c        0x8 d:/gnu arm embedded toolchain10/10 2021.07/bin/../lib/gcc/arm-none-eabi/10.3.1/../../../../arm-none-eabi/lib/thumb/v7-m/nofp\libc.a(lib_a-stdio.o)
                0x0800a77c                __sclose
 .text.__swbuf_r
                0x0800a784       0xb0 d:/gnu arm embedded toolchain10/10 2021.07/bin/../lib/gcc/arm-none-eabi/10.3.1/../../../../arm-none-eabi/lib/thumb/v7-m/nofp\libc.a(lib_a-wbuf.o)
                0x0800a784                __swbuf_r
 .text._wcrtomb_r
                0x0800a834       0x3c d:/gnu arm embedded toolchain10/10 2021.07/bin/../lib/gcc/arm-none-eabi/10.3.1/../../../../arm-none-eabi/lib/thumb/v7-m/nofp\libc.a(lib_a-wcrtomb.o)
                0x0800a834                _wcrtomb_r
 .text._write_r
                0x0800a870       0x2c d:/gnu arm embedded toolchain10/10 2021.07/bin/../lib/gcc/arm-none-eabi/10.3.1/../../../../arm-none-eabi/lib/thumb/v7-m/nofp\libc.a(lib_a-writer.o)
                0x0800a870                _write_r
 .text._close_r
                0x0800a89c       0x24 d:/gnu arm embedded toolchain10/10 2021.07/bin/../lib/gcc/arm-none-eabi/10.3.1/../../../../arm-none-eabi/lib/thumb/v7-m/nofp\libc.a(lib_a-closer.o)
                0x0800a89c                _close_r
 .text._fclose_r
                0x0800a8c0       0xcc d:/gnu arm embedded toolchain10/10 2021.07/bin/../lib/gcc/arm-none-eabi/10.3.1/../../../../arm-none-eabi/lib/thumb/v7-m/nofp\libc.a(lib_a-fclose.o)
                0x0800a8c0                _fclose_r
 .text._fstat_r
                0x0800a98c       0x28 d:/gnu arm embedded toolchain10/10 2021.07/bin/../lib/gcc/arm-none-eabi/10.3.1/../../../../arm-none-eabi/lib/thumb/v7-m/nofp\libc.a(lib_a-fstatr.o)
                0x0800a98c                _fstat_r
 .text._isatty_r
                0x0800a9b4       0x24 d:/gnu arm embedded toolchain10/10 2021.07/bin/../lib/gcc/arm-none-eabi/10.3.1/../../../../arm-none-eabi/lib/thumb/v7-m/nofp\libc.a(lib_a-isattyr.o)
                0x0800a9b4                _isatty_r
 .text._lseek_r
                0x0800a9d8       0x2c d:/gnu arm embedded toolchain10/10 2021.07/bin/../lib/gcc/arm-none-eabi/10.3.1/../../../../arm-none-eabi/lib/thumb/v7-m/nofp\libc.a(lib_a-lseekr.o)
                0x0800a9d8                _lseek_r
 .text._read_r  0x0800aa04       0x2c d:/gnu arm embedded toolchain10/10 2021.07/bin/../lib/gcc/arm-none-eabi/10.3.1/../../../../arm-none-eabi/lib/thumb/v7-m/nofp\libc.a(lib_a-readr.o)
                0x0800aa04                _read_r
 .text._close   0x0800aa30       0x10 d:/gnu arm embedded toolchain10/10 2021.07/bin/../lib/gcc/arm-none-eabi/10.3.1/../../../../arm-none-eabi/lib/thumb/v7-m/nofp\libnosys.a(close.o)
                0x0800aa30                _close
 .text._fstat   0x0800aa40       0x10 d:/gnu arm embedded toolchain10/10 2021.07/bin/../lib/gcc/arm-none-eabi/10.3.1/../../../../arm-none-eabi/lib/thumb/v7-m/nofp\libnosys.a(fstat.o)
                0x0800aa40                _fstat
 .text._getpid  0x0800aa50       0x10 d:/gnu arm embedded toolchain10/10 2021.07/bin/../lib/gcc/arm-none-eabi/10.3.1/../../../../arm-none-eabi/lib/thumb/v7-m/nofp\libnosys.a(getpid.o)
                0x0800aa50                _getpid
 .text._isatty  0x0800aa60       0x10 d:/gnu arm embedded toolchain10/10 2021.07/bin/../lib/gcc/arm-none-eabi/10.3.1/../../../../arm-none-eabi/lib/thumb/v7-m/nofp\libnosys.a(isatty.o)
                0x0800aa60                _isatty
 .text._kill    0x0800aa70       0x10 d:/gnu arm embedded toolchain10/10 2021.07/bin/../lib/gcc/arm-none-eabi/10.3.1/../../../../arm-none-eabi/lib/thumb/v7-m/nofp\libnosys.a(kill.o)
                0x0800aa70                _kill
 .text._lseek   0x0800aa80       0x10 d:/gnu arm embedded toolchain10/10 2021.07/bin/../lib/gcc/arm-none-eabi/10.3.1/../../../../arm-none-eabi/lib/thumb/v7-m/nofp\libnosys.a(lseek.o)
                0x0800aa80                _lseek
 .text._read    0x0800aa90       0x10 d:/gnu arm embedded toolchain10/10 2021.07/bin/../lib/gcc/arm-none-eabi/10.3.1/../../../../arm-none-eabi/lib/thumb/v7-m/nofp\libnosys.a(read.o)
                0x0800aa90                _read
 .text._sbrk    0x0800aaa0       0x1c d:/gnu arm embedded toolchain10/10 2021.07/bin/../lib/gcc/arm-none-eabi/10.3.1/../../../../arm-none-eabi/lib/thumb/v7-m/nofp\libnosys.a(sbrk.o)
                0x0800aaa0                _sbrk
 .text._write   0x0800aabc       0x10 d:/gnu arm embedded toolchain10/10 2021.07/bin/../lib/gcc/arm-none-eabi/10.3.1/../../../../arm-none-eabi/lib/thumb/v7-m/nofp\libnosys.a(write.o)
                0x0800aabc                _write
 .text._exit    0x0800aacc        0x4 d:/gnu arm embedded toolchain10/10 2021.07/bin/../lib/gcc/arm-none-eabi/10.3.1/../../../../arm-none-eabi/lib/thumb/v7-m/nofp\libnosys.a(_exit.o)
                0x0800aacc                _exit
 *(.glue_7)
 .glue_7        0x0800aad0        0x0 linker stubs
 *(.glue_7t)
 .glue_7t       0x0800aad0        0x0 linker stubs
 *(.eh_frame)
 .eh_frame      0x0800aad0        0x0 d:/gnu arm embedded toolchain10/10 2021.07/bin/../lib/gcc/arm-none-eabi/10.3.1/thumb/v7-m/nofp/crtbegin.o
 *(.init)
 .init          0x0800aad0        0x4 d:/gnu arm embedded toolchain10/10 2021.07/bin/../lib/gcc/arm-none-eabi/10.3.1/thumb/v7-m/nofp/crti.o
                0x0800aad0                _init
 .init          0x0800aad4        0x8 d:/gnu arm embedded toolchain10/10 2021.07/bin/../lib/gcc/arm-none-eabi/10.3.1/thumb/v7-m/nofp/crtn.o
 *(.fini)
 .fini          0x0800aadc        0x4 d:/gnu arm embedded toolchain10/10 2021.07/bin/../lib/gcc/arm-none-eabi/10.3.1/thumb/v7-m/nofp/crti.o
                0x0800aadc                _fini
 .fini          0x0800aae0        0x8 d:/gnu arm embedded toolchain10/10 2021.07/bin/../lib/gcc/arm-none-eabi/10.3.1/thumb/v7-m/nofp/crtn.o
                0x0800aae8                . = ALIGN (0x4)
                0x0800aae8                _etext = .

.vfp11_veneer   0x0800aae8        0x0
 .vfp11_veneer  0x0800aae8        0x0 linker stubs

.v4_bx          0x0800aae8        0x0
 .v4_bx         0x0800aae8        0x0 linker stubs

.iplt           0x0800aae8        0x0
 .iplt          0x0800aae8        0x0 d:/gnu arm embedded toolchain10/10 2021.07/bin/../lib/gcc/arm-none-eabi/10.3.1/thumb/v7-m/nofp/crtbegin.o

.rodata         0x0800aae8      0x468
                0x0800aae8                . = ALIGN (0x4)
 *(.rodata)
 *(.rodata*)
 .rodata.main.str1.4
                0x0800aae8       0x10 build/main.o
 .rodata.Kd     0x0800aaf8       0x10 build/main.o
                0x0800aaf8                Kd
 .rodata.Ki     0x0800ab08       0x10 build/main.o
                0x0800ab08                Ki
 .rodata.Kp     0x0800ab18       0x10 build/main.o
                0x0800ab18                Kp
 .rodata.HAL_RCC_GetSysClockFreq.str1.4
                0x0800ab28       0x11 build/stm32f1xx_hal_rcc.o
 *fill*         0x0800ab39        0x3 
 .rodata.AHBPrescTable
                0x0800ab3c       0x10 build/system_stm32f1xx.o
                0x0800ab3c                AHBPrescTable
 .rodata.APBPrescTable
                0x0800ab4c        0x8 build/system_stm32f1xx.o
                0x0800ab4c                APBPrescTable
 .rodata._global_impure_ptr
                0x0800ab54        0x4 d:/gnu arm embedded toolchain10/10 2021.07/bin/../lib/gcc/arm-none-eabi/10.3.1/../../../../arm-none-eabi/lib/thumb/v7-m/nofp\libc.a(lib_a-impure.o)
                0x0800ab54                _global_impure_ptr
 .rodata._svfprintf_r.str1.4
                0x0800ab58       0x42 d:/gnu arm embedded toolchain10/10 2021.07/bin/../lib/gcc/arm-none-eabi/10.3.1/../../../../arm-none-eabi/lib/thumb/v7-m/nofp\libc.a(lib_a-svfprintf.o)
 *fill*         0x0800ab9a        0x2 
 .rodata.blanks.1
                0x0800ab9c       0x10 d:/gnu arm embedded toolchain10/10 2021.07/bin/../lib/gcc/arm-none-eabi/10.3.1/../../../../arm-none-eabi/lib/thumb/v7-m/nofp\libc.a(lib_a-svfprintf.o)
 .rodata.zeroes.0
                0x0800abac       0x10 d:/gnu arm embedded toolchain10/10 2021.07/bin/../lib/gcc/arm-none-eabi/10.3.1/../../../../arm-none-eabi/lib/thumb/v7-m/nofp\libc.a(lib_a-svfprintf.o)
 .rodata._dtoa_r.str1.4
                0x0800abbc       0xa2 d:/gnu arm embedded toolchain10/10 2021.07/bin/../lib/gcc/arm-none-eabi/10.3.1/../../../../arm-none-eabi/lib/thumb/v7-m/nofp\libc.a(lib_a-dtoa.o)
                                 0xa6 (size before relaxing)
 *fill*         0x0800ac5e        0x2 
 .rodata.__multadd.str1.4
                0x0800ac60       0x7f d:/gnu arm embedded toolchain10/10 2021.07/bin/../lib/gcc/arm-none-eabi/10.3.1/../../../../arm-none-eabi/lib/thumb/v7-m/nofp\libc.a(lib_a-mprec.o)
                                 0x93 (size before relaxing)
 *fill*         0x0800acdf        0x1 
 .rodata.__mprec_bigtens
                0x0800ace0       0x28 d:/gnu arm embedded toolchain10/10 2021.07/bin/../lib/gcc/arm-none-eabi/10.3.1/../../../../arm-none-eabi/lib/thumb/v7-m/nofp\libc.a(lib_a-mprec.o)
                0x0800ace0                __mprec_bigtens
 .rodata.__mprec_tens
                0x0800ad08       0xc8 d:/gnu arm embedded toolchain10/10 2021.07/bin/../lib/gcc/arm-none-eabi/10.3.1/../../../../arm-none-eabi/lib/thumb/v7-m/nofp\libc.a(lib_a-mprec.o)
                0x0800ad08                __mprec_tens
 .rodata.p05.0  0x0800add0        0xc d:/gnu arm embedded toolchain10/10 2021.07/bin/../lib/gcc/arm-none-eabi/10.3.1/../../../../arm-none-eabi/lib/thumb/v7-m/nofp\libc.a(lib_a-mprec.o)
 .rodata.__assert_func.str1.4
                0x0800addc       0x3f d:/gnu arm embedded toolchain10/10 2021.07/bin/../lib/gcc/arm-none-eabi/10.3.1/../../../../arm-none-eabi/lib/thumb/v7-m/nofp\libc.a(lib_a-assert.o)
                                 0x43 (size before relaxing)
 *fill*         0x0800ae1b        0x1 
 .rodata._setlocale_r.str1.4
                0x0800ae1c        0xa d:/gnu arm embedded toolchain10/10 2021.07/bin/../lib/gcc/arm-none-eabi/10.3.1/../../../../arm-none-eabi/lib/thumb/v7-m/nofp\libc.a(lib_a-locale.o)
                                  0xd (size before relaxing)
 *fill*         0x0800ae26        0x2 
 .rodata.str1.4
                0x0800ae28        0x2 d:/gnu arm embedded toolchain10/10 2021.07/bin/../lib/gcc/arm-none-eabi/10.3.1/../../../../arm-none-eabi/lib/thumb/v7-m/nofp\libc.a(lib_a-locale.o)
 .rodata._vfiprintf_r.str1.4
                0x0800ae2a       0x2f d:/gnu arm embedded toolchain10/10 2021.07/bin/../lib/gcc/arm-none-eabi/10.3.1/../../../../arm-none-eabi/lib/thumb/v7-m/nofp\libc.a(lib_a-vfiprintf.o)
 *fill*         0x0800ae2a        0x2 
 .rodata.blanks.1
                0x0800ae2c       0x10 d:/gnu arm embedded toolchain10/10 2021.07/bin/../lib/gcc/arm-none-eabi/10.3.1/../../../../arm-none-eabi/lib/thumb/v7-m/nofp\libc.a(lib_a-vfiprintf.o)
 .rodata.zeroes.0
                0x0800ae3c       0x10 d:/gnu arm embedded toolchain10/10 2021.07/bin/../lib/gcc/arm-none-eabi/10.3.1/../../../../arm-none-eabi/lib/thumb/v7-m/nofp\libc.a(lib_a-vfiprintf.o)
 .rodata._ctype_
                0x0800ae4c      0x101 d:/gnu arm embedded toolchain10/10 2021.07/bin/../lib/gcc/arm-none-eabi/10.3.1/../../../../arm-none-eabi/lib/thumb/v7-m/nofp\libc.a(lib_a-ctype_.o)
                0x0800ae4c                _ctype_
                0x0800af50                . = ALIGN (0x4)
 *fill*         0x0800af4d        0x3 

.ARM.extab
 *(.ARM.extab* .gnu.linkonce.armextab.*)

.ARM            0x0800af50        0x8
                0x0800af50                __exidx_start = .
 *(.ARM.exidx*)
 .ARM.exidx     0x0800af50        0x8 d:/gnu arm embedded toolchain10/10 2021.07/bin/../lib/gcc/arm-none-eabi/10.3.1/thumb/v7-m/nofp\libgcc.a(_udivmoddi4.o)
                0x0800af58                __exidx_end = .

.rel.dyn        0x0800af58        0x0
 .rel.iplt      0x0800af58        0x0 d:/gnu arm embedded toolchain10/10 2021.07/bin/../lib/gcc/arm-none-eabi/10.3.1/thumb/v7-m/nofp/crtbegin.o

.preinit_array  0x0800af58        0x0
                0x0800af58                PROVIDE (__preinit_array_start = .)
 *(.preinit_array*)
                0x0800af58                PROVIDE (__preinit_array_end = .)

.init_array     0x0800af58        0x8
                0x0800af58                PROVIDE (__init_array_start = .)
 *(SORT_BY_NAME(.init_array.*))
 .init_array.00000
                0x0800af58        0x4 d:/gnu arm embedded toolchain10/10 2021.07/bin/../lib/gcc/arm-none-eabi/10.3.1/../../../../arm-none-eabi/lib/thumb/v7-m/nofp\libc.a(lib_a-__call_atexit.o)
 *(.init_array*)
 .init_array    0x0800af5c        0x4 d:/gnu arm embedded toolchain10/10 2021.07/bin/../lib/gcc/arm-none-eabi/10.3.1/thumb/v7-m/nofp/crtbegin.o
                0x0800af60                PROVIDE (__init_array_end = .)

.fini_array     0x0800af60        0x4
                0x0800af60                PROVIDE (__fini_array_start = .)
 *(SORT_BY_NAME(.fini_array.*))
 *(.fini_array*)
 .fini_array    0x0800af60        0x4 d:/gnu arm embedded toolchain10/10 2021.07/bin/../lib/gcc/arm-none-eabi/10.3.1/thumb/v7-m/nofp/crtbegin.o
                0x0800af64                PROVIDE (__fini_array_end = .)
                0x0800af64                _sidata = LOADADDR (.data)

.data           0x20000000      0x9c8 load address 0x0800af64
                0x20000000                . = ALIGN (0x4)
                0x20000000                _sdata = .
 *(.data)
 *(.data*)
 .data.target   0x20000000       0x10 build/main.o
                0x20000000                target
 .data.uwTickFreq
                0x20000010        0x1 build/stm32f1xx_hal.o
                0x20000010                uwTickFreq
 *fill*         0x20000011        0x3 
 .data.uwTickPrio
                0x20000014        0x4 build/stm32f1xx_hal.o
                0x20000014                uwTickPrio
 .data.SystemCoreClock
                0x20000018        0x4 build/system_stm32f1xx.o
                0x20000018                SystemCoreClock
 .data._impure_ptr
                0x2000001c        0x4 d:/gnu arm embedded toolchain10/10 2021.07/bin/../lib/gcc/arm-none-eabi/10.3.1/../../../../arm-none-eabi/lib/thumb/v7-m/nofp\libc.a(lib_a-impure.o)
                0x2000001c                _impure_ptr
 .data.impure_data
                0x20000020      0x428 d:/gnu arm embedded toolchain10/10 2021.07/bin/../lib/gcc/arm-none-eabi/10.3.1/../../../../arm-none-eabi/lib/thumb/v7-m/nofp\libc.a(lib_a-impure.o)
 .data.__atexit_recursive_mutex
                0x20000448        0x4 d:/gnu arm embedded toolchain10/10 2021.07/bin/../lib/gcc/arm-none-eabi/10.3.1/../../../../arm-none-eabi/lib/thumb/v7-m/nofp\libc.a(lib_a-__call_atexit.o)
                0x20000448                __atexit_recursive_mutex
 .data.__malloc_av_
                0x2000044c      0x408 d:/gnu arm embedded toolchain10/10 2021.07/bin/../lib/gcc/arm-none-eabi/10.3.1/../../../../arm-none-eabi/lib/thumb/v7-m/nofp\libc.a(lib_a-mallocr.o)
                0x2000044c                __malloc_av_
 .data.__malloc_sbrk_base
                0x20000854        0x4 d:/gnu arm embedded toolchain10/10 2021.07/bin/../lib/gcc/arm-none-eabi/10.3.1/../../../../arm-none-eabi/lib/thumb/v7-m/nofp\libc.a(lib_a-mallocr.o)
                0x20000854                __malloc_sbrk_base
 .data.__malloc_trim_threshold
                0x20000858        0x4 d:/gnu arm embedded toolchain10/10 2021.07/bin/../lib/gcc/arm-none-eabi/10.3.1/../../../../arm-none-eabi/lib/thumb/v7-m/nofp\libc.a(lib_a-mallocr.o)
                0x20000858                __malloc_trim_threshold
 .data.__global_locale
                0x2000085c      0x16c d:/gnu arm embedded toolchain10/10 2021.07/bin/../lib/gcc/arm-none-eabi/10.3.1/../../../../arm-none-eabi/lib/thumb/v7-m/nofp\libc.a(lib_a-locale.o)
                0x2000085c                __global_locale
                0x200009c8                . = ALIGN (0x4)
                0x200009c8                _edata = .

.igot.plt       0x200009c8        0x0 load address 0x0800b92c
 .igot.plt      0x200009c8        0x0 d:/gnu arm embedded toolchain10/10 2021.07/bin/../lib/gcc/arm-none-eabi/10.3.1/thumb/v7-m/nofp/crtbegin.o
                0x200009c8                . = ALIGN (0x4)

.bss            0x200009c8      0x4c0 load address 0x0800b92c
                0x200009c8                _sbss = .
                0x200009c8                __bss_start__ = _sbss
 *(.bss)
 .bss           0x200009c8       0x1c d:/gnu arm embedded toolchain10/10 2021.07/bin/../lib/gcc/arm-none-eabi/10.3.1/thumb/v7-m/nofp/crtbegin.o
 *(.bss*)
 .bss.INTEGRAL  0x200009e4       0x10 build/main.o
                0x200009e4                INTEGRAL
 .bss.absoluteAngle
                0x200009f4        0x4 build/main.o
                0x200009f4                absoluteAngle
 .bss.angle0    0x200009f8        0x4 build/main.o
                0x200009f8                angle0
 .bss.packageX  0x200009fc        0x8 build/main.o
                0x200009fc                packageX
 .bss.packageY  0x20000a04        0x8 build/main.o
                0x20000a04                packageY
 .bss.pid       0x20000a0c       0x10 build/main.o
                0x20000a0c                pid
 .bss.pre_err   0x20000a1c       0x10 build/main.o
                0x20000a1c                pre_err
 .bss.uwTick    0x20000a2c        0x4 build/stm32f1xx_hal.o
                0x20000a2c                uwTick
 .bss.htim1     0x20000a30       0x48 build/tim.o
                0x20000a30                htim1
 .bss.htim2     0x20000a78       0x48 build/tim.o
                0x20000a78                htim2
 .bss.htim3     0x20000ac0       0x48 build/tim.o
                0x20000ac0                htim3
 .bss.htim4     0x20000b08       0x48 build/tim.o
                0x20000b08                htim4
 .bss.htim5     0x20000b50       0x48 build/tim.o
                0x20000b50                htim5
 .bss.htim8     0x20000b98       0x48 build/tim.o
                0x20000b98                htim8
 .bss.hdma_usart2_rx
                0x20000be0       0x44 build/usart.o
                0x20000be0                hdma_usart2_rx
 .bss.hdma_usart3_rx
                0x20000c24       0x44 build/usart.o
                0x20000c24                hdma_usart3_rx
 .bss.huart2    0x20000c68       0x44 build/usart.o
                0x20000c68                huart2
 .bss.huart3    0x20000cac       0x44 build/usart.o
                0x20000cac                huart3
 .bss.Accelerate
                0x20000cf0        0xc build/jy62.o
                0x20000cf0                Accelerate
 .bss.Angle     0x20000cfc        0xc build/jy62.o
                0x20000cfc                Angle
 .bss.PrevLen   0x20000d08        0x1 build/jy62.o
                0x20000d08                PrevLen
 .bss.SuccLen   0x20000d09        0x1 build/jy62.o
                0x20000d09                SuccLen
 *fill*         0x20000d0a        0x2 
 .bss.Temperature
                0x20000d0c        0x4 build/jy62.o
                0x20000d0c                Temperature
 .bss.Velocity  0x20000d10        0xc build/jy62.o
                0x20000d10                Velocity
 .bss.jy62Message
                0x20000d1c        0xb build/jy62.o
                0x20000d1c                jy62Message
 *fill*         0x20000d27        0x1 
 .bss.jy62PrevInfoHolder
                0x20000d28        0xb build/jy62.o
                0x20000d28                jy62PrevInfoHolder
 *fill*         0x20000d33        0x1 
 .bss.jy62Receive
                0x20000d34        0xb build/jy62.o
                0x20000d34                jy62Receive
 *fill*         0x20000d3f        0x1 
 .bss.jy62_huart
                0x20000d40        0x4 build/jy62.o
                0x20000d40                jy62_huart
 .bss.zigbeeMessage
                0x20000d44       0x30 build/zigbee.o
                0x20000d44                zigbeeMessage
 .bss.zigbeeReceive
                0x20000d74       0x90 build/zigbee.o
                0x20000d74                zigbeeReceive
 .bss.zigbee_halfrecv_buff
                0x20000e04       0x30 build/zigbee.o
                0x20000e04                zigbee_halfrecv_buff
 .bss.zigbee_halfrecv_len
                0x20000e34        0x1 build/zigbee.o
                0x20000e34                zigbee_halfrecv_len
 *fill*         0x20000e35        0x3 
 .bss.zigbee_huart
                0x20000e38        0x4 build/zigbee.o
                0x20000e38                zigbee_huart
 .bss.__lock___atexit_recursive_mutex
                0x20000e3c        0x1 d:/gnu arm embedded toolchain10/10 2021.07/bin/../lib/gcc/arm-none-eabi/10.3.1/../../../../arm-none-eabi/lib/thumb/v7-m/nofp\libc.a(lib_a-lock.o)
                0x20000e3c                __lock___atexit_recursive_mutex
 *fill*         0x20000e3d        0x3 
 .bss.__lock___malloc_recursive_mutex
                0x20000e40        0x1 d:/gnu arm embedded toolchain10/10 2021.07/bin/../lib/gcc/arm-none-eabi/10.3.1/../../../../arm-none-eabi/lib/thumb/v7-m/nofp\libc.a(lib_a-lock.o)
                0x20000e40                __lock___malloc_recursive_mutex
 *fill*         0x20000e41        0x3 
 .bss.__lock___sfp_recursive_mutex
                0x20000e44        0x1 d:/gnu arm embedded toolchain10/10 2021.07/bin/../lib/gcc/arm-none-eabi/10.3.1/../../../../arm-none-eabi/lib/thumb/v7-m/nofp\libc.a(lib_a-lock.o)
                0x20000e44                __lock___sfp_recursive_mutex
 *fill*         0x20000e45        0x3 
 .bss.__lock___sinit_recursive_mutex
                0x20000e48        0x1 d:/gnu arm embedded toolchain10/10 2021.07/bin/../lib/gcc/arm-none-eabi/10.3.1/../../../../arm-none-eabi/lib/thumb/v7-m/nofp\libc.a(lib_a-lock.o)
                0x20000e48                __lock___sinit_recursive_mutex
 *fill*         0x20000e49        0x3 
 .bss.__malloc_current_mallinfo
                0x20000e4c       0x28 d:/gnu arm embedded toolchain10/10 2021.07/bin/../lib/gcc/arm-none-eabi/10.3.1/../../../../arm-none-eabi/lib/thumb/v7-m/nofp\libc.a(lib_a-mallocr.o)
                0x20000e4c                __malloc_current_mallinfo
 .bss.__malloc_max_sbrked_mem
                0x20000e74        0x4 d:/gnu arm embedded toolchain10/10 2021.07/bin/../lib/gcc/arm-none-eabi/10.3.1/../../../../arm-none-eabi/lib/thumb/v7-m/nofp\libc.a(lib_a-mallocr.o)
                0x20000e74                __malloc_max_sbrked_mem
 .bss.__malloc_max_total_mem
                0x20000e78        0x4 d:/gnu arm embedded toolchain10/10 2021.07/bin/../lib/gcc/arm-none-eabi/10.3.1/../../../../arm-none-eabi/lib/thumb/v7-m/nofp\libc.a(lib_a-mallocr.o)
                0x20000e78                __malloc_max_total_mem
 .bss.__malloc_top_pad
                0x20000e7c        0x4 d:/gnu arm embedded toolchain10/10 2021.07/bin/../lib/gcc/arm-none-eabi/10.3.1/../../../../arm-none-eabi/lib/thumb/v7-m/nofp\libc.a(lib_a-mallocr.o)
                0x20000e7c                __malloc_top_pad
 .bss.errno     0x20000e80        0x4 d:/gnu arm embedded toolchain10/10 2021.07/bin/../lib/gcc/arm-none-eabi/10.3.1/../../../../arm-none-eabi/lib/thumb/v7-m/nofp\libc.a(lib_a-reent.o)
                0x20000e80                errno
 .bss.heap_end.0
                0x20000e84        0x4 d:/gnu arm embedded toolchain10/10 2021.07/bin/../lib/gcc/arm-none-eabi/10.3.1/../../../../arm-none-eabi/lib/thumb/v7-m/nofp\libnosys.a(sbrk.o)
 *(COMMON)
                0x20000e88                . = ALIGN (0x4)
                0x20000e88                _ebss = .
                0x20000e88                __bss_end__ = _ebss

._user_heap_stack
                0x20000e88      0x600 load address 0x0800b92c
                0x20000e88                . = ALIGN (0x8)
                0x20000e88                PROVIDE (end = .)
                [!provide]                PROVIDE (_end = .)
                0x20001088                . = (. + _Min_Heap_Size)
 *fill*         0x20000e88      0x200 
                0x20001488                . = (. + _Min_Stack_Size)
 *fill*         0x20001088      0x400 
                0x20001488                . = ALIGN (0x8)

/DISCARD/
 libc.a(*)
 libm.a(*)
 libgcc.a(*)

.ARM.attributes
                0x00000000       0x29
 *(.ARM.attributes)
 .ARM.attributes
                0x00000000       0x1d d:/gnu arm embedded toolchain10/10 2021.07/bin/../lib/gcc/arm-none-eabi/10.3.1/thumb/v7-m/nofp/crti.o
 .ARM.attributes
                0x0000001d       0x2d d:/gnu arm embedded toolchain10/10 2021.07/bin/../lib/gcc/arm-none-eabi/10.3.1/thumb/v7-m/nofp/crtbegin.o
 .ARM.attributes
                0x0000004a       0x2d build/main.o
 .ARM.attributes
                0x00000077       0x2d build/gpio.o
 .ARM.attributes
                0x000000a4       0x2d build/delay.o
 .ARM.attributes
                0x000000d1       0x2d build/stm32f1xx_it.o
 .ARM.attributes
                0x000000fe       0x2d build/stm32f1xx_hal_msp.o
 .ARM.attributes
                0x0000012b       0x2d build/stm32f1xx_hal_tim.o
 .ARM.attributes
                0x00000158       0x2d build/stm32f1xx_hal_tim_ex.o
 .ARM.attributes
                0x00000185       0x2d build/stm32f1xx_hal.o
 .ARM.attributes
                0x000001b2       0x2d build/stm32f1xx_hal_rcc.o
 .ARM.attributes
                0x000001df       0x2d build/stm32f1xx_hal_gpio.o
 .ARM.attributes
                0x0000020c       0x2d build/stm32f1xx_hal_dma.o
 .ARM.attributes
                0x00000239       0x2d build/stm32f1xx_hal_cortex.o
 .ARM.attributes
                0x00000266       0x2d build/system_stm32f1xx.o
 .ARM.attributes
                0x00000293       0x2d build/tim.o
 .ARM.attributes
                0x000002c0       0x2d build/usart.o
 .ARM.attributes
                0x000002ed       0x2d build/stm32f1xx_hal_uart.o
 .ARM.attributes
                0x0000031a       0x2d build/dma.o
 .ARM.attributes
                0x00000347       0x2d build/jy62.o
 .ARM.attributes
                0x00000374       0x2d build/zigbee.o
 .ARM.attributes
                0x000003a1       0x21 build/startup_stm32f103xe.o
 .ARM.attributes
                0x000003c2       0x2d d:/gnu arm embedded toolchain10/10 2021.07/bin/../lib/gcc/arm-none-eabi/10.3.1/../../../../arm-none-eabi/lib/thumb/v7-m/nofp\libc.a(lib_a-impure.o)
 .ARM.attributes
                0x000003ef       0x2d d:/gnu arm embedded toolchain10/10 2021.07/bin/../lib/gcc/arm-none-eabi/10.3.1/../../../../arm-none-eabi/lib/thumb/v7-m/nofp\libc.a(lib_a-init.o)
 .ARM.attributes
                0x0000041c       0x1b d:/gnu arm embedded toolchain10/10 2021.07/bin/../lib/gcc/arm-none-eabi/10.3.1/../../../../arm-none-eabi/lib/thumb/v7-m/nofp\libc.a(lib_a-memcpy.o)
 .ARM.attributes
                0x00000437       0x2d d:/gnu arm embedded toolchain10/10 2021.07/bin/../lib/gcc/arm-none-eabi/10.3.1/../../../../arm-none-eabi/lib/thumb/v7-m/nofp\libc.a(lib_a-memset.o)
 .ARM.attributes
                0x00000464       0x2d d:/gnu arm embedded toolchain10/10 2021.07/bin/../lib/gcc/arm-none-eabi/10.3.1/../../../../arm-none-eabi/lib/thumb/v7-m/nofp\libc.a(lib_a-strlen-stub.o)
 .ARM.attributes
                0x00000491       0x2d d:/gnu arm embedded toolchain10/10 2021.07/bin/../lib/gcc/arm-none-eabi/10.3.1/../../../../arm-none-eabi/lib/thumb/v7-m/nofp\libc.a(lib_a-vsprintf.o)
 .ARM.attributes
                0x000004be       0x2d d:/gnu arm embedded toolchain10/10 2021.07/bin/../lib/gcc/arm-none-eabi/10.3.1/../../../../arm-none-eabi/lib/thumb/v7-m/nofp\libc.a(lib_a-__call_atexit.o)
 .ARM.attributes
                0x000004eb       0x2d d:/gnu arm embedded toolchain10/10 2021.07/bin/../lib/gcc/arm-none-eabi/10.3.1/../../../../arm-none-eabi/lib/thumb/v7-m/nofp\libc.a(lib_a-atexit.o)
 .ARM.attributes
                0x00000518       0x2d d:/gnu arm embedded toolchain10/10 2021.07/bin/../lib/gcc/arm-none-eabi/10.3.1/../../../../arm-none-eabi/lib/thumb/v7-m/nofp\libc.a(lib_a-fini.o)
 .ARM.attributes
                0x00000545       0x2d d:/gnu arm embedded toolchain10/10 2021.07/bin/../lib/gcc/arm-none-eabi/10.3.1/../../../../arm-none-eabi/lib/thumb/v7-m/nofp\libc.a(lib_a-lock.o)
 .ARM.attributes
                0x00000572       0x2d d:/gnu arm embedded toolchain10/10 2021.07/bin/../lib/gcc/arm-none-eabi/10.3.1/../../../../arm-none-eabi/lib/thumb/v7-m/nofp\libc.a(lib_a-svfprintf.o)
 .ARM.attributes
                0x0000059f       0x2d d:/gnu arm embedded toolchain10/10 2021.07/bin/../lib/gcc/arm-none-eabi/10.3.1/../../../../arm-none-eabi/lib/thumb/v7-m/nofp\libc.a(lib_a-__atexit.o)
 .ARM.attributes
                0x000005cc       0x2d d:/gnu arm embedded toolchain10/10 2021.07/bin/../lib/gcc/arm-none-eabi/10.3.1/../../../../arm-none-eabi/lib/thumb/v7-m/nofp\libc.a(lib_a-dtoa.o)
 .ARM.attributes
                0x000005f9       0x2d d:/gnu arm embedded toolchain10/10 2021.07/bin/../lib/gcc/arm-none-eabi/10.3.1/../../../../arm-none-eabi/lib/thumb/v7-m/nofp\libc.a(lib_a-freer.o)
 .ARM.attributes
                0x00000626       0x2d d:/gnu arm embedded toolchain10/10 2021.07/bin/../lib/gcc/arm-none-eabi/10.3.1/../../../../arm-none-eabi/lib/thumb/v7-m/nofp\libc.a(lib_a-localeconv.o)
 .ARM.attributes
                0x00000653       0x2d d:/gnu arm embedded toolchain10/10 2021.07/bin/../lib/gcc/arm-none-eabi/10.3.1/../../../../arm-none-eabi/lib/thumb/v7-m/nofp\libc.a(lib_a-mallocr.o)
 .ARM.attributes
                0x00000680       0x2d d:/gnu arm embedded toolchain10/10 2021.07/bin/../lib/gcc/arm-none-eabi/10.3.1/../../../../arm-none-eabi/lib/thumb/v7-m/nofp\libc.a(lib_a-memchr-stub.o)
 .ARM.attributes
                0x000006ad       0x2d d:/gnu arm embedded toolchain10/10 2021.07/bin/../lib/gcc/arm-none-eabi/10.3.1/../../../../arm-none-eabi/lib/thumb/v7-m/nofp\libc.a(lib_a-mlock.o)
 .ARM.attributes
                0x000006da       0x2d d:/gnu arm embedded toolchain10/10 2021.07/bin/../lib/gcc/arm-none-eabi/10.3.1/../../../../arm-none-eabi/lib/thumb/v7-m/nofp\libc.a(lib_a-mprec.o)
 .ARM.attributes
                0x00000707       0x2d d:/gnu arm embedded toolchain10/10 2021.07/bin/../lib/gcc/arm-none-eabi/10.3.1/../../../../arm-none-eabi/lib/thumb/v7-m/nofp\libc.a(lib_a-s_frexp.o)
 .ARM.attributes
                0x00000734       0x2d d:/gnu arm embedded toolchain10/10 2021.07/bin/../lib/gcc/arm-none-eabi/10.3.1/../../../../arm-none-eabi/lib/thumb/v7-m/nofp\libc.a(lib_a-sbrkr.o)
 .ARM.attributes
                0x00000761       0x2d d:/gnu arm embedded toolchain10/10 2021.07/bin/../lib/gcc/arm-none-eabi/10.3.1/../../../../arm-none-eabi/lib/thumb/v7-m/nofp\libc.a(lib_a-strncpy.o)
 .ARM.attributes
                0x0000078e       0x2d d:/gnu arm embedded toolchain10/10 2021.07/bin/../lib/gcc/arm-none-eabi/10.3.1/../../../../arm-none-eabi/lib/thumb/v7-m/nofp\libc.a(lib_a-svfiprintf.o)
 .ARM.attributes
                0x000007bb       0x2d d:/gnu arm embedded toolchain10/10 2021.07/bin/../lib/gcc/arm-none-eabi/10.3.1/../../../../arm-none-eabi/lib/thumb/v7-m/nofp\libc.a(lib_a-assert.o)
 .ARM.attributes
                0x000007e8       0x2d d:/gnu arm embedded toolchain10/10 2021.07/bin/../lib/gcc/arm-none-eabi/10.3.1/../../../../arm-none-eabi/lib/thumb/v7-m/nofp\libc.a(lib_a-callocr.o)
 .ARM.attributes
                0x00000815       0x2d d:/gnu arm embedded toolchain10/10 2021.07/bin/../lib/gcc/arm-none-eabi/10.3.1/../../../../arm-none-eabi/lib/thumb/v7-m/nofp\libc.a(lib_a-errno.o)
 .ARM.attributes
                0x00000842       0x2d d:/gnu arm embedded toolchain10/10 2021.07/bin/../lib/gcc/arm-none-eabi/10.3.1/../../../../arm-none-eabi/lib/thumb/v7-m/nofp\libc.a(lib_a-fiprintf.o)
 .ARM.attributes
                0x0000086f       0x2d d:/gnu arm embedded toolchain10/10 2021.07/bin/../lib/gcc/arm-none-eabi/10.3.1/../../../../arm-none-eabi/lib/thumb/v7-m/nofp\libc.a(lib_a-locale.o)
 .ARM.attributes
                0x0000089c       0x2d d:/gnu arm embedded toolchain10/10 2021.07/bin/../lib/gcc/arm-none-eabi/10.3.1/../../../../arm-none-eabi/lib/thumb/v7-m/nofp\libc.a(lib_a-mbtowc_r.o)
 .ARM.attributes
                0x000008c9       0x2d d:/gnu arm embedded toolchain10/10 2021.07/bin/../lib/gcc/arm-none-eabi/10.3.1/../../../../arm-none-eabi/lib/thumb/v7-m/nofp\libc.a(lib_a-memmove.o)
 .ARM.attributes
                0x000008f6       0x2d d:/gnu arm embedded toolchain10/10 2021.07/bin/../lib/gcc/arm-none-eabi/10.3.1/../../../../arm-none-eabi/lib/thumb/v7-m/nofp\libc.a(lib_a-reallocr.o)
 .ARM.attributes
                0x00000923       0x2d d:/gnu arm embedded toolchain10/10 2021.07/bin/../lib/gcc/arm-none-eabi/10.3.1/../../../../arm-none-eabi/lib/thumb/v7-m/nofp\libc.a(lib_a-reent.o)
 .ARM.attributes
                0x00000950       0x2d d:/gnu arm embedded toolchain10/10 2021.07/bin/../lib/gcc/arm-none-eabi/10.3.1/../../../../arm-none-eabi/lib/thumb/v7-m/nofp\libc.a(lib_a-vfiprintf.o)
 .ARM.attributes
                0x0000097d       0x2d d:/gnu arm embedded toolchain10/10 2021.07/bin/../lib/gcc/arm-none-eabi/10.3.1/../../../../arm-none-eabi/lib/thumb/v7-m/nofp\libc.a(lib_a-wctomb_r.o)
 .ARM.attributes
                0x000009aa       0x2d d:/gnu arm embedded toolchain10/10 2021.07/bin/../lib/gcc/arm-none-eabi/10.3.1/../../../../arm-none-eabi/lib/thumb/v7-m/nofp\libc.a(lib_a-wsetup.o)
 .ARM.attributes
                0x000009d7       0x2d d:/gnu arm embedded toolchain10/10 2021.07/bin/../lib/gcc/arm-none-eabi/10.3.1/../../../../arm-none-eabi/lib/thumb/v7-m/nofp\libc.a(lib_a-abort.o)
 .ARM.attributes
                0x00000a04       0x2d d:/gnu arm embedded toolchain10/10 2021.07/bin/../lib/gcc/arm-none-eabi/10.3.1/../../../../arm-none-eabi/lib/thumb/v7-m/nofp\libc.a(lib_a-ctype_.o)
 .ARM.attributes
                0x00000a31       0x2d d:/gnu arm embedded toolchain10/10 2021.07/bin/../lib/gcc/arm-none-eabi/10.3.1/../../../../arm-none-eabi/lib/thumb/v7-m/nofp\libc.a(lib_a-fflush.o)
 .ARM.attributes
                0x00000a5e       0x2d d:/gnu arm embedded toolchain10/10 2021.07/bin/../lib/gcc/arm-none-eabi/10.3.1/../../../../arm-none-eabi/lib/thumb/v7-m/nofp\libc.a(lib_a-findfp.o)
 .ARM.attributes
                0x00000a8b       0x2d d:/gnu arm embedded toolchain10/10 2021.07/bin/../lib/gcc/arm-none-eabi/10.3.1/../../../../arm-none-eabi/lib/thumb/v7-m/nofp\libc.a(lib_a-fputwc.o)
 .ARM.attributes
                0x00000ab8       0x2d d:/gnu arm embedded toolchain10/10 2021.07/bin/../lib/gcc/arm-none-eabi/10.3.1/../../../../arm-none-eabi/lib/thumb/v7-m/nofp\libc.a(lib_a-fvwrite.o)
 .ARM.attributes
                0x00000ae5       0x2d d:/gnu arm embedded toolchain10/10 2021.07/bin/../lib/gcc/arm-none-eabi/10.3.1/../../../../arm-none-eabi/lib/thumb/v7-m/nofp\libc.a(lib_a-fwalk.o)
 .ARM.attributes
                0x00000b12       0x2d d:/gnu arm embedded toolchain10/10 2021.07/bin/../lib/gcc/arm-none-eabi/10.3.1/../../../../arm-none-eabi/lib/thumb/v7-m/nofp\libc.a(lib_a-makebuf.o)
 .ARM.attributes
                0x00000b3f       0x2d d:/gnu arm embedded toolchain10/10 2021.07/bin/../lib/gcc/arm-none-eabi/10.3.1/../../../../arm-none-eabi/lib/thumb/v7-m/nofp\libc.a(lib_a-signal.o)
 .ARM.attributes
                0x00000b6c       0x2d d:/gnu arm embedded toolchain10/10 2021.07/bin/../lib/gcc/arm-none-eabi/10.3.1/../../../../arm-none-eabi/lib/thumb/v7-m/nofp\libc.a(lib_a-signalr.o)
 .ARM.attributes
                0x00000b99       0x2d d:/gnu arm embedded toolchain10/10 2021.07/bin/../lib/gcc/arm-none-eabi/10.3.1/../../../../arm-none-eabi/lib/thumb/v7-m/nofp\libc.a(lib_a-stdio.o)
 .ARM.attributes
                0x00000bc6       0x2d d:/gnu arm embedded toolchain10/10 2021.07/bin/../lib/gcc/arm-none-eabi/10.3.1/../../../../arm-none-eabi/lib/thumb/v7-m/nofp\libc.a(lib_a-wbuf.o)
 .ARM.attributes
                0x00000bf3       0x2d d:/gnu arm embedded toolchain10/10 2021.07/bin/../lib/gcc/arm-none-eabi/10.3.1/../../../../arm-none-eabi/lib/thumb/v7-m/nofp\libc.a(lib_a-wcrtomb.o)
 .ARM.attributes
                0x00000c20       0x2d d:/gnu arm embedded toolchain10/10 2021.07/bin/../lib/gcc/arm-none-eabi/10.3.1/../../../../arm-none-eabi/lib/thumb/v7-m/nofp\libc.a(lib_a-writer.o)
 .ARM.attributes
                0x00000c4d       0x2d d:/gnu arm embedded toolchain10/10 2021.07/bin/../lib/gcc/arm-none-eabi/10.3.1/../../../../arm-none-eabi/lib/thumb/v7-m/nofp\libc.a(lib_a-closer.o)
 .ARM.attributes
                0x00000c7a       0x2d d:/gnu arm embedded toolchain10/10 2021.07/bin/../lib/gcc/arm-none-eabi/10.3.1/../../../../arm-none-eabi/lib/thumb/v7-m/nofp\libc.a(lib_a-fclose.o)
 .ARM.attributes
                0x00000ca7       0x2d d:/gnu arm embedded toolchain10/10 2021.07/bin/../lib/gcc/arm-none-eabi/10.3.1/../../../../arm-none-eabi/lib/thumb/v7-m/nofp\libc.a(lib_a-fstatr.o)
 .ARM.attributes
                0x00000cd4       0x2d d:/gnu arm embedded toolchain10/10 2021.07/bin/../lib/gcc/arm-none-eabi/10.3.1/../../../../arm-none-eabi/lib/thumb/v7-m/nofp\libc.a(lib_a-isattyr.o)
 .ARM.attributes
                0x00000d01       0x2d d:/gnu arm embedded toolchain10/10 2021.07/bin/../lib/gcc/arm-none-eabi/10.3.1/../../../../arm-none-eabi/lib/thumb/v7-m/nofp\libc.a(lib_a-lseekr.o)
 .ARM.attributes
                0x00000d2e       0x2d d:/gnu arm embedded toolchain10/10 2021.07/bin/../lib/gcc/arm-none-eabi/10.3.1/../../../../arm-none-eabi/lib/thumb/v7-m/nofp\libc.a(lib_a-readr.o)
 .ARM.attributes
                0x00000d5b       0x2d d:/gnu arm embedded toolchain10/10 2021.07/bin/../lib/gcc/arm-none-eabi/10.3.1/../../../../arm-none-eabi/lib/thumb/v7-m/nofp\libnosys.a(close.o)
 .ARM.attributes
                0x00000d88       0x2d d:/gnu arm embedded toolchain10/10 2021.07/bin/../lib/gcc/arm-none-eabi/10.3.1/../../../../arm-none-eabi/lib/thumb/v7-m/nofp\libnosys.a(fstat.o)
 .ARM.attributes
                0x00000db5       0x2d d:/gnu arm embedded toolchain10/10 2021.07/bin/../lib/gcc/arm-none-eabi/10.3.1/../../../../arm-none-eabi/lib/thumb/v7-m/nofp\libnosys.a(getpid.o)
 .ARM.attributes
                0x00000de2       0x2d d:/gnu arm embedded toolchain10/10 2021.07/bin/../lib/gcc/arm-none-eabi/10.3.1/../../../../arm-none-eabi/lib/thumb/v7-m/nofp\libnosys.a(isatty.o)
 .ARM.attributes
                0x00000e0f       0x2d d:/gnu arm embedded toolchain10/10 2021.07/bin/../lib/gcc/arm-none-eabi/10.3.1/../../../../arm-none-eabi/lib/thumb/v7-m/nofp\libnosys.a(kill.o)
 .ARM.attributes
                0x00000e3c       0x2d d:/gnu arm embedded toolchain10/10 2021.07/bin/../lib/gcc/arm-none-eabi/10.3.1/../../../../arm-none-eabi/lib/thumb/v7-m/nofp\libnosys.a(lseek.o)
 .ARM.attributes
                0x00000e69       0x2d d:/gnu arm embedded toolchain10/10 2021.07/bin/../lib/gcc/arm-none-eabi/10.3.1/../../../../arm-none-eabi/lib/thumb/v7-m/nofp\libnosys.a(read.o)
 .ARM.attributes
                0x00000e96       0x2d d:/gnu arm embedded toolchain10/10 2021.07/bin/../lib/gcc/arm-none-eabi/10.3.1/../../../../arm-none-eabi/lib/thumb/v7-m/nofp\libnosys.a(sbrk.o)
 .ARM.attributes
                0x00000ec3       0x2d d:/gnu arm embedded toolchain10/10 2021.07/bin/../lib/gcc/arm-none-eabi/10.3.1/../../../../arm-none-eabi/lib/thumb/v7-m/nofp\libnosys.a(write.o)
 .ARM.attributes
                0x00000ef0       0x2d d:/gnu arm embedded toolchain10/10 2021.07/bin/../lib/gcc/arm-none-eabi/10.3.1/../../../../arm-none-eabi/lib/thumb/v7-m/nofp\libnosys.a(_exit.o)
 .ARM.attributes
                0x00000f1d       0x1d d:/gnu arm embedded toolchain10/10 2021.07/bin/../lib/gcc/arm-none-eabi/10.3.1/thumb/v7-m/nofp\libgcc.a(_arm_addsubdf3.o)
 .ARM.attributes
                0x00000f3a       0x1d d:/gnu arm embedded toolchain10/10 2021.07/bin/../lib/gcc/arm-none-eabi/10.3.1/thumb/v7-m/nofp\libgcc.a(_arm_muldivdf3.o)
 .ARM.attributes
                0x00000f57       0x1d d:/gnu arm embedded toolchain10/10 2021.07/bin/../lib/gcc/arm-none-eabi/10.3.1/thumb/v7-m/nofp\libgcc.a(_arm_cmpdf2.o)
 .ARM.attributes
                0x00000f74       0x1d d:/gnu arm embedded toolchain10/10 2021.07/bin/../lib/gcc/arm-none-eabi/10.3.1/thumb/v7-m/nofp\libgcc.a(_arm_unorddf2.o)
 .ARM.attributes
                0x00000f91       0x1d d:/gnu arm embedded toolchain10/10 2021.07/bin/../lib/gcc/arm-none-eabi/10.3.1/thumb/v7-m/nofp\libgcc.a(_arm_fixdfsi.o)
 .ARM.attributes
                0x00000fae       0x1d d:/gnu arm embedded toolchain10/10 2021.07/bin/../lib/gcc/arm-none-eabi/10.3.1/thumb/v7-m/nofp\libgcc.a(_arm_truncdfsf2.o)
 .ARM.attributes
                0x00000fcb       0x1d d:/gnu arm embedded toolchain10/10 2021.07/bin/../lib/gcc/arm-none-eabi/10.3.1/thumb/v7-m/nofp\libgcc.a(_arm_addsubsf3.o)
 .ARM.attributes
                0x00000fe8       0x1d d:/gnu arm embedded toolchain10/10 2021.07/bin/../lib/gcc/arm-none-eabi/10.3.1/thumb/v7-m/nofp\libgcc.a(_arm_muldivsf3.o)
 .ARM.attributes
                0x00001005       0x1d d:/gnu arm embedded toolchain10/10 2021.07/bin/../lib/gcc/arm-none-eabi/10.3.1/thumb/v7-m/nofp\libgcc.a(_arm_cmpsf2.o)
 .ARM.attributes
                0x00001022       0x1d d:/gnu arm embedded toolchain10/10 2021.07/bin/../lib/gcc/arm-none-eabi/10.3.1/thumb/v7-m/nofp\libgcc.a(_arm_fixsfsi.o)
 .ARM.attributes
                0x0000103f       0x1d d:/gnu arm embedded toolchain10/10 2021.07/bin/../lib/gcc/arm-none-eabi/10.3.1/thumb/v7-m/nofp\libgcc.a(_aeabi_uldivmod.o)
 .ARM.attributes
                0x0000105c       0x2d d:/gnu arm embedded toolchain10/10 2021.07/bin/../lib/gcc/arm-none-eabi/10.3.1/thumb/v7-m/nofp\libgcc.a(_udivmoddi4.o)
 .ARM.attributes
                0x00001089       0x1d d:/gnu arm embedded toolchain10/10 2021.07/bin/../lib/gcc/arm-none-eabi/10.3.1/thumb/v7-m/nofp\libgcc.a(_dvmd_tls.o)
 .ARM.attributes
                0x000010a6       0x1d d:/gnu arm embedded toolchain10/10 2021.07/bin/../lib/gcc/arm-none-eabi/10.3.1/thumb/v7-m/nofp/crtn.o
OUTPUT(build/demo.elf elf32-littlearm)
LOAD linker stubs
LOAD d:/gnu arm embedded toolchain10/10 2021.07/bin/../lib/gcc/arm-none-eabi/10.3.1/../../../../arm-none-eabi/lib/thumb/v7-m/nofp\libc.a
LOAD d:/gnu arm embedded toolchain10/10 2021.07/bin/../lib/gcc/arm-none-eabi/10.3.1/../../../../arm-none-eabi/lib/thumb/v7-m/nofp\libm.a
LOAD d:/gnu arm embedded toolchain10/10 2021.07/bin/../lib/gcc/arm-none-eabi/10.3.1/thumb/v7-m/nofp\libgcc.a

.debug_info     0x00000000    0x12afe
 .debug_info    0x00000000     0x2630 build/main.o
 .debug_info    0x00002630      0x3f9 build/gpio.o
 .debug_info    0x00002a29      0x2f2 build/delay.o
 .debug_info    0x00002d1b      0xb5f build/stm32f1xx_it.o
 .debug_info    0x0000387a      0x238 build/stm32f1xx_hal_msp.o
 .debug_info    0x00003ab2     0x3df8 build/stm32f1xx_hal_tim.o
 .debug_info    0x000078aa     0x1b67 build/stm32f1xx_hal_tim_ex.o
 .debug_info    0x00009411      0x8bb build/stm32f1xx_hal.o
 .debug_info    0x00009ccc      0xaec build/stm32f1xx_hal_rcc.o
 .debug_info    0x0000a7b8      0x6d7 build/stm32f1xx_hal_gpio.o
 .debug_info    0x0000ae8f      0x8ba build/stm32f1xx_hal_dma.o
 .debug_info    0x0000b749      0xe93 build/stm32f1xx_hal_cortex.o
 .debug_info    0x0000c5dc      0x26e build/system_stm32f1xx.o
 .debug_info    0x0000c84a     0x1678 build/tim.o
 .debug_info    0x0000dec2     0x1060 build/usart.o
 .debug_info    0x0000ef22     0x1e12 build/stm32f1xx_hal_uart.o
 .debug_info    0x00010d34      0x3ab build/dma.o
 .debug_info    0x000110df      0xe2b build/jy62.o
 .debug_info    0x00011f0a      0xbd2 build/zigbee.o
 .debug_info    0x00012adc       0x22 build/startup_stm32f103xe.o

.debug_abbrev   0x00000000     0x2928
 .debug_abbrev  0x00000000      0x3f0 build/main.o
 .debug_abbrev  0x000003f0      0x13f build/gpio.o
 .debug_abbrev  0x0000052f      0x13e build/delay.o
 .debug_abbrev  0x0000066d      0x1d0 build/stm32f1xx_it.o
 .debug_abbrev  0x0000083d       0xe7 build/stm32f1xx_hal_msp.o
 .debug_abbrev  0x00000924      0x296 build/stm32f1xx_hal_tim.o
 .debug_abbrev  0x00000bba      0x298 build/stm32f1xx_hal_tim_ex.o
 .debug_abbrev  0x00000e52      0x1f7 build/stm32f1xx_hal.o
 .debug_abbrev  0x00001049      0x29a build/stm32f1xx_hal_rcc.o
 .debug_abbrev  0x000012e3      0x222 build/stm32f1xx_hal_gpio.o
 .debug_abbrev  0x00001505      0x262 build/stm32f1xx_hal_dma.o
 .debug_abbrev  0x00001767      0x359 build/stm32f1xx_hal_cortex.o
 .debug_abbrev  0x00001ac0      0x140 build/system_stm32f1xx.o
 .debug_abbrev  0x00001c00      0x232 build/tim.o
 .debug_abbrev  0x00001e32      0x308 build/usart.o
 .debug_abbrev  0x0000213a      0x2ab build/stm32f1xx_hal_uart.o
 .debug_abbrev  0x000023e5      0x117 build/dma.o
 .debug_abbrev  0x000024fc      0x204 build/jy62.o
 .debug_abbrev  0x00002700      0x216 build/zigbee.o
 .debug_abbrev  0x00002916       0x12 build/startup_stm32f103xe.o

.debug_loc      0x00000000     0xda43
 .debug_loc     0x00000000      0xb3c build/main.o
 .debug_loc     0x00000b3c       0x39 build/gpio.o
 .debug_loc     0x00000b75      0x315 build/delay.o
 .debug_loc     0x00000e8a       0xc0 build/stm32f1xx_it.o
 .debug_loc     0x00000f4a       0x41 build/stm32f1xx_hal_msp.o
 .debug_loc     0x00000f8b     0x5280 build/stm32f1xx_hal_tim.o
 .debug_loc     0x0000620b     0x1f72 build/stm32f1xx_hal_tim_ex.o
 .debug_loc     0x0000817d      0x1e1 build/stm32f1xx_hal.o
 .debug_loc     0x0000835e      0x7ee build/stm32f1xx_hal_rcc.o
 .debug_loc     0x00008b4c      0x551 build/stm32f1xx_hal_gpio.o
 .debug_loc     0x0000909d      0x8ea build/stm32f1xx_hal_dma.o
 .debug_loc     0x00009987      0x77f build/stm32f1xx_hal_cortex.o
 .debug_loc     0x0000a106       0xff build/system_stm32f1xx.o
 .debug_loc     0x0000a205      0x49e build/tim.o
 .debug_loc     0x0000a6a3      0x367 build/usart.o
 .debug_loc     0x0000aa0a     0x267b build/stm32f1xx_hal_uart.o
 .debug_loc     0x0000d085       0x38 build/dma.o
 .debug_loc     0x0000d0bd      0x2c1 build/jy62.o
 .debug_loc     0x0000d37e      0x6c5 build/zigbee.o

.debug_aranges  0x00000000      0xec0
 .debug_aranges
                0x00000000       0xa0 build/main.o
 .debug_aranges
                0x000000a0       0x20 build/gpio.o
 .debug_aranges
                0x000000c0       0x38 build/delay.o
 .debug_aranges
                0x000000f8       0x88 build/stm32f1xx_it.o
 .debug_aranges
                0x00000180       0x20 build/stm32f1xx_hal_msp.o
 .debug_aranges
                0x000001a0      0x3d0 build/stm32f1xx_hal_tim.o
 .debug_aranges
                0x00000570      0x168 build/stm32f1xx_hal_tim_ex.o
 .debug_aranges
                0x000006d8       0xe0 build/stm32f1xx_hal.o
 .debug_aranges
                0x000007b8       0x90 build/stm32f1xx_hal_rcc.o
 .debug_aranges
                0x00000848       0x58 build/stm32f1xx_hal_gpio.o
 .debug_aranges
                0x000008a0       0x80 build/stm32f1xx_hal_dma.o
 .debug_aranges
                0x00000920       0x90 build/stm32f1xx_hal_cortex.o
 .debug_aranges
                0x000009b0       0x28 build/system_stm32f1xx.o
 .debug_aranges
                0x000009d8       0x70 build/tim.o
 .debug_aranges
                0x00000a48       0x60 build/usart.o
 .debug_aranges
                0x00000aa8      0x200 build/stm32f1xx_hal_uart.o
 .debug_aranges
                0x00000ca8       0x20 build/dma.o
 .debug_aranges
                0x00000cc8       0xd0 build/jy62.o
 .debug_aranges
                0x00000d98      0x100 build/zigbee.o