Archive member included to satisfy reference by file (symbol)

d:/gnu arm embedded toolchain10/10 2021.07/bin/../lib/gcc/arm-none-eabi/10.3.1/../../../../arm-none-eabi/lib/thumb/v7-m/nofp\libc.a(lib_a-exit.o)
                              d:/gnu arm embedded toolchain10/10 2021.07/bin/../lib/gcc/arm-none-eabi/10.3.1/../../../../arm-none-eabi/lib/thumb/v7-m/nofp/crt0.o (exit)
d:/gnu arm embedded toolchain10/10 2021.07/bin/../lib/gcc/arm-none-eabi/10.3.1/../../../../arm-none-eabi/lib/thumb/v7-m/nofp\libc.a(lib_a-impure.o)
                              d:/gnu arm embedded toolchain10/10 2021.07/bin/../lib/gcc/arm-none-eabi/10.3.1/../../../../arm-none-eabi/lib/thumb/v7-m/nofp\libc.a(lib_a-exit.o) (_global_impure_ptr)
d:/gnu arm embedded toolchain10/10 2021.07/bin/../lib/gcc/arm-none-eabi/10.3.1/../../../../arm-none-eabi/lib/thumb/v7-m/nofp\libc.a(lib_a-init.o)
                              d:/gnu arm embedded toolchain10/10 2021.07/bin/../lib/gcc/arm-none-eabi/10.3.1/../../../../arm-none-eabi/lib/thumb/v7-m/nofp/crt0.o (__libc_init_array)
d:/gnu arm embedded toolchain10/10 2021.07/bin/../lib/gcc/arm-none-eabi/10.3.1/../../../../arm-none-eabi/lib/thumb/v7-m/nofp\libc.a(lib_a-memset.o)
                              d:/gnu arm embedded toolchain10/10 2021.07/bin/../lib/gcc/arm-none-eabi/10.3.1/../../../../arm-none-eabi/lib/thumb/v7-m/nofp/crt0.o (memset)
d:/gnu arm embedded toolchain10/10 2021.07/bin/../lib/gcc/arm-none-eabi/10.3.1/../../../../arm-none-eabi/lib/thumb/v7-m/nofp\libc.a(lib_a-strlen-stub.o)
                              build/usart.o (strlen)
d:/gnu arm embedded toolchain10/10 2021.07/bin/../lib/gcc/arm-none-eabi/10.3.1/../../../../arm-none-eabi/lib/thumb/v7-m/nofp\libc.a(lib_a-vsprintf.o)
                              build/usart.o (vsprintf)
d:/gnu arm embedded toolchain10/10 2021.07/bin/../lib/gcc/arm-none-eabi/10.3.1/../../../../arm-none-eabi/lib/thumb/v7-m/nofp\libc.a(lib_a-__call_atexit.o)
                              d:/gnu arm embedded toolchain10/10 2021.07/bin/../lib/gcc/arm-none-eabi/10.3.1/../../../../arm-none-eabi/lib/thumb/v7-m/nofp\libc.a(lib_a-exit.o) (__call_exitprocs)
d:/gnu arm embedded toolchain10/10 2021.07/bin/../lib/gcc/arm-none-eabi/10.3.1/../../../../arm-none-eabi/lib/thumb/v7-m/nofp\libc.a(lib_a-atexit.o)
                              d:/gnu arm embedded toolchain10/10 2021.07/bin/../lib/gcc/arm-none-eabi/10.3.1/../../../../arm-none-eabi/lib/thumb/v7-m/nofp\libc.a(lib_a-__call_atexit.o) (atexit)
d:/gnu arm embedded toolchain10/10 2021.07/bin/../lib/gcc/arm-none-eabi/10.3.1/../../../../arm-none-eabi/lib/thumb/v7-m/nofp\libc.a(lib_a-fini.o)
                              d:/gnu arm embedded toolchain10/10 2021.07/bin/../lib/gcc/arm-none-eabi/10.3.1/../../../../arm-none-eabi/lib/thumb/v7-m/nofp\libc.a(lib_a-__call_atexit.o) (__libc_fini_array)
d:/gnu arm embedded toolchain10/10 2021.07/bin/../lib/gcc/arm-none-eabi/10.3.1/../../../../arm-none-eabi/lib/thumb/v7-m/nofp\libc.a(lib_a-lock.o)
                              d:/gnu arm embedded toolchain10/10 2021.07/bin/../lib/gcc/arm-none-eabi/10.3.1/../../../../arm-none-eabi/lib/thumb/v7-m/nofp\libc.a(lib_a-__call_atexit.o) (__retarget_lock_acquire_recursive)
d:/gnu arm embedded toolchain10/10 2021.07/bin/../lib/gcc/arm-none-eabi/10.3.1/../../../../arm-none-eabi/lib/thumb/v7-m/nofp\libc.a(lib_a-svfprintf.o)
                              d:/gnu arm embedded toolchain10/10 2021.07/bin/../lib/gcc/arm-none-eabi/10.3.1/../../../../arm-none-eabi/lib/thumb/v7-m/nofp\libc.a(lib_a-vsprintf.o) (_svfprintf_r)
d:/gnu arm embedded toolchain10/10 2021.07/bin/../lib/gcc/arm-none-eabi/10.3.1/../../../../arm-none-eabi/lib/thumb/v7-m/nofp\libc.a(lib_a-__atexit.o)
                              d:/gnu arm embedded toolchain10/10 2021.07/bin/../lib/gcc/arm-none-eabi/10.3.1/../../../../arm-none-eabi/lib/thumb/v7-m/nofp\libc.a(lib_a-atexit.o) (__register_exitproc)
d:/gnu arm embedded toolchain10/10 2021.07/bin/../lib/gcc/arm-none-eabi/10.3.1/../../../../arm-none-eabi/lib/thumb/v7-m/nofp\libc.a(lib_a-dtoa.o)
                              d:/gnu arm embedded toolchain10/10 2021.07/bin/../lib/gcc/arm-none-eabi/10.3.1/../../../../arm-none-eabi/lib/thumb/v7-m/nofp\libc.a(lib_a-svfprintf.o) (_dtoa_r)
d:/gnu arm embedded toolchain10/10 2021.07/bin/../lib/gcc/arm-none-eabi/10.3.1/../../../../arm-none-eabi/lib/thumb/v7-m/nofp\libc.a(lib_a-freer.o)
                              d:/gnu arm embedded toolchain10/10 2021.07/bin/../lib/gcc/arm-none-eabi/10.3.1/../../../../arm-none-eabi/lib/thumb/v7-m/nofp\libc.a(lib_a-svfprintf.o) (_free_r)
d:/gnu arm embedded toolchain10/10 2021.07/bin/../lib/gcc/arm-none-eabi/10.3.1/../../../../arm-none-eabi/lib/thumb/v7-m/nofp\libc.a(lib_a-localeconv.o)
                              d:/gnu arm embedded toolchain10/10 2021.07/bin/../lib/gcc/arm-none-eabi/10.3.1/../../../../arm-none-eabi/lib/thumb/v7-m/nofp\libc.a(lib_a-svfprintf.o) (_localeconv_r)
[...]
Memory Configuration

Name             Origin             Length             Attributes
RAM              0x20000000         0x0000c000         xrw
FLASH            0x08000000         0x00040000         xr
*default*        0x00000000         0xffffffff

Linker script and memory map

LOAD d:/gnu arm embedded toolchain10/10 2021.07/bin/../lib/gcc/arm-none-eabi/10.3.1/thumb/v7-m/nofp/crti.o
LOAD d:/gnu arm embedded toolchain10/10 2021.07/bin/../lib/gcc/arm-none-eabi/10.3.1/thumb/v7-m/nofp/crtbegin.o
LOAD d:/gnu arm embedded toolchain10/10 2021.07/bin/../lib/gcc/arm-none-eabi/10.3.1/../../../../arm-none-eabi/lib/thumb/v7-m/nofp/crt0.o
LOAD build/main.o
LOAD build/gpio.o
LOAD build/delay.o
LOAD build/stm32f1xx_it.o
LOAD build/stm32f1xx_hal_msp.o
LOAD build/stm32f1xx_hal_gpio_ex.o
LOAD build/stm32f1xx_hal_tim.o
LOAD build/stm32f1xx_hal_tim_ex.o
LOAD build/stm32f1xx_hal.o
LOAD build/stm32f1xx_hal_rcc.o
LOAD build/stm32f1xx_hal_rcc_ex.o
LOAD build/stm32f1xx_hal_gpio.o
LOAD build/stm32f1xx_hal_dma.o
LOAD build/stm32f1xx_hal_cortex.o
LOAD build/stm32f1xx_hal_pwr.o
LOAD build/stm32f1xx_hal_flash.o
LOAD build/stm32f1xx_hal_flash_ex.o
LOAD build/stm32f1xx_hal_exti.o
LOAD build/system_stm32f1xx.o
LOAD build/tim.o
LOAD build/usart.o
LOAD build/stm32f1xx_hal_uart.o
LOAD build/startup_stm32f103xe.o
LOAD d:/gnu arm embedded toolchain10/10 2021.07/bin/../lib/gcc/arm-none-eabi/10.3.1/../../../../arm-none-eabi/lib/thumb/v7-m/nofp\libc.a
LOAD d:/gnu arm embedded toolchain10/10 2021.07/bin/../lib/gcc/arm-none-eabi/10.3.1/../../../../arm-none-eabi/lib/thumb/v7-m/nofp\libm.a
LOAD d:/gnu arm embedded toolchain10/10 2021.07/bin/../lib/gcc/arm-none-eabi/10.3.1/../../../../arm-none-eabi/lib/thumb/v7-m/nofp\libnosys.a
START GROUP
LOAD d:/gnu arm embedded toolchain10/10 2021.07/bin/../lib/gcc/arm-none-eabi/10.3.1/thumb/v7-m/nofp\libgcc.a
LOAD d:/gnu arm embedded toolchain10/10 2021.07/bin/../lib/gcc/arm-none-eabi/10.3.1/../../../../arm-none-eabi/lib/thumb/v7-m/nofp\libc.a
END GROUP
START GROUP
LOAD d:/gnu arm embedded toolchain10/10 2021.07/bin/../lib/gcc/arm-none-eabi/10.3.1/thumb/v7-m/nofp\libgcc.a
LOAD d:/gnu arm embedded toolchain10/10 2021.07/bin/../lib/gcc/arm-none-eabi/10.3.1/../../../../arm-none-eabi/lib/thumb/v7-m/nofp\libc.a
LOAD d:/gnu arm embedded toolchain10/10 2021.07/bin/../lib/gcc/arm-none-eabi/10.3.1/../../../../arm-none-eabi/lib/thumb/v7-m/nofp\libnosys.a
END GROUP
LOAD d:/gnu arm embedded toolchain10/10 2021.07/bin/../lib/gcc/arm-none-eabi/10.3.1/thumb/v7-m/nofp/crtend.o
LOAD d:/gnu arm embedded toolchain10/10 2021.07/bin/../lib/gcc/arm-none-eabi/10.3.1/thumb/v7-m/nofp/crtn.o
                0x2000c000                _estack = 0x2000c000
                0x00000200                _Min_Heap_Size = 0x200
                0x00000400                _Min_Stack_Size = 0x400

.isr_vector     0x08000000      0x1e4
                0x08000000                . = ALIGN (0x4)
 *(.isr_vector)
 .isr_vector    0x08000000      0x1e4 build/startup_stm32f103xe.o
                0x08000000                g_pfnVectors
                0x080001e4                . = ALIGN (0x4)

.text           0x080001e8     0x8ea0
                0x080001e8                . = ALIGN (0x4)
 *(.text)
 .text          0x080001e8       0x40 d:/gnu arm embedded toolchain10/10 2021.07/bin/../lib/gcc/arm-none-eabi/10.3.1/thumb/v7-m/nofp/crtbegin.o
 .text          0x08000228       0xec d:/gnu arm embedded toolchain10/10 2021.07/bin/../lib/gcc/arm-none-eabi/10.3.1/../../../../arm-none-eabi/lib/thumb/v7-m/nofp\libc.a(lib_a-memcpy.o)
                0x08000228                memcpy
 .text          0x08000314      0x378 d:/gnu arm embedded toolchain10/10 2021.07/bin/../lib/gcc/arm-none-eabi/10.3.1/thumb/v7-m/nofp\libgcc.a(_arm_addsubdf3.o)
                0x08000314                __aeabi_drsub
                0x0800031c                __aeabi_dsub
                0x0800031c                __subdf3
                0x08000320                __aeabi_dadd
                0x08000320                __adddf3
                0x08000598                __floatunsidf
                0x08000598                __aeabi_ui2d
                0x080005b8                __floatsidf
                0x080005b8                __aeabi_i2d
                0x080005dc                __aeabi_f2d
                0x080005dc                __extendsfdf2
                0x08000620                __floatundidf
                0x08000620                __aeabi_ul2d
                0x08000630                __floatdidf
                0x08000630                __aeabi_l2d
 .text          0x0800068c      0x424 d:/gnu arm embedded toolchain10/10 2021.07/bin/../lib/gcc/arm-none-eabi/10.3.1/thumb/v7-m/nofp\libgcc.a(_arm_muldivdf3.o)
                0x0800068c                __aeabi_dmul
                0x0800068c                __muldf3
                0x080008e0                __divdf3
                0x080008e0                __aeabi_ddiv
 .text          0x08000ab0      0x110 d:/gnu arm embedded toolchain10/10 2021.07/bin/../lib/gcc/arm-none-eabi/10.3.1/thumb/v7-m/nofp\libgcc.a(_arm_cmpdf2.o)
                0x08000ab0                __gtdf2
                0x08000ab0                __gedf2
                0x08000ab8                __ltdf2
                0x08000ab8                __ledf2
                0x08000ac0                __nedf2
                0x08000ac0                __eqdf2
                0x08000ac0                __cmpdf2
                0x08000b3c                __aeabi_cdrcmple
                0x08000b4c                __aeabi_cdcmpeq
                0x08000b4c                __aeabi_cdcmple
                0x08000b5c                __aeabi_dcmpeq
                0x08000b70                __aeabi_dcmplt
                0x08000b84                __aeabi_dcmple
                0x08000b98                __aeabi_dcmpge
                0x08000bac                __aeabi_dcmpgt
 .text          0x08000bc0       0x2c d:/gnu arm embedded toolchain10/10 2021.07/bin/../lib/gcc/arm-none-eabi/10.3.1/thumb/v7-m/nofp\libgcc.a(_arm_unorddf2.o)
                0x08000bc0                __unorddf2
                0x08000bc0                __aeabi_dcmpun
 .text          0x08000bec       0x50 d:/gnu arm embedded toolchain10/10 2021.07/bin/../lib/gcc/arm-none-eabi/10.3.1/thumb/v7-m/nofp\libgcc.a(_arm_fixdfsi.o)
                0x08000bec                __aeabi_d2iz
                0x08000bec                __fixdfsi
 .text          0x08000c3c       0x30 d:/gnu arm embedded toolchain10/10 2021.07/bin/../lib/gcc/arm-none-eabi/10.3.1/thumb/v7-m/nofp\libgcc.a(_aeabi_uldivmod.o)
                0x08000c3c                __aeabi_uldivmod
 .text          0x08000c6c      0x2d4 d:/gnu arm embedded toolchain10/10 2021.07/bin/../lib/gcc/arm-none-eabi/10.3.1/thumb/v7-m/nofp\libgcc.a(_udivmoddi4.o)
                0x08000c6c                __udivmoddi4
 .text          0x08000f40        0x4 d:/gnu arm embedded toolchain10/10 2021.07/bin/../lib/gcc/arm-none-eabi/10.3.1/thumb/v7-m/nofp\libgcc.a(_dvmd_tls.o)
                0x08000f40                __aeabi_idiv0
                0x08000f40                __aeabi_ldiv0
 *(.text*)
 *fill*         0x08000f44        0x4 
 .text.PID      0x08000f48       0xf4 build/main.o
                0x08000f48                PID
 *fill*         0x0800103c        0x4 
 .text.HAL_TIM_PeriodElapsedCallback
                0x08001040       0x9c build/main.o
                0x08001040                HAL_TIM_PeriodElapsedCallback
 .text.Error_Handler
                0x080010dc        0x4 build/main.o
                0x080010dc                Error_Handler
 .text.SystemClock_Config
                0x080010e0       0x64 build/main.o
                0x080010e0                SystemClock_Config
 .text.main     0x08001144       0x8c build/main.o
                0x08001144                main
 .text.MX_GPIO_Init
                0x080011d0       0xb4 build/gpio.o
                0x080011d0                MX_GPIO_Init
 .text.NMI_Handler
                0x08001284        0x2 build/stm32f1xx_it.o
                0x08001284                NMI_Handler
 .text.HardFault_Handler
                0x08001286        0x2 build/stm32f1xx_it.o
                0x08001286                HardFault_Handler
 .text.MemManage_Handler
                0x08001288        0x2 build/stm32f1xx_it.o
                0x08001288                MemManage_Handler
 .text.BusFault_Handler
                0x0800128a        0x2 build/stm32f1xx_it.o
                0x0800128a                BusFault_Handler
 .text.UsageFault_Handler
                0x0800128c        0x2 build/stm32f1xx_it.o
                0x0800128c                UsageFault_Handler
 .text.SVC_Handler
                0x0800128e        0x2 build/stm32f1xx_it.o
                0x0800128e                SVC_Handler
 .text.DebugMon_Handler
                0x08001290        0x2 build/stm32f1xx_it.o
                0x08001290                DebugMon_Handler
 .text.PendSV_Handler
                0x08001292        0x2 build/stm32f1xx_it.o
                0x08001292                PendSV_Handler
 .text.SysTick_Handler
                0x08001294        0x8 build/stm32f1xx_it.o
                0x08001294                SysTick_Handler
 .text.TIM2_IRQHandler
                0x0800129c       0x10 build/stm32f1xx_it.o
                0x0800129c                TIM2_IRQHandler
 .text.HAL_MspInit
                0x080012ac       0x44 build/stm32f1xx_hal_msp.o
                0x080012ac                HAL_MspInit
 .text.TIM_OC1_SetConfig
                0x080012f0       0x68 build/stm32f1xx_hal_tim.o
 .text.TIM_OC3_SetConfig
                0x08001358       0x70 build/stm32f1xx_hal_tim.o
 .text.TIM_OC4_SetConfig
                0x080013c8       0x50 build/stm32f1xx_hal_tim.o
 .text.TIM_TI1_ConfigInputStage
                0x08001418       0x24 build/stm32f1xx_hal_tim.o
 .text.TIM_TI2_ConfigInputStage
                0x0800143c       0x26 build/stm32f1xx_hal_tim.o
 .text.TIM_ITRx_SetConfig
                0x08001462       0x10 build/stm32f1xx_hal_tim.o
 *fill*         0x08001472        0x2 
 .text.HAL_TIM_Base_Start_IT
                0x08001474       0x78 build/stm32f1xx_hal_tim.o
                0x08001474                HAL_TIM_Base_Start_IT
 .text.HAL_TIM_PWM_MspInit
                0x080014ec        0x2 build/stm32f1xx_hal_tim.o
                0x080014ec                HAL_TIM_PWM_MspInit
 .text.HAL_TIM_OC_DelayElapsedCallback
                0x080014ee        0x2 build/stm32f1xx_hal_tim.o
                0x080014ee                HAL_TIM_OC_DelayElapsedCallback
 .text.HAL_TIM_IC_CaptureCallback
                0x080014f0        0x2 build/stm32f1xx_hal_tim.o
                0x080014f0                HAL_TIM_IC_CaptureCallback
 .text.HAL_TIM_PWM_PulseFinishedCallback
                0x080014f2        0x2 build/stm32f1xx_hal_tim.o
                0x080014f2                HAL_TIM_PWM_PulseFinishedCallback
 .text.HAL_TIM_TriggerCallback
                0x080014f4        0x2 build/stm32f1xx_hal_tim.o
                0x080014f4                HAL_TIM_TriggerCallback
 .text.HAL_TIM_IRQHandler
                0x080014f6      0x17a build/stm32f1xx_hal_tim.o
                0x080014f6                HAL_TIM_IRQHandler
 .text.TIM_Base_SetConfig
                0x08001670       0x98 build/stm32f1xx_hal_tim.o
                0x08001670                TIM_Base_SetConfig
 .text.HAL_TIM_Base_Init
                0x08001708       0x58 build/stm32f1xx_hal_tim.o
                0x08001708                HAL_TIM_Base_Init
 .text.HAL_TIM_PWM_Init
                0x08001760       0x58 build/stm32f1xx_hal_tim.o
                0x08001760                HAL_TIM_PWM_Init
 .text.HAL_TIM_Encoder_Init
                0x080017b8       0xb8 build/stm32f1xx_hal_tim.o
                0x080017b8                HAL_TIM_Encoder_Init
 .text.TIM_OC2_SetConfig
                0x08001870       0x70 build/stm32f1xx_hal_tim.o
                0x08001870                TIM_OC2_SetConfig
 .text.HAL_TIM_PWM_ConfigChannel
                0x080018e0       0xd0 build/stm32f1xx_hal_tim.o
                0x080018e0                HAL_TIM_PWM_ConfigChannel
 .text.TIM_ETR_SetConfig
                0x080019b0       0x18 build/stm32f1xx_hal_tim.o
                0x080019b0                TIM_ETR_SetConfig
 .text.HAL_TIM_ConfigClockSource
                0x080019c8       0xda build/stm32f1xx_hal_tim.o
                0x080019c8                HAL_TIM_ConfigClockSource
 .text.TIM_CCxChannelCmd
                0x08001aa2       0x1e build/stm32f1xx_hal_tim.o
                0x08001aa2                TIM_CCxChannelCmd
 .text.HAL_TIM_PWM_Start
                0x08001ac0       0xf4 build/stm32f1xx_hal_tim.o
                0x08001ac0                HAL_TIM_PWM_Start
 .text.HAL_TIM_Encoder_Start
                0x08001bb4       0xcc build/stm32f1xx_hal_tim.o
                0x08001bb4                HAL_TIM_Encoder_Start
 .text.HAL_TIMEx_MasterConfigSynchronization
                0x08001c80       0x7c build/stm32f1xx_hal_tim_ex.o
                0x08001c80                HAL_TIMEx_MasterConfigSynchronization
 .text.HAL_TIMEx_ConfigBreakDeadTime
                0x08001cfc       0x52 build/stm32f1xx_hal_tim_ex.o
                0x08001cfc                HAL_TIMEx_ConfigBreakDeadTime
 .text.HAL_TIMEx_CommutCallback
                0x08001d4e        0x2 build/stm32f1xx_hal_tim_ex.o
                0x08001d4e                HAL_TIMEx_CommutCallback
 .text.HAL_TIMEx_BreakCallback
                0x08001d50        0x2 build/stm32f1xx_hal_tim_ex.o
                0x08001d50                HAL_TIMEx_BreakCallback
 *fill*         0x08001d52        0x2 
 .text.HAL_InitTick
                0x08001d54       0x4c build/stm32f1xx_hal.o
                0x08001d54                HAL_InitTick
 .text.HAL_Init
                0x08001da0       0x24 build/stm32f1xx_hal.o
                0x08001da0                HAL_Init
 .text.HAL_IncTick
                0x08001dc4       0x18 build/stm32f1xx_hal.o
                0x08001dc4                HAL_IncTick
 .text.HAL_GetTick
                0x08001ddc        0xc build/stm32f1xx_hal.o
                0x08001ddc                HAL_GetTick
 .text.RCC_Delay
                0x08001de8       0x2c build/stm32f1xx_hal_rcc.o
 .text.HAL_RCC_OscConfig
                0x08001e14      0x410 build/stm32f1xx_hal_rcc.o
                0x08001e14                HAL_RCC_OscConfig
 .text.HAL_RCC_GetSysClockFreq
                0x08002224       0x70 build/stm32f1xx_hal_rcc.o
                0x08002224                HAL_RCC_GetSysClockFreq
 .text.HAL_RCC_ClockConfig
                0x08002294      0x16c build/stm32f1xx_hal_rcc.o
                0x08002294                HAL_RCC_ClockConfig
 .text.HAL_RCC_GetHCLKFreq
                0x08002400        0xc build/stm32f1xx_hal_rcc.o
                0x08002400                HAL_RCC_GetHCLKFreq
 .text.HAL_RCC_GetPCLK1Freq
                0x0800240c       0x20 build/stm32f1xx_hal_rcc.o
                0x0800240c                HAL_RCC_GetPCLK1Freq
 .text.HAL_RCC_GetPCLK2Freq
                0x0800242c       0x20 build/stm32f1xx_hal_rcc.o
                0x0800242c                HAL_RCC_GetPCLK2Freq
 .text.HAL_GPIO_Init
                0x0800244c      0x240 build/stm32f1xx_hal_gpio.o
                0x0800244c                HAL_GPIO_Init
 .text.HAL_GPIO_WritePin
                0x0800268c        0xc build/stm32f1xx_hal_gpio.o
                0x0800268c                HAL_GPIO_WritePin
 .text.HAL_NVIC_SetPriorityGrouping
                0x08002698       0x24 build/stm32f1xx_hal_cortex.o
                0x08002698                HAL_NVIC_SetPriorityGrouping
 .text.HAL_NVIC_SetPriority
                0x080026bc       0x70 build/stm32f1xx_hal_cortex.o
                0x080026bc                HAL_NVIC_SetPriority
 .text.HAL_NVIC_EnableIRQ
                0x0800272c       0x1c build/stm32f1xx_hal_cortex.o
                0x0800272c                HAL_NVIC_EnableIRQ
 .text.HAL_SYSTICK_Config
                0x08002748       0x28 build/stm32f1xx_hal_cortex.o
                0x08002748                HAL_SYSTICK_Config
 .text.SystemInit
                0x08002770        0x2 build/system_stm32f1xx.o
                0x08002770                SystemInit
 *fill*         0x08002772        0x2 
 .text.MX_TIM2_Init
                0x08002774       0x6c build/tim.o
                0x08002774                MX_TIM2_Init
 .text.MX_TIM3_Init
                0x080027e0       0x64 build/tim.o
                0x080027e0                MX_TIM3_Init
 .text.MX_TIM4_Init
                0x08002844       0x64 build/tim.o
                0x08002844                MX_TIM4_Init
 .text.MX_TIM5_Init
                0x080028a8       0x64 build/tim.o
                0x080028a8                MX_TIM5_Init
 .text.MX_TIM8_Init
                0x0800290c       0x64 build/tim.o
                0x0800290c                MX_TIM8_Init
 .text.HAL_TIM_Base_MspInit
                0x08002970       0x60 build/tim.o
                0x08002970                HAL_TIM_Base_MspInit
 .text.HAL_TIM_Encoder_MspInit
                0x080029d0      0x120 build/tim.o
                0x080029d0                HAL_TIM_Encoder_MspInit
 .text.HAL_TIM_MspPostInit
                0x08002af0       0x50 build/tim.o
                0x08002af0                HAL_TIM_MspPostInit
 .text.MX_TIM1_Init
                0x08002b40      0x120 build/tim.o
                0x08002b40                MX_TIM1_Init
 .text.MX_USART3_UART_Init
                0x08002c60       0x34 build/usart.o
                0x08002c60                MX_USART3_UART_Init
 .text.HAL_UART_MspInit
                0x08002c94       0x78 build/usart.o
                0x08002c94                HAL_UART_MspInit
 .text.u3_printf
                0x08002d0c       0x38 build/usart.o
                0x08002d0c                u3_printf
 .text.UART_SetConfig
                0x08002d44       0x94 build/stm32f1xx_hal_uart.o
 .text.UART_WaitOnFlagUntilTimeout
                0x08002dd8       0x6c build/stm32f1xx_hal_uart.o
 .text.HAL_UART_Init
                0x08002e44       0x5e build/stm32f1xx_hal_uart.o
                0x08002e44                HAL_UART_Init
 .text.HAL_UART_Transmit
                0x08002ea2       0xd8 build/stm32f1xx_hal_uart.o
                0x08002ea2                HAL_UART_Transmit
 *fill*         0x08002f7a        0x2 
 .text.Reset_Handler
                0x08002f7c       0x48 build/startup_stm32f103xe.o
                0x08002f7c                Reset_Handler
 .text.Default_Handler
                0x08002fc4        0x2 build/startup_stm32f103xe.o
                0x08002fc4                RTC_Alarm_IRQHandler
                0x08002fc4                EXTI2_IRQHandler
                0x08002fc4                TIM8_TRG_COM_IRQHandler
                0x08002fc4                TIM8_CC_IRQHandler
                0x08002fc4                TIM1_CC_IRQHandler
                0x08002fc4                TIM6_IRQHandler
                0x08002fc4                PVD_IRQHandler
                0x08002fc4                SDIO_IRQHandler
                0x08002fc4                EXTI3_IRQHandler
                0x08002fc4                EXTI0_IRQHandler
                0x08002fc4                I2C2_EV_IRQHandler
                0x08002fc4                ADC1_2_IRQHandler
                0x08002fc4                SPI1_IRQHandler
                0x08002fc4                TAMPER_IRQHandler
                0x08002fc4                TIM8_UP_IRQHandler
                0x08002fc4                DMA2_Channel2_IRQHandler
                0x08002fc4                DMA1_Channel4_IRQHandler
                0x08002fc4                USART3_IRQHandler
                0x08002fc4                RTC_IRQHandler
                0x08002fc4                DMA1_Channel7_IRQHandler
                0x08002fc4                CAN1_RX1_IRQHandler
                0x08002fc4                UART5_IRQHandler
                0x08002fc4                ADC3_IRQHandler
                0x08002fc4                TIM4_IRQHandler
                0x08002fc4                DMA2_Channel1_IRQHandler
                0x08002fc4                I2C1_EV_IRQHandler
                0x08002fc4                DMA1_Channel6_IRQHandler
                0x08002fc4                UART4_IRQHandler
                0x08002fc4                TIM3_IRQHandler
                0x08002fc4                RCC_IRQHandler
                0x08002fc4                TIM1_TRG_COM_IRQHandler
                0x08002fc4                DMA1_Channel1_IRQHandler
                0x08002fc4                Default_Handler
                0x08002fc4                EXTI15_10_IRQHandler
                0x08002fc4                TIM7_IRQHandler
                0x08002fc4                TIM5_IRQHandler
                0x08002fc4                EXTI9_5_IRQHandler
                0x08002fc4                SPI2_IRQHandler
                0x08002fc4                DMA1_Channel5_IRQHandler
                0x08002fc4                EXTI4_IRQHandler
                0x08002fc4                USB_LP_CAN1_RX0_IRQHandler
                0x08002fc4                USB_HP_CAN1_TX_IRQHandler
                0x08002fc4                DMA1_Channel3_IRQHandler
                0x08002fc4                FSMC_IRQHandler
                0x08002fc4                TIM1_UP_IRQHandler
                0x08002fc4                WWDG_IRQHandler
                0x08002fc4                TIM1_BRK_IRQHandler
                0x08002fc4                EXTI1_IRQHandler
                0x08002fc4                DMA2_Channel4_5_IRQHandler
                0x08002fc4                USART2_IRQHandler
                0x08002fc4                I2C2_ER_IRQHandler
                0x08002fc4                DMA1_Channel2_IRQHandler
                0x08002fc4                TIM8_BRK_IRQHandler
                0x08002fc4                CAN1_SCE_IRQHandler
                0x08002fc4                FLASH_IRQHandler
                0x08002fc4                USART1_IRQHandler
                0x08002fc4                SPI3_IRQHandler
                0x08002fc4                I2C1_ER_IRQHandler
                0x08002fc4                USBWakeUp_IRQHandler
                0x08002fc4                DMA2_Channel3_IRQHandler
 *fill*         0x08002fc6        0x2 
 .text.__libc_init_array
                0x08002fc8       0x48 d:/gnu arm embedded toolchain10/10 2021.07/bin/../lib/gcc/arm-none-eabi/10.3.1/../../../../arm-none-eabi/lib/thumb/v7-m/nofp\libc.a(lib_a-init.o)
                0x08002fc8                __libc_init_array
 .text.memset   0x08003010       0xa4 d:/gnu arm embedded toolchain10/10 2021.07/bin/../lib/gcc/arm-none-eabi/10.3.1/../../../../arm-none-eabi/lib/thumb/v7-m/nofp\libc.a(lib_a-memset.o)
                0x08003010                memset
 .text.strlen   0x080030b4       0x5c d:/gnu arm embedded toolchain10/10 2021.07/bin/../lib/gcc/arm-none-eabi/10.3.1/../../../../arm-none-eabi/lib/thumb/v7-m/nofp\libc.a(lib_a-strlen-stub.o)
                0x080030b4                strlen
 .text.vsprintf
                0x08003110       0x38 d:/gnu arm embedded toolchain10/10 2021.07/bin/../lib/gcc/arm-none-eabi/10.3.1/../../../../arm-none-eabi/lib/thumb/v7-m/nofp\libc.a(lib_a-vsprintf.o)
                0x08003110                vsprintf
 .text.startup.register_fini
                0x08003148       0x14 d:/gnu arm embedded toolchain10/10 2021.07/bin/../lib/gcc/arm-none-eabi/10.3.1/../../../../arm-none-eabi/lib/thumb/v7-m/nofp\libc.a(lib_a-__call_atexit.o)
 .text.atexit   0x0800315c        0xc d:/gnu arm embedded toolchain10/10 2021.07/bin/../lib/gcc/arm-none-eabi/10.3.1/../../../../arm-none-eabi/lib/thumb/v7-m/nofp\libc.a(lib_a-atexit.o)
                0x0800315c                atexit
 .text.__libc_fini_array
                0x08003168       0x2c d:/gnu arm embedded toolchain10/10 2021.07/bin/../lib/gcc/arm-none-eabi/10.3.1/../../../../arm-none-eabi/lib/thumb/v7-m/nofp\libc.a(lib_a-fini.o)
                0x08003168                __libc_fini_array
 .text.__retarget_lock_init_recursive
                0x08003194        0x4 d:/gnu arm embedded toolchain10/10 2021.07/bin/../lib/gcc/arm-none-eabi/10.3.1/../../../../arm-none-eabi/lib/thumb/v7-m/nofp\libc.a(lib_a-lock.o)
                0x08003194                __retarget_lock_init_recursive
 .text.__retarget_lock_close_recursive
                0x08003198        0x4 d:/gnu arm embedded toolchain10/10 2021.07/bin/../lib/gcc/arm-none-eabi/10.3.1/../../../../arm-none-eabi/lib/thumb/v7-m/nofp\libc.a(lib_a-lock.o)
                0x08003198                __retarget_lock_close_recursive
 .text.__retarget_lock_acquire_recursive
                0x0800319c        0x4 d:/gnu arm embedded toolchain10/10 2021.07/bin/../lib/gcc/arm-none-eabi/10.3.1/../../../../arm-none-eabi/lib/thumb/v7-m/nofp\libc.a(lib_a-lock.o)
                0x0800319c                __retarget_lock_acquire_recursive
 .text.__retarget_lock_release_recursive
                0x080031a0        0x4 d:/gnu arm embedded toolchain10/10 2021.07/bin/../lib/gcc/arm-none-eabi/10.3.1/../../../../arm-none-eabi/lib/thumb/v7-m/nofp\libc.a(lib_a-lock.o)
                0x080031a0                __retarget_lock_release_recursive
 .text._svfprintf_r
                0x080031a4     0x1aa4 d:/gnu arm embedded toolchain10/10 2021.07/bin/../lib/gcc/arm-none-eabi/10.3.1/../../../../arm-none-eabi/lib/thumb/v7-m/nofp\libc.a(lib_a-svfprintf.o)
                0x080031a4                _svfprintf_r
 .text.__register_exitproc
                0x08004c48       0x8c d:/gnu arm embedded toolchain10/10 2021.07/bin/../lib/gcc/arm-none-eabi/10.3.1/../../../../arm-none-eabi/lib/thumb/v7-m/nofp\libc.a(lib_a-__atexit.o)
                0x08004c48                __register_exitproc
 .text.quorem   0x08004cd4      0x12c d:/gnu arm embedded toolchain10/10 2021.07/bin/../lib/gcc/arm-none-eabi/10.3.1/../../../../arm-none-eabi/lib/thumb/v7-m/nofp\libc.a(lib_a-dtoa.o)
 .text._dtoa_r  0x08004e00      0xecc d:/gnu arm embedded toolchain10/10 2021.07/bin/../lib/gcc/arm-none-eabi/10.3.1/../../../../arm-none-eabi/lib/thumb/v7-m/nofp\libc.a(lib_a-dtoa.o)
                0x08004e00                _dtoa_r
 .text._malloc_trim_r
                0x08005ccc       0xa0 d:/gnu arm embedded toolchain10/10 2021.07/bin/../lib/gcc/arm-none-eabi/10.3.1/../../../../arm-none-eabi/lib/thumb/v7-m/nofp\libc.a(lib_a-freer.o)
                0x08005ccc                _malloc_trim_r
 .text._free_r  0x08005d6c      0x200 d:/gnu arm embedded toolchain10/10 2021.07/bin/../lib/gcc/arm-none-eabi/10.3.1/../../../../arm-none-eabi/lib/thumb/v7-m/nofp\libc.a(lib_a-freer.o)
                0x08005d6c                _free_r
 .text._localeconv_r
                0x08005f6c        0x8 d:/gnu arm embedded toolchain10/10 2021.07/bin/../lib/gcc/arm-none-eabi/10.3.1/../../../../arm-none-eabi/lib/thumb/v7-m/nofp\libc.a(lib_a-localeconv.o)
                0x08005f6c                _localeconv_r
 .text._malloc_r
                0x08005f74      0x558 d:/gnu arm embedded toolchain10/10 2021.07/bin/../lib/gcc/arm-none-eabi/10.3.1/../../../../arm-none-eabi/lib/thumb/v7-m/nofp\libc.a(lib_a-mallocr.o)
                0x08005f74                _malloc_r
 .text.memchr   0x080064cc       0x90 d:/gnu arm embedded toolchain10/10 2021.07/bin/../lib/gcc/arm-none-eabi/10.3.1/../../../../arm-none-eabi/lib/thumb/v7-m/nofp\libc.a(lib_a-memchr-stub.o)
                0x080064cc                memchr
 .text.__malloc_lock
                0x0800655c        0xc d:/gnu arm embedded toolchain10/10 2021.07/bin/../lib/gcc/arm-none-eabi/10.3.1/../../../../arm-none-eabi/lib/thumb/v7-m/nofp\libc.a(lib_a-mlock.o)
                0x0800655c                __malloc_lock
 .text.__malloc_unlock
                0x08006568        0xc d:/gnu arm embedded toolchain10/10 2021.07/bin/../lib/gcc/arm-none-eabi/10.3.1/../../../../arm-none-eabi/lib/thumb/v7-m/nofp\libc.a(lib_a-mlock.o)
                0x08006568                __malloc_unlock
 .text._Balloc  0x08006574       0x4c d:/gnu arm embedded toolchain10/10 2021.07/bin/../lib/gcc/arm-none-eabi/10.3.1/../../../../arm-none-eabi/lib/thumb/v7-m/nofp\libc.a(lib_a-mprec.o)
                0x08006574                _Balloc
 .text._Bfree   0x080065c0       0x14 d:/gnu arm embedded toolchain10/10 2021.07/bin/../lib/gcc/arm-none-eabi/10.3.1/../../../../arm-none-eabi/lib/thumb/v7-m/nofp\libc.a(lib_a-mprec.o)
                0x080065c0                _Bfree
 .text.__multadd
                0x080065d4       0xa4 d:/gnu arm embedded toolchain10/10 2021.07/bin/../lib/gcc/arm-none-eabi/10.3.1/../../../../arm-none-eabi/lib/thumb/v7-m/nofp\libc.a(lib_a-mprec.o)
                0x080065d4                __multadd
 .text.__hi0bits
                0x08006678       0x40 d:/gnu arm embedded toolchain10/10 2021.07/bin/../lib/gcc/arm-none-eabi/10.3.1/../../../../arm-none-eabi/lib/thumb/v7-m/nofp\libc.a(lib_a-mprec.o)
                0x08006678                __hi0bits
 .text.__lo0bits
                0x080066b8       0x58 d:/gnu arm embedded toolchain10/10 2021.07/bin/../lib/gcc/arm-none-eabi/10.3.1/../../../../arm-none-eabi/lib/thumb/v7-m/nofp\libc.a(lib_a-mprec.o)
                0x080066b8                __lo0bits
 .text.__i2b    0x08006710       0x5c d:/gnu arm embedded toolchain10/10 2021.07/bin/../lib/gcc/arm-none-eabi/10.3.1/../../../../arm-none-eabi/lib/thumb/v7-m/nofp\libc.a(lib_a-mprec.o)
                0x08006710                __i2b
 .text.__multiply
                0x0800676c      0x15c d:/gnu arm embedded toolchain10/10 2021.07/bin/../lib/gcc/arm-none-eabi/10.3.1/../../../../arm-none-eabi/lib/thumb/v7-m/nofp\libc.a(lib_a-mprec.o)
                0x0800676c                __multiply
 .text.__pow5mult
                0x080068c8       0xb8 d:/gnu arm embedded toolchain10/10 2021.07/bin/../lib/gcc/arm-none-eabi/10.3.1/../../../../arm-none-eabi/lib/thumb/v7-m/nofp\libc.a(lib_a-mprec.o)
                0x080068c8                __pow5mult
 .text.__lshift
                0x08006980       0xec d:/gnu arm embedded toolchain10/10 2021.07/bin/../lib/gcc/arm-none-eabi/10.3.1/../../../../arm-none-eabi/lib/thumb/v7-m/nofp\libc.a(lib_a-mprec.o)
                0x08006980                __lshift
 .text.__mcmp   0x08006a6c       0x40 d:/gnu arm embedded toolchain10/10 2021.07/bin/../lib/gcc/arm-none-eabi/10.3.1/../../../../arm-none-eabi/lib/thumb/v7-m/nofp\libc.a(lib_a-mprec.o)
                0x08006a6c                __mcmp
 .text.__mdiff  0x08006aac      0x14c d:/gnu arm embedded toolchain10/10 2021.07/bin/../lib/gcc/arm-none-eabi/10.3.1/../../../../arm-none-eabi/lib/thumb/v7-m/nofp\libc.a(lib_a-mprec.o)
                0x08006aac                __mdiff
 .text.__d2b    0x08006bf8       0xc4 d:/gnu arm embedded toolchain10/10 2021.07/bin/../lib/gcc/arm-none-eabi/10.3.1/../../../../arm-none-eabi/lib/thumb/v7-m/nofp\libc.a(lib_a-mprec.o)
                0x08006bf8                __d2b
 .text.frexp    0x08006cbc       0x70 d:/gnu arm embedded toolchain10/10 2021.07/bin/../lib/gcc/arm-none-eabi/10.3.1/../../../../arm-none-eabi/lib/thumb/v7-m/nofp\libc.a(lib_a-s_frexp.o)
                0x08006cbc                frexp
 .text._sbrk_r  0x08006d2c       0x24 d:/gnu arm embedded toolchain10/10 2021.07/bin/../lib/gcc/arm-none-eabi/10.3.1/../../../../arm-none-eabi/lib/thumb/v7-m/nofp\libc.a(lib_a-sbrkr.o)
                0x08006d2c                _sbrk_r
 .text.strncpy  0x08006d50       0x68 d:/gnu arm embedded toolchain10/10 2021.07/bin/../lib/gcc/arm-none-eabi/10.3.1/../../../../arm-none-eabi/lib/thumb/v7-m/nofp\libc.a(lib_a-strncpy.o)
                0x08006d50                strncpy
 .text.__ssprint_r
                0x08006db8       0xfc d:/gnu arm embedded toolchain10/10 2021.07/bin/../lib/gcc/arm-none-eabi/10.3.1/../../../../arm-none-eabi/lib/thumb/v7-m/nofp\libc.a(lib_a-svfiprintf.o)
                0x08006db8                __ssprint_r
 .text.__assert_func
                0x08006eb4       0x40 d:/gnu arm embedded toolchain10/10 2021.07/bin/../lib/gcc/arm-none-eabi/10.3.1/../../../../arm-none-eabi/lib/thumb/v7-m/nofp\libc.a(lib_a-assert.o)
                0x08006eb4                __assert_func
 .text._calloc_r
                0x08006ef4       0x78 d:/gnu arm embedded toolchain10/10 2021.07/bin/../lib/gcc/arm-none-eabi/10.3.1/../../../../arm-none-eabi/lib/thumb/v7-m/nofp\libc.a(lib_a-callocr.o)
                0x08006ef4                _calloc_r
 .text.__errno  0x08006f6c        0xc d:/gnu arm embedded toolchain10/10 2021.07/bin/../lib/gcc/arm-none-eabi/10.3.1/../../../../arm-none-eabi/lib/thumb/v7-m/nofp\libc.a(lib_a-errno.o)
                0x08006f6c                __errno
 .text.fiprintf
                0x08006f78       0x28 d:/gnu arm embedded toolchain10/10 2021.07/bin/../lib/gcc/arm-none-eabi/10.3.1/../../../../arm-none-eabi/lib/thumb/v7-m/nofp\libc.a(lib_a-fiprintf.o)
                0x08006f78                fiprintf
 .text.__locale_mb_cur_max
                0x08006fa0        0xc d:/gnu arm embedded toolchain10/10 2021.07/bin/../lib/gcc/arm-none-eabi/10.3.1/../../../../arm-none-eabi/lib/thumb/v7-m/nofp\libc.a(lib_a-locale.o)
                0x08006fa0                __locale_mb_cur_max
 .text.__ascii_mbtowc
                0x08006fac       0x2c d:/gnu arm embedded toolchain10/10 2021.07/bin/../lib/gcc/arm-none-eabi/10.3.1/../../../../arm-none-eabi/lib/thumb/v7-m/nofp\libc.a(lib_a-mbtowc_r.o)
                0x08006fac                __ascii_mbtowc
 .text.memmove  0x08006fd8       0xf8 d:/gnu arm embedded toolchain10/10 2021.07/bin/../lib/gcc/arm-none-eabi/10.3.1/../../../../arm-none-eabi/lib/thumb/v7-m/nofp\libc.a(lib_a-memmove.o)
                0x08006fd8                memmove
 .text._realloc_r
                0x080070d0      0x3dc d:/gnu arm embedded toolchain10/10 2021.07/bin/../lib/gcc/arm-none-eabi/10.3.1/../../../../arm-none-eabi/lib/thumb/v7-m/nofp\libc.a(lib_a-reallocr.o)
                0x080070d0                _realloc_r
 .text.__sprint_r.part.0
                0x080074ac       0x78 d:/gnu arm embedded toolchain10/10 2021.07/bin/../lib/gcc/arm-none-eabi/10.3.1/../../../../arm-none-eabi/lib/thumb/v7-m/nofp\libc.a(lib_a-vfiprintf.o)
 .text._vfiprintf_r
                0x08007524      0xd98 d:/gnu arm embedded toolchain10/10 2021.07/bin/../lib/gcc/arm-none-eabi/10.3.1/../../../../arm-none-eabi/lib/thumb/v7-m/nofp\libc.a(lib_a-vfiprintf.o)
                0x08007524                _vfiprintf_r
 .text.__sbprintf
                0x080082bc       0x84 d:/gnu arm embedded toolchain10/10 2021.07/bin/../lib/gcc/arm-none-eabi/10.3.1/../../../../arm-none-eabi/lib/thumb/v7-m/nofp\libc.a(lib_a-vfiprintf.o)
 .text.__ascii_wctomb
                0x08008340       0x1c d:/gnu arm embedded toolchain10/10 2021.07/bin/../lib/gcc/arm-none-eabi/10.3.1/../../../../arm-none-eabi/lib/thumb/v7-m/nofp\libc.a(lib_a-wctomb_r.o)
                0x08008340                __ascii_wctomb
 .text.__swsetup_r
                0x0800835c       0xd4 d:/gnu arm embedded toolchain10/10 2021.07/bin/../lib/gcc/arm-none-eabi/10.3.1/../../../../arm-none-eabi/lib/thumb/v7-m/nofp\libc.a(lib_a-wsetup.o)
                0x0800835c                __swsetup_r
 .text.abort    0x08008430       0x10 d:/gnu arm embedded toolchain10/10 2021.07/bin/../lib/gcc/arm-none-eabi/10.3.1/../../../../arm-none-eabi/lib/thumb/v7-m/nofp\libc.a(lib_a-abort.o)
                0x08008430                abort
 .text.__sflush_r
                0x08008440      0x124 d:/gnu arm embedded toolchain10/10 2021.07/bin/../lib/gcc/arm-none-eabi/10.3.1/../../../../arm-none-eabi/lib/thumb/v7-m/nofp\libc.a(lib_a-fflush.o)
                0x08008440                __sflush_r
 .text._fflush_r
                0x08008564       0x5c d:/gnu arm embedded toolchain10/10 2021.07/bin/../lib/gcc/arm-none-eabi/10.3.1/../../../../arm-none-eabi/lib/thumb/v7-m/nofp\libc.a(lib_a-fflush.o)
                0x08008564                _fflush_r
 .text._cleanup_r
                0x080085c0        0xc d:/gnu arm embedded toolchain10/10 2021.07/bin/../lib/gcc/arm-none-eabi/10.3.1/../../../../arm-none-eabi/lib/thumb/v7-m/nofp\libc.a(lib_a-findfp.o)
                0x080085c0                _cleanup_r
 .text.__sinit  0x080085cc      0x10c d:/gnu arm embedded toolchain10/10 2021.07/bin/../lib/gcc/arm-none-eabi/10.3.1/../../../../arm-none-eabi/lib/thumb/v7-m/nofp\libc.a(lib_a-findfp.o)
                0x080085cc                __sinit
 .text.__sfp_lock_acquire
                0x080086d8        0xc d:/gnu arm embedded toolchain10/10 2021.07/bin/../lib/gcc/arm-none-eabi/10.3.1/../../../../arm-none-eabi/lib/thumb/v7-m/nofp\libc.a(lib_a-findfp.o)
                0x080086d8                __sfp_lock_acquire
 .text.__sfp_lock_release
                0x080086e4        0xc d:/gnu arm embedded toolchain10/10 2021.07/bin/../lib/gcc/arm-none-eabi/10.3.1/../../../../arm-none-eabi/lib/thumb/v7-m/nofp\libc.a(lib_a-findfp.o)
                0x080086e4                __sfp_lock_release
 .text.__fputwc
                0x080086f0       0xa0 d:/gnu arm embedded toolchain10/10 2021.07/bin/../lib/gcc/arm-none-eabi/10.3.1/../../../../arm-none-eabi/lib/thumb/v7-m/nofp\libc.a(lib_a-fputwc.o)
                0x080086f0                __fputwc
 .text._fputwc_r
                0x08008790       0x68 d:/gnu arm embedded toolchain10/10 2021.07/bin/../lib/gcc/arm-none-eabi/10.3.1/../../../../arm-none-eabi/lib/thumb/v7-m/nofp\libc.a(lib_a-fputwc.o)
                0x08008790                _fputwc_r
 .text.__sfvwrite_r
                0x080087f8      0x2f0 d:/gnu arm embedded toolchain10/10 2021.07/bin/../lib/gcc/arm-none-eabi/10.3.1/../../../../arm-none-eabi/lib/thumb/v7-m/nofp\libc.a(lib_a-fvwrite.o)
                0x080087f8                __sfvwrite_r
 .text._fwalk_reent
                0x08008ae8       0x48 d:/gnu arm embedded toolchain10/10 2021.07/bin/../lib/gcc/arm-none-eabi/10.3.1/../../../../arm-none-eabi/lib/thumb/v7-m/nofp\libc.a(lib_a-fwalk.o)
                0x08008ae8                _fwalk_reent
 .text.__smakebuf_r
                0x08008b30       0xe0 d:/gnu arm embedded toolchain10/10 2021.07/bin/../lib/gcc/arm-none-eabi/10.3.1/../../../../arm-none-eabi/lib/thumb/v7-m/nofp\libc.a(lib_a-makebuf.o)
                0x08008b30                __smakebuf_r
 .text.raise    0x08008c10       0x5c d:/gnu arm embedded toolchain10/10 2021.07/bin/../lib/gcc/arm-none-eabi/10.3.1/../../../../arm-none-eabi/lib/thumb/v7-m/nofp\libc.a(lib_a-signal.o)
                0x08008c10                raise
 .text._kill_r  0x08008c6c       0x28 d:/gnu arm embedded toolchain10/10 2021.07/bin/../lib/gcc/arm-none-eabi/10.3.1/../../../../arm-none-eabi/lib/thumb/v7-m/nofp\libc.a(lib_a-signalr.o)
                0x08008c6c                _kill_r
 .text._getpid_r
                0x08008c94        0x4 d:/gnu arm embedded toolchain10/10 2021.07/bin/../lib/gcc/arm-none-eabi/10.3.1/../../../../arm-none-eabi/lib/thumb/v7-m/nofp\libc.a(lib_a-signalr.o)
                0x08008c94                _getpid_r
 .text.__sread  0x08008c98       0x24 d:/gnu arm embedded toolchain10/10 2021.07/bin/../lib/gcc/arm-none-eabi/10.3.1/../../../../arm-none-eabi/lib/thumb/v7-m/nofp\libc.a(lib_a-stdio.o)
                0x08008c98                __sread
 .text.__swrite
                0x08008cbc       0x40 d:/gnu arm embedded toolchain10/10 2021.07/bin/../lib/gcc/arm-none-eabi/10.3.1/../../../../arm-none-eabi/lib/thumb/v7-m/nofp\libc.a(lib_a-stdio.o)
                0x08008cbc                __swrite
 .text.__sseek  0x08008cfc       0x20 d:/gnu arm embedded toolchain10/10 2021.07/bin/../lib/gcc/arm-none-eabi/10.3.1/../../../../arm-none-eabi/lib/thumb/v7-m/nofp\libc.a(lib_a-stdio.o)
                0x08008cfc                __sseek
 .text.__sclose
                0x08008d1c        0x8 d:/gnu arm embedded toolchain10/10 2021.07/bin/../lib/gcc/arm-none-eabi/10.3.1/../../../../arm-none-eabi/lib/thumb/v7-m/nofp\libc.a(lib_a-stdio.o)
                0x08008d1c                __sclose
 .text.__swbuf_r
                0x08008d24       0xb0 d:/gnu arm embedded toolchain10/10 2021.07/bin/../lib/gcc/arm-none-eabi/10.3.1/../../../../arm-none-eabi/lib/thumb/v7-m/nofp\libc.a(lib_a-wbuf.o)
                0x08008d24                __swbuf_r
 .text._wcrtomb_r
                0x08008dd4       0x3c d:/gnu arm embedded toolchain10/10 2021.07/bin/../lib/gcc/arm-none-eabi/10.3.1/../../../../arm-none-eabi/lib/thumb/v7-m/nofp\libc.a(lib_a-wcrtomb.o)
                0x08008dd4                _wcrtomb_r
 .text._write_r
                0x08008e10       0x2c d:/gnu arm embedded toolchain10/10 2021.07/bin/../lib/gcc/arm-none-eabi/10.3.1/../../../../arm-none-eabi/lib/thumb/v7-m/nofp\libc.a(lib_a-writer.o)
                0x08008e10                _write_r
 .text._close_r
                0x08008e3c       0x24 d:/gnu arm embedded toolchain10/10 2021.07/bin/../lib/gcc/arm-none-eabi/10.3.1/../../../../arm-none-eabi/lib/thumb/v7-m/nofp\libc.a(lib_a-closer.o)
                0x08008e3c                _close_r
 .text._fclose_r
                0x08008e60       0xcc d:/gnu arm embedded toolchain10/10 2021.07/bin/../lib/gcc/arm-none-eabi/10.3.1/../../../../arm-none-eabi/lib/thumb/v7-m/nofp\libc.a(lib_a-fclose.o)
                0x08008e60                _fclose_r
 .text._fstat_r
                0x08008f2c       0x28 d:/gnu arm embedded toolchain10/10 2021.07/bin/../lib/gcc/arm-none-eabi/10.3.1/../../../../arm-none-eabi/lib/thumb/v7-m/nofp\libc.a(lib_a-fstatr.o)
                0x08008f2c                _fstat_r
 .text._isatty_r
                0x08008f54       0x24 d:/gnu arm embedded toolchain10/10 2021.07/bin/../lib/gcc/arm-none-eabi/10.3.1/../../../../arm-none-eabi/lib/thumb/v7-m/nofp\libc.a(lib_a-isattyr.o)
                0x08008f54                _isatty_r
 .text._lseek_r
                0x08008f78       0x2c d:/gnu arm embedded toolchain10/10 2021.07/bin/../lib/gcc/arm-none-eabi/10.3.1/../../../../arm-none-eabi/lib/thumb/v7-m/nofp\libc.a(lib_a-lseekr.o)
                0x08008f78                _lseek_r
 .text._read_r  0x08008fa4       0x2c d:/gnu arm embedded toolchain10/10 2021.07/bin/../lib/gcc/arm-none-eabi/10.3.1/../../../../arm-none-eabi/lib/thumb/v7-m/nofp\libc.a(lib_a-readr.o)
                0x08008fa4                _read_r
 .text._close   0x08008fd0       0x10 d:/gnu arm embedded toolchain10/10 2021.07/bin/../lib/gcc/arm-none-eabi/10.3.1/../../../../arm-none-eabi/lib/thumb/v7-m/nofp\libnosys.a(close.o)
                0x08008fd0                _close
 .text._fstat   0x08008fe0       0x10 d:/gnu arm embedded toolchain10/10 2021.07/bin/../lib/gcc/arm-none-eabi/10.3.1/../../../../arm-none-eabi/lib/thumb/v7-m/nofp\libnosys.a(fstat.o)
                0x08008fe0                _fstat
 .text._getpid  0x08008ff0       0x10 d:/gnu arm embedded toolchain10/10 2021.07/bin/../lib/gcc/arm-none-eabi/10.3.1/../../../../arm-none-eabi/lib/thumb/v7-m/nofp\libnosys.a(getpid.o)
                0x08008ff0                _getpid
 .text._isatty  0x08009000       0x10 d:/gnu arm embedded toolchain10/10 2021.07/bin/../lib/gcc/arm-none-eabi/10.3.1/../../../../arm-none-eabi/lib/thumb/v7-m/nofp\libnosys.a(isatty.o)
                0x08009000                _isatty
 .text._kill    0x08009010       0x10 d:/gnu arm embedded toolchain10/10 2021.07/bin/../lib/gcc/arm-none-eabi/10.3.1/../../../../arm-none-eabi/lib/thumb/v7-m/nofp\libnosys.a(kill.o)
                0x08009010                _kill
 .text._lseek   0x08009020       0x10 d:/gnu arm embedded toolchain10/10 2021.07/bin/../lib/gcc/arm-none-eabi/10.3.1/../../../../arm-none-eabi/lib/thumb/v7-m/nofp\libnosys.a(lseek.o)
                0x08009020                _lseek
 .text._read    0x08009030       0x10 d:/gnu arm embedded toolchain10/10 2021.07/bin/../lib/gcc/arm-none-eabi/10.3.1/../../../../arm-none-eabi/lib/thumb/v7-m/nofp\libnosys.a(read.o)
                0x08009030                _read
 .text._sbrk    0x08009040       0x1c d:/gnu arm embedded toolchain10/10 2021.07/bin/../lib/gcc/arm-none-eabi/10.3.1/../../../../arm-none-eabi/lib/thumb/v7-m/nofp\libnosys.a(sbrk.o)
                0x08009040                _sbrk
 .text._write   0x0800905c       0x10 d:/gnu arm embedded toolchain10/10 2021.07/bin/../lib/gcc/arm-none-eabi/10.3.1/../../../../arm-none-eabi/lib/thumb/v7-m/nofp\libnosys.a(write.o)
                0x0800905c                _write
 .text._exit    0x0800906c        0x4 d:/gnu arm embedded toolchain10/10 2021.07/bin/../lib/gcc/arm-none-eabi/10.3.1/../../../../arm-none-eabi/lib/thumb/v7-m/nofp\libnosys.a(_exit.o)
                0x0800906c                _exit
 *(.glue_7)
 .glue_7        0x08009070        0x0 linker stubs
 *(.glue_7t)
 .glue_7t       0x08009070        0x0 linker stubs
 *(.eh_frame)
 .eh_frame      0x08009070        0x0 d:/gnu arm embedded toolchain10/10 2021.07/bin/../lib/gcc/arm-none-eabi/10.3.1/thumb/v7-m/nofp/crtbegin.o
 *(.init)
 .init          0x08009070        0x4 d:/gnu arm embedded toolchain10/10 2021.07/bin/../lib/gcc/arm-none-eabi/10.3.1/thumb/v7-m/nofp/crti.o
                0x08009070                _init
 .init          0x08009074        0x8 d:/gnu arm embedded toolchain10/10 2021.07/bin/../lib/gcc/arm-none-eabi/10.3.1/thumb/v7-m/nofp/crtn.o
 *(.fini)
 .fini          0x0800907c        0x4 d:/gnu arm embedded toolchain10/10 2021.07/bin/../lib/gcc/arm-none-eabi/10.3.1/thumb/v7-m/nofp/crti.o
                0x0800907c                _fini
 .fini          0x08009080        0x8 d:/gnu arm embedded toolchain10/10 2021.07/bin/../lib/gcc/arm-none-eabi/10.3.1/thumb/v7-m/nofp/crtn.o
                0x08009088                . = ALIGN (0x4)
                0x08009088                _etext = .

.vfp11_veneer   0x08009088        0x0
 .vfp11_veneer  0x08009088        0x0 linker stubs

.v4_bx          0x08009088        0x0
 .v4_bx         0x08009088        0x0 linker stubs

.iplt           0x08009088        0x0
 .iplt          0x08009088        0x0 d:/gnu arm embedded toolchain10/10 2021.07/bin/../lib/gcc/arm-none-eabi/10.3.1/thumb/v7-m/nofp/crtbegin.o

.rodata         0x08009088      0x438
                0x08009088                . = ALIGN (0x4)
 *(.rodata)
 *(.rodata*)
 .rodata.HAL_TIM_PeriodElapsedCallback.str1.4
                0x08009088        0x9 build/main.o
 *fill*         0x08009091        0x3 
 .rodata.HAL_RCC_GetSysClockFreq.str1.4
                0x08009094       0x11 build/stm32f1xx_hal_rcc.o
 *fill*         0x080090a5        0x3 
 .rodata.AHBPrescTable
                0x080090a8       0x10 build/system_stm32f1xx.o
                0x080090a8                AHBPrescTable
 .rodata.APBPrescTable
                0x080090b8        0x8 build/system_stm32f1xx.o
                0x080090b8                APBPrescTable
 .rodata._global_impure_ptr
                0x080090c0        0x4 d:/gnu arm embedded toolchain10/10 2021.07/bin/../lib/gcc/arm-none-eabi/10.3.1/../../../../arm-none-eabi/lib/thumb/v7-m/nofp\libc.a(lib_a-impure.o)
                0x080090c0                _global_impure_ptr
 .rodata._svfprintf_r.str1.4
                0x080090c4       0x42 d:/gnu arm embedded toolchain10/10 2021.07/bin/../lib/gcc/arm-none-eabi/10.3.1/../../../../arm-none-eabi/lib/thumb/v7-m/nofp\libc.a(lib_a-svfprintf.o)
 *fill*         0x08009106        0x2 
 .rodata.blanks.1
                0x08009108       0x10 d:/gnu arm embedded toolchain10/10 2021.07/bin/../lib/gcc/arm-none-eabi/10.3.1/../../../../arm-none-eabi/lib/thumb/v7-m/nofp\libc.a(lib_a-svfprintf.o)
 .rodata.zeroes.0
                0x08009118       0x10 d:/gnu arm embedded toolchain10/10 2021.07/bin/../lib/gcc/arm-none-eabi/10.3.1/../../../../arm-none-eabi/lib/thumb/v7-m/nofp\libc.a(lib_a-svfprintf.o)
 .rodata._dtoa_r.str1.4
                0x08009128       0xa2 d:/gnu arm embedded toolchain10/10 2021.07/bin/../lib/gcc/arm-none-eabi/10.3.1/../../../../arm-none-eabi/lib/thumb/v7-m/nofp\libc.a(lib_a-dtoa.o)
                                 0xa6 (size before relaxing)
 *fill*         0x080091ca        0x2 
 .rodata.__multadd.str1.4
                0x080091cc       0x7f d:/gnu arm embedded toolchain10/10 2021.07/bin/../lib/gcc/arm-none-eabi/10.3.1/../../../../arm-none-eabi/lib/thumb/v7-m/nofp\libc.a(lib_a-mprec.o)
                                 0x93 (size before relaxing)
 *fill*         0x0800924b        0x5 
 .rodata.__mprec_bigtens
                0x08009250       0x28 d:/gnu arm embedded toolchain10/10 2021.07/bin/../lib/gcc/arm-none-eabi/10.3.1/../../../../arm-none-eabi/lib/thumb/v7-m/nofp\libc.a(lib_a-mprec.o)
                0x08009250                __mprec_bigtens
 .rodata.__mprec_tens
                0x08009278       0xc8 d:/gnu arm embedded toolchain10/10 2021.07/bin/../lib/gcc/arm-none-eabi/10.3.1/../../../../arm-none-eabi/lib/thumb/v7-m/nofp\libc.a(lib_a-mprec.o)
                0x08009278                __mprec_tens
 .rodata.p05.0  0x08009340        0xc d:/gnu arm embedded toolchain10/10 2021.07/bin/../lib/gcc/arm-none-eabi/10.3.1/../../../../arm-none-eabi/lib/thumb/v7-m/nofp\libc.a(lib_a-mprec.o)
 .rodata.__assert_func.str1.4
                0x0800934c       0x3f d:/gnu arm embedded toolchain10/10 2021.07/bin/../lib/gcc/arm-none-eabi/10.3.1/../../../../arm-none-eabi/lib/thumb/v7-m/nofp\libc.a(lib_a-assert.o)
                                 0x43 (size before relaxing)
 *fill*         0x0800938b        0x1 
 .rodata._setlocale_r.str1.4
                0x0800938c        0xa d:/gnu arm embedded toolchain10/10 2021.07/bin/../lib/gcc/arm-none-eabi/10.3.1/../../../../arm-none-eabi/lib/thumb/v7-m/nofp\libc.a(lib_a-locale.o)
                                  0xd (size before relaxing)
 *fill*         0x08009396        0x2 
 .rodata.str1.4
                0x08009398        0x2 d:/gnu arm embedded toolchain10/10 2021.07/bin/../lib/gcc/arm-none-eabi/10.3.1/../../../../arm-none-eabi/lib/thumb/v7-m/nofp\libc.a(lib_a-locale.o)
 .rodata._vfiprintf_r.str1.4
                0x0800939a       0x2f d:/gnu arm embedded toolchain10/10 2021.07/bin/../lib/gcc/arm-none-eabi/10.3.1/../../../../arm-none-eabi/lib/thumb/v7-m/nofp\libc.a(lib_a-vfiprintf.o)
 *fill*         0x0800939a        0x2 
 .rodata.blanks.1
                0x0800939c       0x10 d:/gnu arm embedded toolchain10/10 2021.07/bin/../lib/gcc/arm-none-eabi/10.3.1/../../../../arm-none-eabi/lib/thumb/v7-m/nofp\libc.a(lib_a-vfiprintf.o)
 .rodata.zeroes.0
                0x080093ac       0x10 d:/gnu arm embedded toolchain10/10 2021.07/bin/../lib/gcc/arm-none-eabi/10.3.1/../../../../arm-none-eabi/lib/thumb/v7-m/nofp\libc.a(lib_a-vfiprintf.o)
 .rodata._ctype_
                0x080093bc      0x101 d:/gnu arm embedded toolchain10/10 2021.07/bin/../lib/gcc/arm-none-eabi/10.3.1/../../../../arm-none-eabi/lib/thumb/v7-m/nofp\libc.a(lib_a-ctype_.o)
                0x080093bc                _ctype_
                0x080094c0                . = ALIGN (0x4)
 *fill*         0x080094bd        0x3 

.ARM.extab
 *(.ARM.extab* .gnu.linkonce.armextab.*)

.ARM            0x080094c0        0x8
                0x080094c0                __exidx_start = .
 *(.ARM.exidx*)
 .ARM.exidx     0x080094c0        0x8 d:/gnu arm embedded toolchain10/10 2021.07/bin/../lib/gcc/arm-none-eabi/10.3.1/thumb/v7-m/nofp\libgcc.a(_udivmoddi4.o)
                0x080094c8                __exidx_end = .

.rel.dyn        0x080094c8        0x0
 .rel.iplt      0x080094c8        0x0 d:/gnu arm embedded toolchain10/10 2021.07/bin/../lib/gcc/arm-none-eabi/10.3.1/thumb/v7-m/nofp/crtbegin.o

.preinit_array  0x080094c8        0x0
                0x080094c8                PROVIDE (__preinit_array_start = .)
 *(.preinit_array*)
                0x080094c8                PROVIDE (__preinit_array_end = .)

.init_array     0x080094c8        0x8
                0x080094c8                PROVIDE (__init_array_start = .)
 *(SORT_BY_NAME(.init_array.*))
 .init_array.00000
                0x080094c8        0x4 d:/gnu arm embedded toolchain10/10 2021.07/bin/../lib/gcc/arm-none-eabi/10.3.1/../../../../arm-none-eabi/lib/thumb/v7-m/nofp\libc.a(lib_a-__call_atexit.o)
 *(.init_array*)
 .init_array    0x080094cc        0x4 d:/gnu arm embedded toolchain10/10 2021.07/bin/../lib/gcc/arm-none-eabi/10.3.1/thumb/v7-m/nofp/crtbegin.o
                0x080094d0                PROVIDE (__init_array_end = .)

.fini_array     0x080094d0        0x4
                0x080094d0                PROVIDE (__fini_array_start = .)
 *(SORT_BY_NAME(.fini_array.*))
 *(.fini_array*)
 .fini_array    0x080094d0        0x4 d:/gnu arm embedded toolchain10/10 2021.07/bin/../lib/gcc/arm-none-eabi/10.3.1/thumb/v7-m/nofp/crtbegin.o
                0x080094d4                PROVIDE (__fini_array_end = .)
                0x080094d4                _sidata = LOADADDR (.data)

.data           0x20000000      0x9c0 load address 0x080094d4
                0x20000000                . = ALIGN (0x4)
                0x20000000                _sdata = .
 *(.data)
 *(.data*)
 .data.goal     0x20000000        0x8 build/main.o
                0x20000000                goal
 .data.uwTickFreq
                0x20000008        0x1 build/stm32f1xx_hal.o
                0x20000008                uwTickFreq
 *fill*         0x20000009        0x3 
 .data.uwTickPrio
                0x2000000c        0x4 build/stm32f1xx_hal.o
                0x2000000c                uwTickPrio
 .data.SystemCoreClock
                0x20000010        0x4 build/system_stm32f1xx.o
                0x20000010                SystemCoreClock
 .data._impure_ptr
                0x20000014        0x4 d:/gnu arm embedded toolchain10/10 2021.07/bin/../lib/gcc/arm-none-eabi/10.3.1/../../../../arm-none-eabi/lib/thumb/v7-m/nofp\libc.a(lib_a-impure.o)
                0x20000014                _impure_ptr
 .data.impure_data
                0x20000018      0x428 d:/gnu arm embedded toolchain10/10 2021.07/bin/../lib/gcc/arm-none-eabi/10.3.1/../../../../arm-none-eabi/lib/thumb/v7-m/nofp\libc.a(lib_a-impure.o)
 .data.__atexit_recursive_mutex
                0x20000440        0x4 d:/gnu arm embedded toolchain10/10 2021.07/bin/../lib/gcc/arm-none-eabi/10.3.1/../../../../arm-none-eabi/lib/thumb/v7-m/nofp\libc.a(lib_a-__call_atexit.o)
                0x20000440                __atexit_recursive_mutex
 .data.__malloc_av_
                0x20000444      0x408 d:/gnu arm embedded toolchain10/10 2021.07/bin/../lib/gcc/arm-none-eabi/10.3.1/../../../../arm-none-eabi/lib/thumb/v7-m/nofp\libc.a(lib_a-mallocr.o)
                0x20000444                __malloc_av_
 .data.__malloc_sbrk_base
                0x2000084c        0x4 d:/gnu arm embedded toolchain10/10 2021.07/bin/../lib/gcc/arm-none-eabi/10.3.1/../../../../arm-none-eabi/lib/thumb/v7-m/nofp\libc.a(lib_a-mallocr.o)
                0x2000084c                __malloc_sbrk_base
 .data.__malloc_trim_threshold
                0x20000850        0x4 d:/gnu arm embedded toolchain10/10 2021.07/bin/../lib/gcc/arm-none-eabi/10.3.1/../../../../arm-none-eabi/lib/thumb/v7-m/nofp\libc.a(lib_a-mallocr.o)
                0x20000850                __malloc_trim_threshold
 .data.__global_locale
                0x20000854      0x16c d:/gnu arm embedded toolchain10/10 2021.07/bin/../lib/gcc/arm-none-eabi/10.3.1/../../../../arm-none-eabi/lib/thumb/v7-m/nofp\libc.a(lib_a-locale.o)
                0x20000854                __global_locale
                0x200009c0                . = ALIGN (0x4)
                0x200009c0                _edata = .

.igot.plt       0x200009c0        0x0 load address 0x08009e94
 .igot.plt      0x200009c0        0x0 d:/gnu arm embedded toolchain10/10 2021.07/bin/../lib/gcc/arm-none-eabi/10.3.1/thumb/v7-m/nofp/crtbegin.o
                0x200009c0                . = ALIGN (0x4)

.bss            0x200009c0      0x27c load address 0x08009e94
                0x200009c0                _sbss = .
                0x200009c0                __bss_start__ = _sbss
 *(.bss)
 .bss           0x200009c0       0x1c d:/gnu arm embedded toolchain10/10 2021.07/bin/../lib/gcc/arm-none-eabi/10.3.1/thumb/v7-m/nofp/crtbegin.o
 *(.bss*)
 *fill*         0x200009dc        0x4 
 .bss.INTEGRAL  0x200009e0        0x8 build/main.o
                0x200009e0                INTEGRAL
 .bss.pid       0x200009e8        0x8 build/main.o
                0x200009e8                pid
 .bss.pre_err   0x200009f0        0x8 build/main.o
                0x200009f0                pre_err
 .bss.uwTick    0x200009f8        0x4 build/stm32f1xx_hal.o
                0x200009f8                uwTick
 .bss.htim1     0x200009fc       0x48 build/tim.o
                0x200009fc                htim1
 .bss.htim2     0x20000a44       0x48 build/tim.o
                0x20000a44                htim2
 .bss.htim3     0x20000a8c       0x48 build/tim.o
                0x20000a8c                htim3
 .bss.htim4     0x20000ad4       0x48 build/tim.o
                0x20000ad4                htim4
 .bss.htim5     0x20000b1c       0x48 build/tim.o
                0x20000b1c                htim5
 .bss.htim8     0x20000b64       0x48 build/tim.o
                0x20000b64                htim8
 .bss.huart3    0x20000bac       0x44 build/usart.o
                0x20000bac                huart3
 .bss.__lock___atexit_recursive_mutex
                0x20000bf0        0x1 d:/gnu arm embedded toolchain10/10 2021.07/bin/../lib/gcc/arm-none-eabi/10.3.1/../../../../arm-none-eabi/lib/thumb/v7-m/nofp\libc.a(lib_a-lock.o)
                0x20000bf0                __lock___atexit_recursive_mutex
 *fill*         0x20000bf1        0x3 
 .bss.__lock___malloc_recursive_mutex
                0x20000bf4        0x1 d:/gnu arm embedded toolchain10/10 2021.07/bin/../lib/gcc/arm-none-eabi/10.3.1/../../../../arm-none-eabi/lib/thumb/v7-m/nofp\libc.a(lib_a-lock.o)
                0x20000bf4                __lock___malloc_recursive_mutex
 *fill*         0x20000bf5        0x3 
 .bss.__lock___sfp_recursive_mutex
                0x20000bf8        0x1 d:/gnu arm embedded toolchain10/10 2021.07/bin/../lib/gcc/arm-none-eabi/10.3.1/../../../../arm-none-eabi/lib/thumb/v7-m/nofp\libc.a(lib_a-lock.o)
                0x20000bf8                __lock___sfp_recursive_mutex
 *fill*         0x20000bf9        0x3 
 .bss.__lock___sinit_recursive_mutex
                0x20000bfc        0x1 d:/gnu arm embedded toolchain10/10 2021.07/bin/../lib/gcc/arm-none-eabi/10.3.1/../../../../arm-none-eabi/lib/thumb/v7-m/nofp\libc.a(lib_a-lock.o)
                0x20000bfc                __lock___sinit_recursive_mutex
 *fill*         0x20000bfd        0x3 
 .bss.__malloc_current_mallinfo
                0x20000c00       0x28 d:/gnu arm embedded toolchain10/10 2021.07/bin/../lib/gcc/arm-none-eabi/10.3.1/../../../../arm-none-eabi/lib/thumb/v7-m/nofp\libc.a(lib_a-mallocr.o)
                0x20000c00                __malloc_current_mallinfo
 .bss.__malloc_max_sbrked_mem
                0x20000c28        0x4 d:/gnu arm embedded toolchain10/10 2021.07/bin/../lib/gcc/arm-none-eabi/10.3.1/../../../../arm-none-eabi/lib/thumb/v7-m/nofp\libc.a(lib_a-mallocr.o)
                0x20000c28                __malloc_max_sbrked_mem
 .bss.__malloc_max_total_mem
                0x20000c2c        0x4 d:/gnu arm embedded toolchain10/10 2021.07/bin/../lib/gcc/arm-none-eabi/10.3.1/../../../../arm-none-eabi/lib/thumb/v7-m/nofp\libc.a(lib_a-mallocr.o)
                0x20000c2c                __malloc_max_total_mem
 .bss.__malloc_top_pad
                0x20000c30        0x4 d:/gnu arm embedded toolchain10/10 2021.07/bin/../lib/gcc/arm-none-eabi/10.3.1/../../../../arm-none-eabi/lib/thumb/v7-m/nofp\libc.a(lib_a-mallocr.o)
                0x20000c30                __malloc_top_pad
 .bss.errno     0x20000c34        0x4 d:/gnu arm embedded toolchain10/10 2021.07/bin/../lib/gcc/arm-none-eabi/10.3.1/../../../../arm-none-eabi/lib/thumb/v7-m/nofp\libc.a(lib_a-reent.o)
                0x20000c34                errno
 .bss.heap_end.0
                0x20000c38        0x4 d:/gnu arm embedded toolchain10/10 2021.07/bin/../lib/gcc/arm-none-eabi/10.3.1/../../../../arm-none-eabi/lib/thumb/v7-m/nofp\libnosys.a(sbrk.o)
 *(COMMON)
                0x20000c3c                . = ALIGN (0x4)
                0x20000c3c                _ebss = .
                0x20000c3c                __bss_end__ = _ebss

._user_heap_stack
                0x20000c3c      0x604 load address 0x08009e94
                0x20000c40                . = ALIGN (0x8)
 *fill*         0x20000c3c        0x4 
                0x20000c40                PROVIDE (end = .)
                [!provide]                PROVIDE (_end = .)
                0x20000e40                . = (. + _Min_Heap_Size)
 *fill*         0x20000c40      0x200 
                0x20001240                . = (. + _Min_Stack_Size)
 *fill*         0x20000e40      0x400 
                0x20001240                . = ALIGN (0x8)

/DISCARD/
 libc.a(*)
 libm.a(*)
 libgcc.a(*)

.ARM.attributes
                0x00000000       0x29
 *(.ARM.attributes)
 .ARM.attributes
                0x00000000       0x1d d:/gnu arm embedded toolchain10/10 2021.07/bin/../lib/gcc/arm-none-eabi/10.3.1/thumb/v7-m/nofp/crti.o
 .ARM.attributes
                0x0000001d       0x2d d:/gnu arm embedded toolchain10/10 2021.07/bin/../lib/gcc/arm-none-eabi/10.3.1/thumb/v7-m/nofp/crtbegin.o
 .ARM.attributes
                0x0000004a       0x2d build/main.o
 .ARM.attributes
                0x00000077       0x2d build/gpio.o
 .ARM.attributes
                0x000000a4       0x2d build/stm32f1xx_it.o
 .ARM.attributes
                0x000000d1       0x2d build/stm32f1xx_hal_msp.o
 .ARM.attributes
                0x000000fe       0x2d build/stm32f1xx_hal_tim.o
 .ARM.attributes
                0x0000012b       0x2d build/stm32f1xx_hal_tim_ex.o
 .ARM.attributes
                0x00000158       0x2d build/stm32f1xx_hal.o
 .ARM.attributes
                0x00000185       0x2d build/stm32f1xx_hal_rcc.o
 .ARM.attributes
                0x000001b2       0x2d build/stm32f1xx_hal_gpio.o
 .ARM.attributes
                0x000001df       0x2d build/stm32f1xx_hal_cortex.o
 .ARM.attributes
                0x0000020c       0x2d build/system_stm32f1xx.o
 .ARM.attributes
                0x00000239       0x2d build/tim.o
 .ARM.attributes
                0x00000266       0x2d build/usart.o
 .ARM.attributes
                0x00000293       0x2d build/stm32f1xx_hal_uart.o
 .ARM.attributes
                0x000002c0       0x21 build/startup_stm32f103xe.o
 .ARM.attributes
                0x000002e1       0x2d d:/gnu arm embedded toolchain10/10 2021.07/bin/../lib/gcc/arm-none-eabi/10.3.1/../../../../arm-none-eabi/lib/thumb/v7-m/nofp\libc.a(lib_a-impure.o)
 .ARM.attributes
                0x0000030e       0x2d d:/gnu arm embedded toolchain10/10 2021.07/bin/../lib/gcc/arm-none-eabi/10.3.1/../../../../arm-none-eabi/lib/thumb/v7-m/nofp\libc.a(lib_a-init.o)
 .ARM.attributes
                0x0000033b       0x2d d:/gnu arm embedded toolchain10/10 2021.07/bin/../lib/gcc/arm-none-eabi/10.3.1/../../../../arm-none-eabi/lib/thumb/v7-m/nofp\libc.a(lib_a-memset.o)
 .ARM.attributes
                0x00000368       0x2d d:/gnu arm embedded toolchain10/10 2021.07/bin/../lib/gcc/arm-none-eabi/10.3.1/../../../../arm-none-eabi/lib/thumb/v7-m/nofp\libc.a(lib_a-strlen-stub.o)
 .ARM.attributes
                0x00000395       0x2d d:/gnu arm embedded toolchain10/10 2021.07/bin/../lib/gcc/arm-none-eabi/10.3.1/../../../../arm-none-eabi/lib/thumb/v7-m/nofp\libc.a(lib_a-vsprintf.o)
 .ARM.attributes
                0x000003c2       0x2d d:/gnu arm embedded toolchain10/10 2021.07/bin/../lib/gcc/arm-none-eabi/10.3.1/../../../../arm-none-eabi/lib/thumb/v7-m/nofp\libc.a(lib_a-__call_atexit.o)
 .ARM.attributes
                0x000003ef       0x2d d:/gnu arm embedded toolchain10/10 2021.07/bin/../lib/gcc/arm-none-eabi/10.3.1/../../../../arm-none-eabi/lib/thumb/v7-m/nofp\libc.a(lib_a-atexit.o)
 .ARM.attributes
                0x0000041c       0x2d d:/gnu arm embedded toolchain10/10 2021.07/bin/../lib/gcc/arm-none-eabi/10.3.1/../../../../arm-none-eabi/lib/thumb/v7-m/nofp\libc.a(lib_a-fini.o)
 .ARM.attributes
                0x00000449       0x2d d:/gnu arm embedded toolchain10/10 2021.07/bin/../lib/gcc/arm-none-eabi/10.3.1/../../../../arm-none-eabi/lib/thumb/v7-m/nofp\libc.a(lib_a-lock.o)
 .ARM.attributes
                0x00000476       0x2d d:/gnu arm embedded toolchain10/10 2021.07/bin/../lib/gcc/arm-none-eabi/10.3.1/../../../../arm-none-eabi/lib/thumb/v7-m/nofp\libc.a(lib_a-svfprintf.o)
 .ARM.attributes
                0x000004a3       0x2d d:/gnu arm embedded toolchain10/10 2021.07/bin/../lib/gcc/arm-none-eabi/10.3.1/../../../../arm-none-eabi/lib/thumb/v7-m/nofp\libc.a(lib_a-__atexit.o)
 .ARM.attributes
                0x000004d0       0x2d d:/gnu arm embedded toolchain10/10 2021.07/bin/../lib/gcc/arm-none-eabi/10.3.1/../../../../arm-none-eabi/lib/thumb/v7-m/nofp\libc.a(lib_a-dtoa.o)
 .ARM.attributes
                0x000004fd       0x2d d:/gnu arm embedded toolchain10/10 2021.07/bin/../lib/gcc/arm-none-eabi/10.3.1/../../../../arm-none-eabi/lib/thumb/v7-m/nofp\libc.a(lib_a-freer.o)
 .ARM.attributes
                0x0000052a       0x2d d:/gnu arm embedded toolchain10/10 2021.07/bin/../lib/gcc/arm-none-eabi/10.3.1/../../../../arm-none-eabi/lib/thumb/v7-m/nofp\libc.a(lib_a-localeconv.o)
 .ARM.attributes
                0x00000557       0x2d d:/gnu arm embedded toolchain10/10 2021.07/bin/../lib/gcc/arm-none-eabi/10.3.1/../../../../arm-none-eabi/lib/thumb/v7-m/nofp\libc.a(lib_a-mallocr.o)
 .ARM.attributes
                0x00000584       0x2d d:/gnu arm embedded toolchain10/10 2021.07/bin/../lib/gcc/arm-none-eabi/10.3.1/../../../../arm-none-eabi/lib/thumb/v7-m/nofp\libc.a(lib_a-memchr-stub.o)
 .ARM.attributes
                0x000005b1       0x1b d:/gnu arm embedded toolchain10/10 2021.07/bin/../lib/gcc/arm-none-eabi/10.3.1/../../../../arm-none-eabi/lib/thumb/v7-m/nofp\libc.a(lib_a-memcpy.o)
 .ARM.attributes
                0x000005cc       0x2d d:/gnu arm embedded toolchain10/10 2021.07/bin/../lib/gcc/arm-none-eabi/10.3.1/../../../../arm-none-eabi/lib/thumb/v7-m/nofp\libc.a(lib_a-mlock.o)
 .ARM.attributes
                0x000005f9       0x2d d:/gnu arm embedded toolchain10/10 2021.07/bin/../lib/gcc/arm-none-eabi/10.3.1/../../../../arm-none-eabi/lib/thumb/v7-m/nofp\libc.a(lib_a-mprec.o)
 .ARM.attributes
                0x00000626       0x2d d:/gnu arm embedded toolchain10/10 2021.07/bin/../lib/gcc/arm-none-eabi/10.3.1/../../../../arm-none-eabi/lib/thumb/v7-m/nofp\libc.a(lib_a-s_frexp.o)
 .ARM.attributes
                0x00000653       0x2d d:/gnu arm embedded toolchain10/10 2021.07/bin/../lib/gcc/arm-none-eabi/10.3.1/../../../../arm-none-eabi/lib/thumb/v7-m/nofp\libc.a(lib_a-sbrkr.o)
 .ARM.attributes
                0x00000680       0x2d d:/gnu arm embedded toolchain10/10 2021.07/bin/../lib/gcc/arm-none-eabi/10.3.1/../../../../arm-none-eabi/lib/thumb/v7-m/nofp\libc.a(lib_a-strncpy.o)
 .ARM.attributes
                0x000006ad       0x2d d:/gnu arm embedded toolchain10/10 2021.07/bin/../lib/gcc/arm-none-eabi/10.3.1/../../../../arm-none-eabi/lib/thumb/v7-m/nofp\libc.a(lib_a-svfiprintf.o)
 .ARM.attributes
                0x000006da       0x2d d:/gnu arm embedded toolchain10/10 2021.07/bin/../lib/gcc/arm-none-eabi/10.3.1/../../../../arm-none-eabi/lib/thumb/v7-m/nofp\libc.a(lib_a-assert.o)
 .ARM.attributes
                0x00000707       0x2d d:/gnu arm embedded toolchain10/10 2021.07/bin/../lib/gcc/arm-none-eabi/10.3.1/../../../../arm-none-eabi/lib/thumb/v7-m/nofp\libc.a(lib_a-callocr.o)
 .ARM.attributes
                0x00000734       0x2d d:/gnu arm embedded toolchain10/10 2021.07/bin/../lib/gcc/arm-none-eabi/10.3.1/../../../../arm-none-eabi/lib/thumb/v7-m/nofp\libc.a(lib_a-errno.o)
 .ARM.attributes
                0x00000761       0x2d d:/gnu arm embedded toolchain10/10 2021.07/bin/../lib/gcc/arm-none-eabi/10.3.1/../../../../arm-none-eabi/lib/thumb/v7-m/nofp\libc.a(lib_a-fiprintf.o)
 .ARM.attributes
                0x0000078e       0x2d d:/gnu arm embedded toolchain10/10 2021.07/bin/../lib/gcc/arm-none-eabi/10.3.1/../../../../arm-none-eabi/lib/thumb/v7-m/nofp\libc.a(lib_a-locale.o)
 .ARM.attributes
                0x000007bb       0x2d d:/gnu arm embedded toolchain10/10 2021.07/bin/../lib/gcc/arm-none-eabi/10.3.1/../../../../arm-none-eabi/lib/thumb/v7-m/nofp\libc.a(lib_a-mbtowc_r.o)
 .ARM.attributes
                0x000007e8       0x2d d:/gnu arm embedded toolchain10/10 2021.07/bin/../lib/gcc/arm-none-eabi/10.3.1/../../../../arm-none-eabi/lib/thumb/v7-m/nofp\libc.a(lib_a-memmove.o)
 .ARM.attributes
                0x00000815       0x2d d:/gnu arm embedded toolchain10/10 2021.07/bin/../lib/gcc/arm-none-eabi/10.3.1/../../../../arm-none-eabi/lib/thumb/v7-m/nofp\libc.a(lib_a-reallocr.o)
 .ARM.attributes
                0x00000842       0x2d d:/gnu arm embedded toolchain10/10 2021.07/bin/../lib/gcc/arm-none-eabi/10.3.1/../../../../arm-none-eabi/lib/thumb/v7-m/nofp\libc.a(lib_a-reent.o)
 .ARM.attributes
                0x0000086f       0x2d d:/gnu arm embedded toolchain10/10 2021.07/bin/../lib/gcc/arm-none-eabi/10.3.1/../../../../arm-none-eabi/lib/thumb/v7-m/nofp\libc.a(lib_a-vfiprintf.o)
 .ARM.attributes
                0x0000089c       0x2d d:/gnu arm embedded toolchain10/10 2021.07/bin/../lib/gcc/arm-none-eabi/10.3.1/../../../../arm-none-eabi/lib/thumb/v7-m/nofp\libc.a(lib_a-wctomb_r.o)
 .ARM.attributes
                0x000008c9       0x2d d:/gnu arm embedded toolchain10/10 2021.07/bin/../lib/gcc/arm-none-eabi/10.3.1/../../../../arm-none-eabi/lib/thumb/v7-m/nofp\libc.a(lib_a-wsetup.o)
 .ARM.attributes
                0x000008f6       0x2d d:/gnu arm embedded toolchain10/10 2021.07/bin/../lib/gcc/arm-none-eabi/10.3.1/../../../../arm-none-eabi/lib/thumb/v7-m/nofp\libc.a(lib_a-abort.o)
 .ARM.attributes
                0x00000923       0x2d d:/gnu arm embedded toolchain10/10 2021.07/bin/../lib/gcc/arm-none-eabi/10.3.1/../../../../arm-none-eabi/lib/thumb/v7-m/nofp\libc.a(lib_a-ctype_.o)
 .ARM.attributes
                0x00000950       0x2d d:/gnu arm embedded toolchain10/10 2021.07/bin/../lib/gcc/arm-none-eabi/10.3.1/../../../../arm-none-eabi/lib/thumb/v7-m/nofp\libc.a(lib_a-fflush.o)
 .ARM.attributes
                0x0000097d       0x2d d:/gnu arm embedded toolchain10/10 2021.07/bin/../lib/gcc/arm-none-eabi/10.3.1/../../../../arm-none-eabi/lib/thumb/v7-m/nofp\libc.a(lib_a-findfp.o)
 .ARM.attributes
                0x000009aa       0x2d d:/gnu arm embedded toolchain10/10 2021.07/bin/../lib/gcc/arm-none-eabi/10.3.1/../../../../arm-none-eabi/lib/thumb/v7-m/nofp\libc.a(lib_a-fputwc.o)
 .ARM.attributes
                0x000009d7       0x2d d:/gnu arm embedded toolchain10/10 2021.07/bin/../lib/gcc/arm-none-eabi/10.3.1/../../../../arm-none-eabi/lib/thumb/v7-m/nofp\libc.a(lib_a-fvwrite.o)
 .ARM.attributes
                0x00000a04       0x2d d:/gnu arm embedded toolchain10/10 2021.07/bin/../lib/gcc/arm-none-eabi/10.3.1/../../../../arm-none-eabi/lib/thumb/v7-m/nofp\libc.a(lib_a-fwalk.o)
 .ARM.attributes
                0x00000a31       0x2d d:/gnu arm embedded toolchain10/10 2021.07/bin/../lib/gcc/arm-none-eabi/10.3.1/../../../../arm-none-eabi/lib/thumb/v7-m/nofp\libc.a(lib_a-makebuf.o)
 .ARM.attributes
                0x00000a5e       0x2d d:/gnu arm embedded toolchain10/10 2021.07/bin/../lib/gcc/arm-none-eabi/10.3.1/../../../../arm-none-eabi/lib/thumb/v7-m/nofp\libc.a(lib_a-signal.o)
 .ARM.attributes
                0x00000a8b       0x2d d:/gnu arm embedded toolchain10/10 2021.07/bin/../lib/gcc/arm-none-eabi/10.3.1/../../../../arm-none-eabi/lib/thumb/v7-m/nofp\libc.a(lib_a-signalr.o)
 .ARM.attributes
                0x00000ab8       0x2d d:/gnu arm embedded toolchain10/10 2021.07/bin/../lib/gcc/arm-none-eabi/10.3.1/../../../../arm-none-eabi/lib/thumb/v7-m/nofp\libc.a(lib_a-stdio.o)
 .ARM.attributes
                0x00000ae5       0x2d d:/gnu arm embedded toolchain10/10 2021.07/bin/../lib/gcc/arm-none-eabi/10.3.1/../../../../arm-none-eabi/lib/thumb/v7-m/nofp\libc.a(lib_a-wbuf.o)
 .ARM.attributes
                0x00000b12       0x2d d:/gnu arm embedded toolchain10/10 2021.07/bin/../lib/gcc/arm-none-eabi/10.3.1/../../../../arm-none-eabi/lib/thumb/v7-m/nofp\libc.a(lib_a-wcrtomb.o)
 .ARM.attributes
                0x00000b3f       0x2d d:/gnu arm embedded toolchain10/10 2021.07/bin/../lib/gcc/arm-none-eabi/10.3.1/../../../../arm-none-eabi/lib/thumb/v7-m/nofp\libc.a(lib_a-writer.o)
 .ARM.attributes
                0x00000b6c       0x2d d:/gnu arm embedded toolchain10/10 2021.07/bin/../lib/gcc/arm-none-eabi/10.3.1/../../../../arm-none-eabi/lib/thumb/v7-m/nofp\libc.a(lib_a-closer.o)
 .ARM.attributes
                0x00000b99       0x2d d:/gnu arm embedded toolchain10/10 2021.07/bin/../lib/gcc/arm-none-eabi/10.3.1/../../../../arm-none-eabi/lib/thumb/v7-m/nofp\libc.a(lib_a-fclose.o)
 .ARM.attributes
                0x00000bc6       0x2d d:/gnu arm embedded toolchain10/10 2021.07/bin/../lib/gcc/arm-none-eabi/10.3.1/../../../../arm-none-eabi/lib/thumb/v7-m/nofp\libc.a(lib_a-fstatr.o)
 .ARM.attributes
                0x00000bf3       0x2d d:/gnu arm embedded toolchain10/10 2021.07/bin/../lib/gcc/arm-none-eabi/10.3.1/../../../../arm-none-eabi/lib/thumb/v7-m/nofp\libc.a(lib_a-isattyr.o)
 .ARM.attributes
                0x00000c20       0x2d d:/gnu arm embedded toolchain10/10 2021.07/bin/../lib/gcc/arm-none-eabi/10.3.1/../../../../arm-none-eabi/lib/thumb/v7-m/nofp\libc.a(lib_a-lseekr.o)
 .ARM.attributes
                0x00000c4d       0x2d d:/gnu arm embedded toolchain10/10 2021.07/bin/../lib/gcc/arm-none-eabi/10.3.1/../../../../arm-none-eabi/lib/thumb/v7-m/nofp\libc.a(lib_a-readr.o)
 .ARM.attributes
                0x00000c7a       0x2d d:/gnu arm embedded toolchain10/10 2021.07/bin/../lib/gcc/arm-none-eabi/10.3.1/../../../../arm-none-eabi/lib/thumb/v7-m/nofp\libnosys.a(close.o)
 .ARM.attributes
                0x00000ca7       0x2d d:/gnu arm embedded toolchain10/10 2021.07/bin/../lib/gcc/arm-none-eabi/10.3.1/../../../../arm-none-eabi/lib/thumb/v7-m/nofp\libnosys.a(fstat.o)
 .ARM.attributes
                0x00000cd4       0x2d d:/gnu arm embedded toolchain10/10 2021.07/bin/../lib/gcc/arm-none-eabi/10.3.1/../../../../arm-none-eabi/lib/thumb/v7-m/nofp\libnosys.a(getpid.o)
 .ARM.attributes
                0x00000d01       0x2d d:/gnu arm embedded toolchain10/10 2021.07/bin/../lib/gcc/arm-none-eabi/10.3.1/../../../../arm-none-eabi/lib/thumb/v7-m/nofp\libnosys.a(isatty.o)
 .ARM.attributes
                0x00000d2e       0x2d d:/gnu arm embedded toolchain10/10 2021.07/bin/../lib/gcc/arm-none-eabi/10.3.1/../../../../arm-none-eabi/lib/thumb/v7-m/nofp\libnosys.a(kill.o)
 .ARM.attributes
                0x00000d5b       0x2d d:/gnu arm embedded toolchain10/10 2021.07/bin/../lib/gcc/arm-none-eabi/10.3.1/../../../../arm-none-eabi/lib/thumb/v7-m/nofp\libnosys.a(lseek.o)
 .ARM.attributes
                0x00000d88       0x2d d:/gnu arm embedded toolchain10/10 2021.07/bin/../lib/gcc/arm-none-eabi/10.3.1/../../../../arm-none-eabi/lib/thumb/v7-m/nofp\libnosys.a(read.o)
 .ARM.attributes
                0x00000db5       0x2d d:/gnu arm embedded toolchain10/10 2021.07/bin/../lib/gcc/arm-none-eabi/10.3.1/../../../../arm-none-eabi/lib/thumb/v7-m/nofp\libnosys.a(sbrk.o)
 .ARM.attributes
                0x00000de2       0x2d d:/gnu arm embedded toolchain10/10 2021.07/bin/../lib/gcc/arm-none-eabi/10.3.1/../../../../arm-none-eabi/lib/thumb/v7-m/nofp\libnosys.a(write.o)
 .ARM.attributes
                0x00000e0f       0x2d d:/gnu arm embedded toolchain10/10 2021.07/bin/../lib/gcc/arm-none-eabi/10.3.1/../../../../arm-none-eabi/lib/thumb/v7-m/nofp\libnosys.a(_exit.o)
 .ARM.attributes
                0x00000e3c       0x1d d:/gnu arm embedded toolchain10/10 2021.07/bin/../lib/gcc/arm-none-eabi/10.3.1/thumb/v7-m/nofp\libgcc.a(_arm_addsubdf3.o)
 .ARM.attributes
                0x00000e59       0x1d d:/gnu arm embedded toolchain10/10 2021.07/bin/../lib/gcc/arm-none-eabi/10.3.1/thumb/v7-m/nofp\libgcc.a(_arm_muldivdf3.o)
 .ARM.attributes
                0x00000e76       0x1d d:/gnu arm embedded toolchain10/10 2021.07/bin/../lib/gcc/arm-none-eabi/10.3.1/thumb/v7-m/nofp\libgcc.a(_arm_cmpdf2.o)
 .ARM.attributes
                0x00000e93       0x1d d:/gnu arm embedded toolchain10/10 2021.07/bin/../lib/gcc/arm-none-eabi/10.3.1/thumb/v7-m/nofp\libgcc.a(_arm_unorddf2.o)
 .ARM.attributes
                0x00000eb0       0x1d d:/gnu arm embedded toolchain10/10 2021.07/bin/../lib/gcc/arm-none-eabi/10.3.1/thumb/v7-m/nofp\libgcc.a(_arm_fixdfsi.o)
 .ARM.attributes
                0x00000ecd       0x1d d:/gnu arm embedded toolchain10/10 2021.07/bin/../lib/gcc/arm-none-eabi/10.3.1/thumb/v7-m/nofp\libgcc.a(_aeabi_uldivmod.o)
 .ARM.attributes
                0x00000eea       0x2d d:/gnu arm embedded toolchain10/10 2021.07/bin/../lib/gcc/arm-none-eabi/10.3.1/thumb/v7-m/nofp\libgcc.a(_udivmoddi4.o)
 .ARM.attributes
                0x00000f17       0x1d d:/gnu arm embedded toolchain10/10 2021.07/bin/../lib/gcc/arm-none-eabi/10.3.1/thumb/v7-m/nofp\libgcc.a(_dvmd_tls.o)
 .ARM.attributes
                0x00000f34       0x1d d:/gnu arm embedded toolchain10/10 2021.07/bin/../lib/gcc/arm-none-eabi/10.3.1/thumb/v7-m/nofp/crtn.o
OUTPUT(build/demo.elf elf32-littlearm)
LOAD linker stubs
LOAD d:/gnu arm embedded toolchain10/10 2021.07/bin/../lib/gcc/arm-none-eabi/10.3.1/../../../../arm-none-eabi/lib/thumb/v7-m/nofp\libc.a
LOAD d:/gnu arm embedded toolchain10/10 2021.07/bin/../lib/gcc/arm-none-eabi/10.3.1/../../../../arm-none-eabi/lib/thumb/v7-m/nofp\libm.a
LOAD d:/gnu arm embedded toolchain10/10 2021.07/bin/../lib/gcc/arm-none-eabi/10.3.1/thumb/v7-m/nofp\libgcc.a

.debug_info     0x00000000     0xe00f
 .debug_info    0x00000000      0xf17 build/main.o
 .debug_info    0x00000f17      0x383 build/gpio.o
 .debug_info    0x0000129a      0x7a9 build/stm32f1xx_it.o
 .debug_info    0x00001a43      0x238 build/stm32f1xx_hal_msp.o
 .debug_info    0x00001c7b     0x3df8 build/stm32f1xx_hal_tim.o
 .debug_info    0x00005a73     0x1b67 build/stm32f1xx_hal_tim_ex.o
 .debug_info    0x000075da      0x8bb build/stm32f1xx_hal.o
 .debug_info    0x00007e95      0xaec build/stm32f1xx_hal_rcc.o
 .debug_info    0x00008981      0x6d7 build/stm32f1xx_hal_gpio.o
 .debug_info    0x00009058      0xe93 build/stm32f1xx_hal_cortex.o
 .debug_info    0x00009eeb      0x26e build/system_stm32f1xx.o
 .debug_info    0x0000a159     0x1678 build/tim.o
 .debug_info    0x0000b7d1      0xa0a build/usart.o
 .debug_info    0x0000c1db     0x1e12 build/stm32f1xx_hal_uart.o
 .debug_info    0x0000dfed       0x22 build/startup_stm32f103xe.o

.debug_abbrev   0x00000000     0x1e18
 .debug_abbrev  0x00000000      0x2df build/main.o
 .debug_abbrev  0x000002df      0x13f build/gpio.o
 .debug_abbrev  0x0000041e      0x17c build/stm32f1xx_it.o
 .debug_abbrev  0x0000059a       0xe7 build/stm32f1xx_hal_msp.o
 .debug_abbrev  0x00000681      0x296 build/stm32f1xx_hal_tim.o
 .debug_abbrev  0x00000917      0x298 build/stm32f1xx_hal_tim_ex.o
 .debug_abbrev  0x00000baf      0x1f7 build/stm32f1xx_hal.o
 .debug_abbrev  0x00000da6      0x29a build/stm32f1xx_hal_rcc.o
 .debug_abbrev  0x00001040      0x222 build/stm32f1xx_hal_gpio.o
 .debug_abbrev  0x00001262      0x359 build/stm32f1xx_hal_cortex.o
 .debug_abbrev  0x000015bb      0x140 build/system_stm32f1xx.o
 .debug_abbrev  0x000016fb      0x232 build/tim.o
 .debug_abbrev  0x0000192d      0x22e build/usart.o
 .debug_abbrev  0x00001b5b      0x2ab build/stm32f1xx_hal_uart.o
 .debug_abbrev  0x00001e06       0x12 build/startup_stm32f103xe.o

.debug_loc      0x00000000     0xb8c7
 .debug_loc     0x00000000      0x1de build/main.o
 .debug_loc     0x000001de       0x38 build/gpio.o
 .debug_loc     0x00000216       0x40 build/stm32f1xx_it.o
 .debug_loc     0x00000256       0x41 build/stm32f1xx_hal_msp.o
 .debug_loc     0x00000297     0x5280 build/stm32f1xx_hal_tim.o
 .debug_loc     0x00005517     0x1f72 build/stm32f1xx_hal_tim_ex.o
 .debug_loc     0x00007489      0x1e1 build/stm32f1xx_hal.o
 .debug_loc     0x0000766a      0x7ee build/stm32f1xx_hal_rcc.o
 .debug_loc     0x00007e58      0x551 build/stm32f1xx_hal_gpio.o
 .debug_loc     0x000083a9      0x77f build/stm32f1xx_hal_cortex.o
 .debug_loc     0x00008b28       0xff build/system_stm32f1xx.o
 .debug_loc     0x00008c27      0x49e build/tim.o
 .debug_loc     0x000090c5      0x187 build/usart.o
 .debug_loc     0x0000924c     0x267b build/stm32f1xx_hal_uart.o

.debug_aranges  0x00000000      0xb70
 .debug_aranges
                0x00000000       0x40 build/main.o
 .debug_aranges
                0x00000040       0x20 build/gpio.o
 .debug_aranges
                0x00000060       0x68 build/stm32f1xx_it.o
 .debug_aranges
                0x000000c8       0x20 build/stm32f1xx_hal_msp.o
 .debug_aranges
                0x000000e8      0x3d0 build/stm32f1xx_hal_tim.o
 .debug_aranges
                0x000004b8      0x168 build/stm32f1xx_hal_tim_ex.o
 .debug_aranges
                0x00000620       0xe0 build/stm32f1xx_hal.o
 .debug_aranges
                0x00000700       0x90 build/stm32f1xx_hal_rcc.o
 .debug_aranges
                0x00000790       0x58 build/stm32f1xx_hal_gpio.o
 .debug_aranges
                0x000007e8       0x90 build/stm32f1xx_hal_cortex.o
 .debug_aranges
                0x00000878       0x28 build/system_stm32f1xx.o
 .debug_aranges
                0x000008a0       0x70 build/tim.o
 .debug_aranges
                0x00000910       0x38 build/usart.o
 .debug_aranges
                0x00000948      0x200 build/stm32f1xx_hal_uart.o
 .debug_aranges
                0x00000b48       0x28 build/startup_stm32f103xe.o

.debug_ranges   0x00000000      0xb08
 .debug_ranges  0x00000000       0x30 build/main.o
 .debug_ranges  0x00000030       0x10 build/gpio.o
 .debug_ranges  0x00000040       0x58 build/stm32f1xx_it.o
 .debug_ranges  0x00000098       0x10 build/stm32f1xx_hal_msp.o
 .debug_ranges  0x000000a8      0x3c0 build/stm32f1xx_hal_tim.o
 .debug_ranges  0x00000468      0x158 build/stm32f1xx_hal_tim_ex.o
 .debug_ranges  0x000005c0       0xd0 build/stm32f1xx_hal.o
 .debug_ranges  0x00000690       0xa0 build/stm32f1xx_hal_rcc.o
 .debug_ranges  0x00000730       0x48 build/stm32f1xx_hal_gpio.o
 .debug_ranges  0x00000778       0xe0 build/stm32f1xx_hal_cortex.o
 .debug_ranges  0x00000858       0x18 build/system_stm32f1xx.o
 .debug_ranges  0x00000870       0x60 build/tim.o
 .debug_ranges  0x000008d0       0x28 build/usart.o
 .debug_ranges  0x000008f8      0x1f0 build/stm32f1xx_hal_uart.o
 .debug_ranges  0x00000ae8       0x20 build/startup_stm32f103xe.o

.debug_line     0x00000000     0xb8d1
 .debug_line    0x00000000      0x40d build/main.o
 .debug_line    0x0000040d      0x1ce build/gpio.o
 .debug_line    0x000005db      0x2bf build/stm32f1xx_it.o
 .debug_line    0x0000089a      0x151 build/stm32f1xx_hal_msp.o
 .debug_line    0x000009eb     0x4711 build/stm32f1xx_hal_tim.o
 .debug_line    0x000050fc     0x1b9a build/stm32f1xx_hal_tim_ex.o
 .debug_line    0x00006c96      0x502 build/stm32f1xx_hal.o
 .debug_line    0x00007198      0xc00 build/stm32f1xx_hal_rcc.o
 .debug_line    0x00007d98      0x5cb build/stm32f1xx_hal_gpio.o
 .debug_line    0x00008363      0x60d build/stm32f1xx_hal_cortex.o
 .debug_line    0x00008970      0x21a build/system_stm32f1xx.o
 .debug_line    0x00008b8a      0x88f build/tim.o
 .debug_line    0x00009419      0x3b4 build/usart.o
 .debug_line    0x000097cd     0x208f build/stm32f1xx_hal_uart.o
 .debug_line    0x0000b85c       0x75 build/startup_stm32f103xe.o

.debug_str      0x00000000     0x3618
 .debug_str     0x00000000      0x91e build/main.o
                                0x9e0 (size before relaxing)
 .debug_str     0x0000091e       0x90 build/gpio.o
                                0x241 (size before relaxing)
 .debug_str     0x000009ae       0xd7 build/stm32f1xx_it.o
                                0x6d7 (size before relaxing)
 .debug_str     0x00000a85       0x57 build/stm32f1xx_hal_msp.o
                                0x1e3 (size before relaxing)
 .debug_str     0x00000adc      0xedc build/stm32f1xx_hal_tim.o
                               0x15fc (size before relaxing)
 .debug_str     0x000019b8      0x591 build/stm32f1xx_hal_tim_ex.o
                                0xdfd (size before relaxing)
 .debug_str     0x00001f49      0x6d7 build/stm32f1xx_hal.o
                                0x8cc (size before relaxing)
 .debug_str     0x00002620      0x1fe build/stm32f1xx_hal_rcc.o
                                0x5ef (size before relaxing)
 .debug_str     0x0000281e      0x127 build/stm32f1xx_hal_gpio.o
                                0x3c4 (size before relaxing)
 .debug_str     0x00002945      0x3c2 build/stm32f1xx_hal_cortex.o
                                0x97b (size before relaxing)
 .debug_str     0x00002d07       0x4f build/system_stm32f1xx.o
                                0x218 (size before relaxing)
 .debug_str     0x00002d56       0x58 build/tim.o
                                0xefb (size before relaxing)
 .debug_str     0x00002dae      0x257 build/usart.o
                                0x6b3 (size before relaxing)
 .debug_str     0x00003005      0x5ef build/stm32f1xx_hal_uart.o
                                0xc52 (size before relaxing)
 .debug_str     0x000035f4       0x24 build/startup_stm32f103xe.o
                                 0x37 (size before relaxing)

.comment        0x00000000       0x49
 .comment       0x00000000       0x49 build/main.o
                                 0x4a (size before relaxing)
 .comment       0x00000049       0x4a build/gpio.o
 .comment       0x00000049       0x4a build/stm32f1xx_it.o
 .comment       0x00000049       0x4a build/stm32f1xx_hal_msp.o
 .comment       0x00000049       0x4a build/stm32f1xx_hal_tim.o
 .comment       0x00000049       0x4a build/stm32f1xx_hal_tim_ex.o
 .comment       0x00000049       0x4a build/stm32f1xx_hal.o
 .comment       0x00000049       0x4a build/stm32f1xx_hal_rcc.o
 .comment       0x00000049       0x4a build/stm32f1xx_hal_gpio.o
 .comment       0x00000049       0x4a build/stm32f1xx_hal_cortex.o
 .comment       0x00000049       0x4a build/system_stm32f1xx.o
 .comment       0x00000049       0x4a build/tim.o
 .comment       0x00000049       0x4a build/usart.o
 .comment       0x00000049       0x4a build/stm32f1xx_hal_uart.o

.debug_frame    0x00000000     0x34ec
 .debug_frame   0x00000000       0xa0 build/main.o
 .debug_frame   0x000000a0       0x38 build/gpio.o
 .debug_frame   0x000000d8       0xc0 build/stm32f1xx_it.o
 .debug_frame   0x00000198       0x28 build/stm32f1xx_hal_msp.o
 .debug_frame   0x000001c0      0xb04 build/stm32f1xx_hal_tim.o
 .debug_frame   0x00000cc4      0x40c build/stm32f1xx_hal_tim_ex.o
 .debug_frame   0x000010d0      0x1cc build/stm32f1xx_hal.o
 .debug_frame   0x0000129c      0x190 build/stm32f1xx_hal_rcc.o
 .debug_frame   0x0000142c       0xe4 build/stm32f1xx_hal_gpio.o
 .debug_frame   0x00001510      0x118 build/stm32f1xx_hal_cortex.o
 .debug_frame   0x00001628       0x30 build/system_stm32f1xx.o
 .debug_frame   0x00001658      0x164 build/tim.o
 .debug_frame   0x000017bc       0x94 build/usart.o
 .debug_frame   0x00001850      0x5c4 build/stm32f1xx_hal_uart.o
 .debug_frame   0x00001e14       0x2c d:/gnu arm embedded toolchain10/10 2021.07/bin/../lib/gcc/arm-none-eabi/10.3.1/../../../../arm-none-eabi/lib/thumb/v7-m/nofp\libc.a(lib_a-init.o)
 .debug_frame   0x00001e40       0x2c d:/gnu arm embedded toolchain10/10 2021.07/bin/../lib/gcc/arm-none-eabi/10.3.1/../../../../arm-none-eabi/lib/thumb/v7-m/nofp\libc.a(lib_a-memset.o)
 .debug_frame   0x00001e6c       0x20 d:/gnu arm embedded toolchain10/10 2021.07/bin/../lib/gcc/arm-none-eabi/10.3.1/../../../../arm-none-eabi/lib/thumb/v7-m/nofp\libc.a(lib_a-strlen-stub.o)
 .debug_frame   0x00001e8c       0x50 d:/gnu arm embedded toolchain10/10 2021.07/bin/../lib/gcc/arm-none-eabi/10.3.1/../../../../arm-none-eabi/lib/thumb/v7-m/nofp\libc.a(lib_a-vsprintf.o)
 .debug_frame   0x00001edc       0x5c d:/gnu arm embedded toolchain10/10 2021.07/bin/../lib/gcc/arm-none-eabi/10.3.1/../../../../arm-none-eabi/lib/thumb/v7-m/nofp\libc.a(lib_a-__call_atexit.o)
 .debug_frame   0x00001f38       0x20 d:/gnu arm embedded toolchain10/10 2021.07/bin/../lib/gcc/arm-none-eabi/10.3.1/../../../../arm-none-eabi/lib/thumb/v7-m/nofp\libc.a(lib_a-atexit.o)
 .debug_frame   0x00001f58       0x34 d:/gnu arm embedded toolchain10/10 2021.07/bin/../lib/gcc/arm-none-eabi/10.3.1/../../../../arm-none-eabi/lib/thumb/v7-m/nofp\libc.a(lib_a-fini.o)
 .debug_frame   0x00001f8c       0xb0 d:/gnu arm embedded toolchain10/10 2021.07/bin/../lib/gcc/arm-none-eabi/10.3.1/../../../../arm-none-eabi/lib/thumb/v7-m/nofp\libc.a(lib_a-lock.o)
 .debug_frame   0x0000203c       0x44 d:/gnu arm embedded toolchain10/10 2021.07/bin/../lib/gcc/arm-none-eabi/10.3.1/../../../../arm-none-eabi/lib/thumb/v7-m/nofp\libc.a(lib_a-svfprintf.o)
 .debug_frame   0x00002080       0x34 d:/gnu arm embedded toolchain10/10 2021.07/bin/../lib/gcc/arm-none-eabi/10.3.1/../../../../arm-none-eabi/lib/thumb/v7-m/nofp\libc.a(lib_a-__atexit.o)
 .debug_frame   0x000020b4       0x8c d:/gnu arm embedded toolchain10/10 2021.07/bin/../lib/gcc/arm-none-eabi/10.3.1/../../../../arm-none-eabi/lib/thumb/v7-m/nofp\libc.a(lib_a-dtoa.o)
 .debug_frame   0x00002140       0x8c d:/gnu arm embedded toolchain10/10 2021.07/bin/../lib/gcc/arm-none-eabi/10.3.1/../../../../arm-none-eabi/lib/thumb/v7-m/nofp\libc.a(lib_a-freer.o)
 .debug_frame   0x000021cc       0x40 d:/gnu arm embedded toolchain10/10 2021.07/bin/../lib/gcc/arm-none-eabi/10.3.1/../../../../arm-none-eabi/lib/thumb/v7-m/nofp\libc.a(lib_a-localeconv.o)
 .debug_frame   0x0000220c       0x4c d:/gnu arm embedded toolchain10/10 2021.07/bin/../lib/gcc/arm-none-eabi/10.3.1/../../../../arm-none-eabi/lib/thumb/v7-m/nofp\libc.a(lib_a-mallocr.o)
 .debug_frame   0x00002258       0x28 d:/gnu arm embedded toolchain10/10 2021.07/bin/../lib/gcc/arm-none-eabi/10.3.1/../../../../arm-none-eabi/lib/thumb/v7-m/nofp\libc.a(lib_a-memchr-stub.o)
 .debug_frame   0x00002280       0x30 d:/gnu arm embedded toolchain10/10 2021.07/bin/../lib/gcc/arm-none-eabi/10.3.1/../../../../arm-none-eabi/lib/thumb/v7-m/nofp\libc.a(lib_a-mlock.o)
 .debug_frame   0x000022b0      0x260 d:/gnu arm embedded toolchain10/10 2021.07/bin/../lib/gcc/arm-none-eabi/10.3.1/../../../../arm-none-eabi/lib/thumb/v7-m/nofp\libc.a(lib_a-mprec.o)
 .debug_frame   0x00002510       0x30 d:/gnu arm embedded toolchain10/10 2021.07/bin/../lib/gcc/arm-none-eabi/10.3.1/../../../../arm-none-eabi/lib/thumb/v7-m/nofp\libc.a(lib_a-s_frexp.o)
 .debug_frame   0x00002540       0x2c d:/gnu arm embedded toolchain10/10 2021.07/bin/../lib/gcc/arm-none-eabi/10.3.1/../../../../arm-none-eabi/lib/thumb/v7-m/nofp\libc.a(lib_a-sbrkr.o)
 .debug_frame   0x0000256c       0x2c d:/gnu arm embedded toolchain10/10 2021.07/bin/../lib/gcc/arm-none-eabi/10.3.1/../../../../arm-none-eabi/lib/thumb/v7-m/nofp\libc.a(lib_a-strncpy.o)
 .debug_frame   0x00002598       0x78 d:/gnu arm embedded toolchain10/10 2021.07/bin/../lib/gcc/arm-none-eabi/10.3.1/../../../../arm-none-eabi/lib/thumb/v7-m/nofp\libc.a(lib_a-svfiprintf.o)
 .debug_frame   0x00002610       0x40 d:/gnu arm embedded toolchain10/10 2021.07/bin/../lib/gcc/arm-none-eabi/10.3.1/../../../../arm-none-eabi/lib/thumb/v7-m/nofp\libc.a(lib_a-assert.o)
 .debug_frame   0x00002650       0x2c d:/gnu arm embedded toolchain10/10 2021.07/bin/../lib/gcc/arm-none-eabi/10.3.1/../../../../arm-none-eabi/lib/thumb/v7-m/nofp\libc.a(lib_a-callocr.o)
 .debug_frame   0x0000267c       0x20 d:/gnu arm embedded toolchain10/10 2021.07/bin/../lib/gcc/arm-none-eabi/10.3.1/../../../../arm-none-eabi/lib/thumb/v7-m/nofp\libc.a(lib_a-errno.o)
 .debug_frame   0x0000269c       0x6c d:/gnu arm embedded toolchain10/10 2021.07/bin/../lib/gcc/arm-none-eabi/10.3.1/../../../../arm-none-eabi/lib/thumb/v7-m/nofp\libc.a(lib_a-fiprintf.o)
 .debug_frame   0x00002708       0x68 d:/gnu arm embedded toolchain10/10 2021.07/bin/../lib/gcc/arm-none-eabi/10.3.1/../../../../arm-none-eabi/lib/thumb/v7-m/nofp\libc.a(lib_a-locale.o)
 .debug_frame   0x00002770       0x4c d:/gnu arm embedded toolchain10/10 2021.07/bin/../lib/gcc/arm-none-eabi/10.3.1/../../../../arm-none-eabi/lib/thumb/v7-m/nofp\libc.a(lib_a-mbtowc_r.o)
 .debug_frame   0x000027bc       0x40 d:/gnu arm embedded toolchain10/10 2021.07/bin/../lib/gcc/arm-none-eabi/10.3.1/../../../../arm-none-eabi/lib/thumb/v7-m/nofp\libc.a(lib_a-memmove.o)
 .debug_frame   0x000027fc       0x48 d:/gnu arm embedded toolchain10/10 2021.07/bin/../lib/gcc/arm-none-eabi/10.3.1/../../../../arm-none-eabi/lib/thumb/v7-m/nofp\libc.a(lib_a-reallocr.o)
 .debug_frame   0x00002844       0x64 d:/gnu arm embedded toolchain10/10 2021.07/bin/../lib/gcc/arm-none-eabi/10.3.1/../../../../arm-none-eabi/lib/thumb/v7-m/nofp\libc.a(lib_a-reent.o)
 .debug_frame   0x000028a8       0xdc d:/gnu arm embedded toolchain10/10 2021.07/bin/../lib/gcc/arm-none-eabi/10.3.1/../../../../arm-none-eabi/lib/thumb/v7-m/nofp\libc.a(lib_a-vfiprintf.o)
 .debug_frame   0x00002984       0x3c d:/gnu arm embedded toolchain10/10 2021.07/bin/../lib/gcc/arm-none-eabi/10.3.1/../../../../arm-none-eabi/lib/thumb/v7-m/nofp\libc.a(lib_a-wctomb_r.o)
 .debug_frame   0x000029c0       0x2c d:/gnu arm embedded toolchain10/10 2021.07/bin/../lib/gcc/arm-none-eabi/10.3.1/../../../../arm-none-eabi/lib/thumb/v7-m/nofp\libc.a(lib_a-wsetup.o)
 .debug_frame   0x000029ec       0x28 d:/gnu arm embedded toolchain10/10 2021.07/bin/../lib/gcc/arm-none-eabi/10.3.1/../../../../arm-none-eabi/lib/thumb/v7-m/nofp\libc.a(lib_a-abort.o)
 .debug_frame   0x00002a14       0x70 d:/gnu arm embedded toolchain10/10 2021.07/bin/../lib/gcc/arm-none-eabi/10.3.1/../../../../arm-none-eabi/lib/thumb/v7-m/nofp\libc.a(lib_a-fflush.o)
 .debug_frame   0x00002a84      0x154 d:/gnu arm embedded toolchain10/10 2021.07/bin/../lib/gcc/arm-none-eabi/10.3.1/../../../../arm-none-eabi/lib/thumb/v7-m/nofp\libc.a(lib_a-findfp.o)
 .debug_frame   0x00002bd8       0x88 d:/gnu arm embedded toolchain10/10 2021.07/bin/../lib/gcc/arm-none-eabi/10.3.1/../../../../arm-none-eabi/lib/thumb/v7-m/nofp\libc.a(lib_a-fputwc.o)
 .debug_frame   0x00002c60       0x64 d:/gnu arm embedded toolchain10/10 2021.07/bin/../lib/gcc/arm-none-eabi/10.3.1/../../../../arm-none-eabi/lib/thumb/v7-m/nofp\libc.a(lib_a-fvwrite.o)
 .debug_frame   0x00002cc4       0x54 d:/gnu arm embedded toolchain10/10 2021.07/bin/../lib/gcc/arm-none-eabi/10.3.1/../../../../arm-none-eabi/lib/thumb/v7-m/nofp\libc.a(lib_a-fwalk.o)
 .debug_frame   0x00002d18       0x70 d:/gnu arm embedded toolchain10/10 2021.07/bin/../lib/gcc/arm-none-eabi/10.3.1/../../../../arm-none-eabi/lib/thumb/v7-m/nofp\libc.a(lib_a-makebuf.o)
 .debug_frame   0x00002d88      0x114 d:/gnu arm embedded toolchain10/10 2021.07/bin/../lib/gcc/arm-none-eabi/10.3.1/../../../../arm-none-eabi/lib/thumb/v7-m/nofp\libc.a(lib_a-signal.o)
 .debug_frame   0x00002e9c       0x3c d:/gnu arm embedded toolchain10/10 2021.07/bin/../lib/gcc/arm-none-eabi/10.3.1/../../../../arm-none-eabi/lib/thumb/v7-m/nofp\libc.a(lib_a-signalr.o)